21:11:26 **** Build of configuration Debug for project lab3-1 ****
make -j3 all 
Building file: ../startup/startup_stm32.s
Building file: ../startup/sysmem.c
Invoking: MCU GCC Assembler
Invoking: MCU GCC Compiler
/Users/samuelyu/Desktop/DesktopFile/MPSL/lab3/lab3-1/Debug
arm-none-eabi-as -mcpu=cortex-m4 -mthumb -mfloat-abi=hard -mfpu=fpv4-sp-d16 -g -o "startup/startup_stm32.o" "../startup/startup_stm32.s"
/Users/samuelyu/Desktop/DesktopFile/MPSL/lab3/lab3-1/Debug
arm-none-eabi-gcc -mcpu=cortex-m4 -mthumb -mfloat-abi=hard -mfpu=fpv4-sp-d16 -DSTM32 -DSTM32L4 -DSTM32L476RGTx -DNUCLEO_L476RG -DDEBUG -O0 -g3 -Wall -fmessage-length=0 -ffunction-sections -c -MMD -MP -MF"startup/sysmem.d" -MT"startup/sysmem.o" -o "startup/sysmem.o" "../startup/sysmem.c"
Building file: ../src/main.s
Invoking: MCU GCC Assembler
/Users/samuelyu/Desktop/DesktopFile/MPSL/lab3/lab3-1/Debug
arm-none-eabi-as -mcpu=cortex-m4 -mthumb -mfloat-abi=hard -mfpu=fpv4-sp-d16 -g -o "src/main.o" "../src/main.s"
Finished building: ../src/main.s
Finished building: ../startup/startup_stm32.s
 
 
Finished building: ../startup/sysmem.c
 
Building target: lab3-1.elf
Invoking: MCU GCC Linker
arm-none-eabi-gcc -mcpu=cortex-m4 -mthumb -mfloat-abi=hard -mfpu=fpv4-sp-d16 -T"/Users/samuelyu/Desktop/DesktopFile/MPSL/lab3/lab3-1/LinkerScript.ld" -Wl,-Map=output.map -Wl,--gc-sections -o "lab3-1.elf" @"objects.list"   -lm
src/main.o: In function `L1':
/Users/samuelyu/Desktop/DesktopFile/MPSL/lab3/lab3-1/Debug/../src/main.s:35: undefined reference to `L'
collect2: error: ld returned 1 exit status
make: *** [lab3-1.elf] Error 1
21:11:35 **** Incremental Build of configuration Debug for project lab3-1 ****
make -j3 all 
Building file: ../src/main.s
Invoking: MCU GCC Assembler
/Users/samuelyu/Desktop/DesktopFile/MPSL/lab3/lab3-1/Debug
arm-none-eabi-as -mcpu=cortex-m4 -mthumb -mfloat-abi=hard -mfpu=fpv4-sp-d16 -g -o "src/main.o" "../src/main.s"
Finished building: ../src/main.s
 
Building target: lab3-1.elf
Invoking: MCU GCC Linker
arm-none-eabi-gcc -mcpu=cortex-m4 -mthumb -mfloat-abi=hard -mfpu=fpv4-sp-d16 -T"/Users/samuelyu/Desktop/DesktopFile/MPSL/lab3/lab3-1/LinkerScript.ld" -Wl,-Map=output.map -Wl,--gc-sections -o "lab3-1.elf" @"objects.list"   -lm
Finished building target: lab3-1.elf
 
/Library/Developer/CommandLineTools/usr/bin/make --no-print-directory post-build
Generating binary and Printing size information:
arm-none-eabi-objcopy -O binary "lab3-1.elf" "lab3-1.bin"
arm-none-eabi-size "lab3-1.elf"
   text	   data	    bss	    dec	    hex	filename
    984	   1088	   1088	   3160	    c58	lab3-1.elf
 
21:12:19 **** Incremental Build of configuration Debug for project lab3-1 ****
make -j3 all 
make: Nothing to be done for `all'.
21:14:19 **** Incremental Build of configuration Debug for project lab3-1 ****
make -j3 all 
make: Nothing to be done for `all'.
21:18:27 **** Incremental Build of configuration Debug for project lab3-1 ****
make -j3 all 
Building file: ../src/main.s
Invoking: MCU GCC Assembler
/Users/samuelyu/Desktop/DesktopFile/MPSL/lab3/lab3-1/Debug
arm-none-eabi-as -mcpu=cortex-m4 -mthumb -mfloat-abi=hard -mfpu=fpv4-sp-d16 -g -o "src/main.o" "../src/main.s"
Finished building: ../src/main.s
 
Building target: lab3-1.elf
Invoking: MCU GCC Linker
arm-none-eabi-gcc -mcpu=cortex-m4 -mthumb -mfloat-abi=hard -mfpu=fpv4-sp-d16 -T"/Users/samuelyu/Desktop/DesktopFile/MPSL/lab3/lab3-1/LinkerScript.ld" -Wl,-Map=output.map -Wl,--gc-sections -o "lab3-1.elf" @"objects.list"   -lm
Finished building target: lab3-1.elf
 
/Library/Developer/CommandLineTools/usr/bin/make --no-print-directory post-build
Generating binary and Printing size information:
arm-none-eabi-objcopy -O binary "lab3-1.elf" "lab3-1.bin"
arm-none-eabi-size "lab3-1.elf"
   text	   data	    bss	    dec	    hex	filename
    984	   1088	   1088	   3160	    c58	lab3-1.elf
 
21:18:30 **** Incremental Build of configuration Debug for project lab3-1 ****
make -j3 all 
make: Nothing to be done for `all'.
21:18:35 **** Incremental Build of configuration Debug for project lab3-1 ****
make -j3 all 
make: Nothing to be done for `all'.
21:19:23 **** Incremental Build of configuration Debug for project lab3-1 ****
make -j3 all 
make: Nothing to be done for `all'.
21:35:16 **** Incremental Build of configuration Debug for project lab3-1 ****
make -j3 all 
make: Nothing to be done for `all'.
21:35:17 **** Incremental Build of configuration Debug for project lab3-1 ****
make -j3 all 
make: Nothing to be done for `all'.
21:37:58 **** Incremental Build of configuration Debug for project lab3-1 ****
make -j3 all 
make: Nothing to be done for `all'.
21:53:40 **** Incremental Build of configuration Debug for project lab3-1 ****
make -j3 all 
Building file: ../src/main.s
Invoking: MCU GCC Assembler
/Users/samuelyu/Desktop/DesktopFile/MPSL/lab3/lab3-1/Debug
arm-none-eabi-as -mcpu=cortex-m4 -mthumb -mfloat-abi=hard -mfpu=fpv4-sp-d16 -g -o "src/main.o" "../src/main.s"
Finished building: ../src/main.s
 
Building target: lab3-1.elf
Invoking: MCU GCC Linker
arm-none-eabi-gcc -mcpu=cortex-m4 -mthumb -mfloat-abi=hard -mfpu=fpv4-sp-d16 -T"/Users/samuelyu/Desktop/DesktopFile/MPSL/lab3/lab3-1/LinkerScript.ld" -Wl,-Map=output.map -Wl,--gc-sections -o "lab3-1.elf" @"objects.list"   -lm
Finished building target: lab3-1.elf
 
/Library/Developer/CommandLineTools/usr/bin/make --no-print-directory post-build
Generating binary and Printing size information:
arm-none-eabi-objcopy -O binary "lab3-1.elf" "lab3-1.bin"
arm-none-eabi-size "lab3-1.elf"
   text	   data	    bss	    dec	    hex	filename
    984	   1088	   1088	   3160	    c58	lab3-1.elf
 
21:53:44 **** Incremental Build of configuration Debug for project lab3-1 ****
make -j3 all 
make: Nothing to be done for `all'.
21:53:45 **** Incremental Build of configuration Debug for project lab3-1 ****
make -j3 all 
make: Nothing to be done for `all'.
21:53:49 **** Incremental Build of configuration Debug for project lab3-1 ****
make -j3 all 
make: Nothing to be done for `all'.
21:53:52 **** Incremental Build of configuration Debug for project lab3-1 ****
make -j3 all 
make: Nothing to be done for `all'.
21:54:22 **** Incremental Build of configuration Debug for project lab3-1 ****
make -j3 all 
Building file: ../src/main.s
Invoking: MCU GCC Assembler
/Users/samuelyu/Desktop/DesktopFile/MPSL/lab3/lab3-1/Debug
arm-none-eabi-as -mcpu=cortex-m4 -mthumb -mfloat-abi=hard -mfpu=fpv4-sp-d16 -g -o "src/main.o" "../src/main.s"
Finished building: ../src/main.s
 
Building target: lab3-1.elf
Invoking: MCU GCC Linker
arm-none-eabi-gcc -mcpu=cortex-m4 -mthumb -mfloat-abi=hard -mfpu=fpv4-sp-d16 -T"/Users/samuelyu/Desktop/DesktopFile/MPSL/lab3/lab3-1/LinkerScript.ld" -Wl,-Map=output.map -Wl,--gc-sections -o "lab3-1.elf" @"objects.list"   -lm
Finished building target: lab3-1.elf
 
/Library/Developer/CommandLineTools/usr/bin/make --no-print-directory post-build
Generating binary and Printing size information:
arm-none-eabi-objcopy -O binary "lab3-1.elf" "lab3-1.bin"
arm-none-eabi-size "lab3-1.elf"
   text	   data	    bss	    dec	    hex	filename
    984	   1088	   1088	   3160	    c58	lab3-1.elf
 
21:54:24 **** Incremental Build of configuration Debug for project lab3-1 ****
make -j3 all 
make: Nothing to be done for `all'.
21:54:56 **** Incremental Build of configuration Debug for project lab3-1 ****
make -j3 all 
Building file: ../src/main.s
Invoking: MCU GCC Assembler
/Users/samuelyu/Desktop/DesktopFile/MPSL/lab3/lab3-1/Debug
arm-none-eabi-as -mcpu=cortex-m4 -mthumb -mfloat-abi=hard -mfpu=fpv4-sp-d16 -g -o "src/main.o" "../src/main.s"
Finished building: ../src/main.s
 
Building target: lab3-1.elf
Invoking: MCU GCC Linker
arm-none-eabi-gcc -mcpu=cortex-m4 -mthumb -mfloat-abi=hard -mfpu=fpv4-sp-d16 -T"/Users/samuelyu/Desktop/DesktopFile/MPSL/lab3/lab3-1/LinkerScript.ld" -Wl,-Map=output.map -Wl,--gc-sections -o "lab3-1.elf" @"objects.list"   -lm
Finished building target: lab3-1.elf
 
/Library/Developer/CommandLineTools/usr/bin/make --no-print-directory post-build
Generating binary and Printing size information:
arm-none-eabi-objcopy -O binary "lab3-1.elf" "lab3-1.bin"
arm-none-eabi-size "lab3-1.elf"
   text	   data	    bss	    dec	    hex	filename
    984	   1088	   1088	   3160	    c58	lab3-1.elf
 
21:54:58 **** Incremental Build of configuration Debug for project lab3-1 ****
make -j3 all 
make: Nothing to be done for `all'.
21:55:29 **** Incremental Build of configuration Debug for project lab3-1 ****
make -j3 all 
Building file: ../src/main.s
Invoking: MCU GCC Assembler
/Users/samuelyu/Desktop/DesktopFile/MPSL/lab3/lab3-1/Debug
arm-none-eabi-as -mcpu=cortex-m4 -mthumb -mfloat-abi=hard -mfpu=fpv4-sp-d16 -g -o "src/main.o" "../src/main.s"
Finished building: ../src/main.s
 
Building target: lab3-1.elf
Invoking: MCU GCC Linker
arm-none-eabi-gcc -mcpu=cortex-m4 -mthumb -mfloat-abi=hard -mfpu=fpv4-sp-d16 -T"/Users/samuelyu/Desktop/DesktopFile/MPSL/lab3/lab3-1/LinkerScript.ld" -Wl,-Map=output.map -Wl,--gc-sections -o "lab3-1.elf" @"objects.list"   -lm
Finished building target: lab3-1.elf
 
/Library/Developer/CommandLineTools/usr/bin/make --no-print-directory post-build
Generating binary and Printing size information:
arm-none-eabi-objcopy -O binary "lab3-1.elf" "lab3-1.bin"
arm-none-eabi-size "lab3-1.elf"
   text	   data	    bss	    dec	    hex	filename
    984	   1088	   1088	   3160	    c58	lab3-1.elf
 
21:55:31 **** Incremental Build of configuration Debug for project lab3-1 ****
make -j3 all 
make: Nothing to be done for `all'.
21:59:42 **** Incremental Build of configuration Debug for project lab3-1 ****
make -j3 all 
make: Nothing to be done for `all'.
22:09:52 **** Incremental Build of configuration Debug for project lab3-1 ****
make -j3 all 
Building file: ../src/main.s
Invoking: MCU GCC Assembler
/Users/samuelyu/Desktop/DesktopFile/MPSL/lab3/lab3-1/Debug
arm-none-eabi-as -mcpu=cortex-m4 -mthumb -mfloat-abi=hard -mfpu=fpv4-sp-d16 -g -o "src/main.o" "../src/main.s"
Finished building: ../src/main.s
 
Building target: lab3-1.elf
Invoking: MCU GCC Linker
arm-none-eabi-gcc -mcpu=cortex-m4 -mthumb -mfloat-abi=hard -mfpu=fpv4-sp-d16 -T"/Users/samuelyu/Desktop/DesktopFile/MPSL/lab3/lab3-1/LinkerScript.ld" -Wl,-Map=output.map -Wl,--gc-sections -o "lab3-1.elf" @"objects.list"   -lm
Finished building target: lab3-1.elf
 
/Library/Developer/CommandLineTools/usr/bin/make --no-print-directory post-build
Generating binary and Printing size information:
arm-none-eabi-objcopy -O binary "lab3-1.elf" "lab3-1.bin"
arm-none-eabi-size "lab3-1.elf"
   text	   data	    bss	    dec	    hex	filename
    984	   1088	   1088	   3160	    c58	lab3-1.elf
 
22:09:57 **** Incremental Build of configuration Debug for project lab3-1 ****
make -j3 all 
make: Nothing to be done for `all'.
22:09:58 **** Incremental Build of configuration Debug for project lab3-1 ****
make -j3 all 
make: Nothing to be done for `all'.
22:10:49 **** Incremental Build of configuration Debug for project lab3-1 ****
make -j3 all 
Building file: ../src/main.s
Invoking: MCU GCC Assembler
/Users/samuelyu/Desktop/DesktopFile/MPSL/lab3/lab3-1/Debug
arm-none-eabi-as -mcpu=cortex-m4 -mthumb -mfloat-abi=hard -mfpu=fpv4-sp-d16 -g -o "src/main.o" "../src/main.s"
Finished building: ../src/main.s
 
Building target: lab3-1.elf
Invoking: MCU GCC Linker
arm-none-eabi-gcc -mcpu=cortex-m4 -mthumb -mfloat-abi=hard -mfpu=fpv4-sp-d16 -T"/Users/samuelyu/Desktop/DesktopFile/MPSL/lab3/lab3-1/LinkerScript.ld" -Wl,-Map=output.map -Wl,--gc-sections -o "lab3-1.elf" @"objects.list"   -lm
Finished building target: lab3-1.elf
 
/Library/Developer/CommandLineTools/usr/bin/make --no-print-directory post-build
Generating binary and Printing size information:
arm-none-eabi-objcopy -O binary "lab3-1.elf" "lab3-1.bin"
arm-none-eabi-size "lab3-1.elf"
   text	   data	    bss	    dec	    hex	filename
    984	   1088	   1088	   3160	    c58	lab3-1.elf
 
22:10:52 **** Incremental Build of configuration Debug for project lab3-1 ****
make -j3 all 
make: Nothing to be done for `all'.
22:19:06 **** Incremental Build of configuration Debug for project lab3-1 ****
make -j3 all 
make: Nothing to be done for `all'.
22:19:07 **** Incremental Build of configuration Debug for project lab3-1 ****
make -j3 all 
make: Nothing to be done for `all'.
22:35:27 **** Incremental Build of configuration Debug for project lab3-1 ****
make -j3 all 
Building file: ../src/main.s
Invoking: MCU GCC Assembler
/Users/samuelyu/Desktop/DesktopFile/MPSL/lab3/lab3-1/Debug
arm-none-eabi-as -mcpu=cortex-m4 -mthumb -mfloat-abi=hard -mfpu=fpv4-sp-d16 -g -o "src/main.o" "../src/main.s"
Finished building: ../src/main.s
 
Building target: lab3-1.elf
Invoking: MCU GCC Linker
arm-none-eabi-gcc -mcpu=cortex-m4 -mthumb -mfloat-abi=hard -mfpu=fpv4-sp-d16 -T"/Users/samuelyu/Desktop/DesktopFile/MPSL/lab3/lab3-1/LinkerScript.ld" -Wl,-Map=output.map -Wl,--gc-sections -o "lab3-1.elf" @"objects.list"   -lm
Finished building target: lab3-1.elf
 
/Library/Developer/CommandLineTools/usr/bin/make --no-print-directory post-build
Generating binary and Printing size information:
arm-none-eabi-objcopy -O binary "lab3-1.elf" "lab3-1.bin"
arm-none-eabi-size "lab3-1.elf"
   text	   data	    bss	    dec	    hex	filename
    992	   1088	   1088	   3168	    c60	lab3-1.elf
 
22:35:29 **** Incremental Build of configuration Debug for project lab3-1 ****
make -j3 all 
make: Nothing to be done for `all'.
22:37:19 **** Incremental Build of configuration Debug for project lab3-1 ****
make -j3 all 
Building file: ../src/main.s
Invoking: MCU GCC Assembler
/Users/samuelyu/Desktop/DesktopFile/MPSL/lab3/lab3-1/Debug
arm-none-eabi-as -mcpu=cortex-m4 -mthumb -mfloat-abi=hard -mfpu=fpv4-sp-d16 -g -o "src/main.o" "../src/main.s"
Finished building: ../src/main.s
 
Building target: lab3-1.elf
Invoking: MCU GCC Linker
arm-none-eabi-gcc -mcpu=cortex-m4 -mthumb -mfloat-abi=hard -mfpu=fpv4-sp-d16 -T"/Users/samuelyu/Desktop/DesktopFile/MPSL/lab3/lab3-1/LinkerScript.ld" -Wl,-Map=output.map -Wl,--gc-sections -o "lab3-1.elf" @"objects.list"   -lm
Finished building target: lab3-1.elf
 
/Library/Developer/CommandLineTools/usr/bin/make --no-print-directory post-build
Generating binary and Printing size information:
arm-none-eabi-objcopy -O binary "lab3-1.elf" "lab3-1.bin"
arm-none-eabi-size "lab3-1.elf"
   text	   data	    bss	    dec	    hex	filename
   1000	   1088	   1088	   3176	    c68	lab3-1.elf
 
22:37:21 **** Incremental Build of configuration Debug for project lab3-1 ****
make -j3 all 
make: Nothing to be done for `all'.
22:37:34 **** Incremental Build of configuration Debug for project lab3-1 ****
make -j3 all 
make: Nothing to be done for `all'.
22:37:51 **** Incremental Build of configuration Debug for project lab3-1 ****
make -j3 all 
Building file: ../src/main.s
Invoking: MCU GCC Assembler
/Users/samuelyu/Desktop/DesktopFile/MPSL/lab3/lab3-1/Debug
arm-none-eabi-as -mcpu=cortex-m4 -mthumb -mfloat-abi=hard -mfpu=fpv4-sp-d16 -g -o "src/main.o" "../src/main.s"
Finished building: ../src/main.s
 
Building target: lab3-1.elf
Invoking: MCU GCC Linker
arm-none-eabi-gcc -mcpu=cortex-m4 -mthumb -mfloat-abi=hard -mfpu=fpv4-sp-d16 -T"/Users/samuelyu/Desktop/DesktopFile/MPSL/lab3/lab3-1/LinkerScript.ld" -Wl,-Map=output.map -Wl,--gc-sections -o "lab3-1.elf" @"objects.list"   -lm
Finished building target: lab3-1.elf
 
/Library/Developer/CommandLineTools/usr/bin/make --no-print-directory post-build
Generating binary and Printing size information:
arm-none-eabi-objcopy -O binary "lab3-1.elf" "lab3-1.bin"
arm-none-eabi-size "lab3-1.elf"
   text	   data	    bss	    dec	    hex	filename
   1000	   1088	   1088	   3176	    c68	lab3-1.elf
 
22:37:53 **** Incremental Build of configuration Debug for project lab3-1 ****
make -j3 all 
make: Nothing to be done for `all'.
22:39:02 **** Incremental Build of configuration Debug for project lab3-1 ****
make -j3 all 
Building file: ../src/main.s
Invoking: MCU GCC Assembler
/Users/samuelyu/Desktop/DesktopFile/MPSL/lab3/lab3-1/Debug
arm-none-eabi-as -mcpu=cortex-m4 -mthumb -mfloat-abi=hard -mfpu=fpv4-sp-d16 -g -o "src/main.o" "../src/main.s"
Finished building: ../src/main.s
 
Building target: lab3-1.elf
Invoking: MCU GCC Linker
arm-none-eabi-gcc -mcpu=cortex-m4 -mthumb -mfloat-abi=hard -mfpu=fpv4-sp-d16 -T"/Users/samuelyu/Desktop/DesktopFile/MPSL/lab3/lab3-1/LinkerScript.ld" -Wl,-Map=output.map -Wl,--gc-sections -o "lab3-1.elf" @"objects.list"   -lm
Finished building target: lab3-1.elf
 
/Library/Developer/CommandLineTools/usr/bin/make --no-print-directory post-build
Generating binary and Printing size information:
arm-none-eabi-objcopy -O binary "lab3-1.elf" "lab3-1.bin"
arm-none-eabi-size "lab3-1.elf"
   text	   data	    bss	    dec	    hex	filename
   1000	   1088	   1088	   3176	    c68	lab3-1.elf
 
22:39:06 **** Incremental Build of configuration Debug for project lab3-1 ****
make -j3 all 
make: Nothing to be done for `all'.
22:40:56 **** Incremental Build of configuration Debug for project lab3-1 ****
make -j3 all 
Building file: ../src/main.s
Invoking: MCU GCC Assembler
/Users/samuelyu/Desktop/DesktopFile/MPSL/lab3/lab3-1/Debug
arm-none-eabi-as -mcpu=cortex-m4 -mthumb -mfloat-abi=hard -mfpu=fpv4-sp-d16 -g -o "src/main.o" "../src/main.s"
Finished building: ../src/main.s
 
Building target: lab3-1.elf
Invoking: MCU GCC Linker
arm-none-eabi-gcc -mcpu=cortex-m4 -mthumb -mfloat-abi=hard -mfpu=fpv4-sp-d16 -T"/Users/samuelyu/Desktop/DesktopFile/MPSL/lab3/lab3-1/LinkerScript.ld" -Wl,-Map=output.map -Wl,--gc-sections -o "lab3-1.elf" @"objects.list"   -lm
Finished building target: lab3-1.elf
 
/Library/Developer/CommandLineTools/usr/bin/make --no-print-directory post-build
Generating binary and Printing size information:
arm-none-eabi-objcopy -O binary "lab3-1.elf" "lab3-1.bin"
arm-none-eabi-size "lab3-1.elf"
   text	   data	    bss	    dec	    hex	filename
    992	   1088	   1088	   3168	    c60	lab3-1.elf
 
22:41:00 **** Incremental Build of configuration Debug for project lab3-1 ****
make -j3 all 
make: Nothing to be done for `all'.
22:41:01 **** Incremental Build of configuration Debug for project lab3-1 ****
make -j3 all 
make: Nothing to be done for `all'.
22:41:08 **** Incremental Build of configuration Debug for project lab3-1 ****
make -j3 all 
make: Nothing to be done for `all'.
22:47:46 **** Incremental Build of configuration Debug for project lab3-1 ****
make -j3 all 
make: Nothing to be done for `all'.
22:47:52 **** Incremental Build of configuration Debug for project lab3-1 ****
make -j3 all 
make: Nothing to be done for `all'.
22:50:33 **** Incremental Build of configuration Debug for project lab3-1 ****
make -j3 all 
Building file: ../src/main.s
Invoking: MCU GCC Assembler
/Users/samuelyu/Desktop/DesktopFile/MPSL/lab3/lab3-1/Debug
arm-none-eabi-as -mcpu=cortex-m4 -mthumb -mfloat-abi=hard -mfpu=fpv4-sp-d16 -g -o "src/main.o" "../src/main.s"
../src/main.s: Assembler messages:
../src/main.s:27: Error: invalid constant (ffffffffffffc0cf) after fixup
../src/main.s:23: Error: invalid constant (1510) after fixup
../src/main.s:35: Error: invalid constant (2a20) after fixup
make: *** [src/main.o] Error 1
22:50:37 **** Incremental Build of configuration Debug for project lab3-1 ****
make -j3 all 
Building file: ../src/main.s
../src/main.s: Assembler messages:
../src/main.s:27: Error: invalid constant (ffffffffffffc0cf) after fixup
Invoking: MCU GCC Assembler
/Users/samuelyu/Desktop/DesktopFile/MPSL/lab3/lab3-1/Debug
arm-none-eabi-as -mcpu=cortex-m4 -mthumb -mfloat-abi=hard -mfpu=fpv4-sp-d16 -g -o "src/main.o" "../src/main.s"
../src/main.s:23: Error: invalid constant (1510) after fixup
../src/main.s:35: Error: invalid constant (2a20) after fixup
make: *** [src/main.o] Error 1
22:51:38 **** Incremental Build of configuration Debug for project lab3-1 ****
make -j3 all 
Building file: ../src/main.s
Invoking: MCU GCC Assembler
/Users/samuelyu/Desktop/DesktopFile/MPSL/lab3/lab3-1/Debug
arm-none-eabi-as -mcpu=cortex-m4 -mthumb -mfloat-abi=hard -mfpu=fpv4-sp-d16 -g -o "src/main.o" "../src/main.s"
../src/main.s: Assembler messages:
../src/main.s:28: Error: invalid constant (ffffffffffffc0cf) after fixup
../src/main.s:36: Error: invalid constant (2a20) after fixup
make: *** [src/main.o] Error 1
22:53:15 **** Incremental Build of configuration Debug for project lab3-1 ****
make -j3 all 
Building file: ../src/main.s
Invoking: MCU GCC Assembler
/Users/samuelyu/Desktop/DesktopFile/MPSL/lab3/lab3-1/Debug
arm-none-eabi-as -mcpu=cortex-m4 -mthumb -mfloat-abi=hard -mfpu=fpv4-sp-d16 -g -o "src/main.o" "../src/main.s"
Finished building: ../src/main.s
 
Building target: lab3-1.elf
Invoking: MCU GCC Linker
arm-none-eabi-gcc -mcpu=cortex-m4 -mthumb -mfloat-abi=hard -mfpu=fpv4-sp-d16 -T"/Users/samuelyu/Desktop/DesktopFile/MPSL/lab3/lab3-1/LinkerScript.ld" -Wl,-Map=output.map -Wl,--gc-sections -o "lab3-1.elf" @"objects.list"   -lm
Finished building target: lab3-1.elf
 
/Library/Developer/CommandLineTools/usr/bin/make --no-print-directory post-build
Generating binary and Printing size information:
arm-none-eabi-objcopy -O binary "lab3-1.elf" "lab3-1.bin"
arm-none-eabi-size "lab3-1.elf"
   text	   data	    bss	    dec	    hex	filename
   1000	   1088	   1088	   3176	    c68	lab3-1.elf
 
22:53:19 **** Incremental Build of configuration Debug for project lab3-1 ****
make -j3 all 
make: Nothing to be done for `all'.
22:53:52 **** Incremental Build of configuration Debug for project lab3-1 ****
make -j3 all 
Building file: ../src/main.s
Invoking: MCU GCC Assembler
/Users/samuelyu/Desktop/DesktopFile/MPSL/lab3/lab3-1/Debug
arm-none-eabi-as -mcpu=cortex-m4 -mthumb -mfloat-abi=hard -mfpu=fpv4-sp-d16 -g -o "src/main.o" "../src/main.s"
Finished building: ../src/main.s
 
Building target: lab3-1.elf
Invoking: MCU GCC Linker
arm-none-eabi-gcc -mcpu=cortex-m4 -mthumb -mfloat-abi=hard -mfpu=fpv4-sp-d16 -T"/Users/samuelyu/Desktop/DesktopFile/MPSL/lab3/lab3-1/LinkerScript.ld" -Wl,-Map=output.map -Wl,--gc-sections -o "lab3-1.elf" @"objects.list"   -lm
Finished building target: lab3-1.elf
 
/Library/Developer/CommandLineTools/usr/bin/make --no-print-directory post-build
Generating binary and Printing size information:
arm-none-eabi-objcopy -O binary "lab3-1.elf" "lab3-1.bin"
arm-none-eabi-size "lab3-1.elf"
   text	   data	    bss	    dec	    hex	filename
   1000	   1088	   1088	   3176	    c68	lab3-1.elf
 
22:53:56 **** Incremental Build of configuration Debug for project lab3-1 ****
make -j3 all 
make: Nothing to be done for `all'.
22:59:13 **** Incremental Build of configuration Debug for project lab3-1 ****
make -j3 all 
Building file: ../src/main.s
Invoking: MCU GCC Assembler
/Users/samuelyu/Desktop/DesktopFile/MPSL/lab3/lab3-1/Debug
arm-none-eabi-as -mcpu=cortex-m4 -mthumb -mfloat-abi=hard -mfpu=fpv4-sp-d16 -g -o "src/main.o" "../src/main.s"
Finished building: ../src/main.s
 
Building target: lab3-1.elf
Invoking: MCU GCC Linker
arm-none-eabi-gcc -mcpu=cortex-m4 -mthumb -mfloat-abi=hard -mfpu=fpv4-sp-d16 -T"/Users/samuelyu/Desktop/DesktopFile/MPSL/lab3/lab3-1/LinkerScript.ld" -Wl,-Map=output.map -Wl,--gc-sections -o "lab3-1.elf" @"objects.list"   -lm
Finished building target: lab3-1.elf
 
/Library/Developer/CommandLineTools/usr/bin/make --no-print-directory post-build
Generating binary and Printing size information:
arm-none-eabi-objcopy -O binary "lab3-1.elf" "lab3-1.bin"
arm-none-eabi-size "lab3-1.elf"
   text	   data	    bss	    dec	    hex	filename
   1000	   1088	   1088	   3176	    c68	lab3-1.elf
 
22:59:16 **** Incremental Build of configuration Debug for project lab3-1 ****
make -j3 all 
make: Nothing to be done for `all'.
23:00:02 **** Incremental Build of configuration Debug for project lab3-1 ****
make -j3 all 
Building file: ../src/main.s
Invoking: MCU GCC Assembler
/Users/samuelyu/Desktop/DesktopFile/MPSL/lab3/lab3-1/Debug
arm-none-eabi-as -mcpu=cortex-m4 -mthumb -mfloat-abi=hard -mfpu=fpv4-sp-d16 -g -o "src/main.o" "../src/main.s"
Finished building: ../src/main.s
 
Building target: lab3-1.elf
Invoking: MCU GCC Linker
arm-none-eabi-gcc -mcpu=cortex-m4 -mthumb -mfloat-abi=hard -mfpu=fpv4-sp-d16 -T"/Users/samuelyu/Desktop/DesktopFile/MPSL/lab3/lab3-1/LinkerScript.ld" -Wl,-Map=output.map -Wl,--gc-sections -o "lab3-1.elf" @"objects.list"   -lm
Finished building target: lab3-1.elf
 
/Library/Developer/CommandLineTools/usr/bin/make --no-print-directory post-build
Generating binary and Printing size information:
arm-none-eabi-objcopy -O binary "lab3-1.elf" "lab3-1.bin"
arm-none-eabi-size "lab3-1.elf"
   text	   data	    bss	    dec	    hex	filename
   1000	   1088	   1088	   3176	    c68	lab3-1.elf
 
23:00:09 **** Incremental Build of configuration Debug for project lab3-1 ****
make -j3 all 
make: Nothing to be done for `all'.
23:32:17 **** Incremental Build of configuration Debug for project lab3-1 ****
make -j3 all 
Building file: ../src/main.s
Invoking: MCU GCC Assembler
/Users/samuelyu/Desktop/DesktopFile/MPSL/lab3/lab3-1/Debug
arm-none-eabi-as -mcpu=cortex-m4 -mthumb -mfloat-abi=hard -mfpu=fpv4-sp-d16 -g -o "src/main.o" "../src/main.s"
Finished building: ../src/main.s
 
Building target: lab3-1.elf
Invoking: MCU GCC Linker
arm-none-eabi-gcc -mcpu=cortex-m4 -mthumb -mfloat-abi=hard -mfpu=fpv4-sp-d16 -T"/Users/samuelyu/Desktop/DesktopFile/MPSL/lab3/lab3-1/LinkerScript.ld" -Wl,-Map=output.map -Wl,--gc-sections -o "lab3-1.elf" @"objects.list"   -lm
Finished building target: lab3-1.elf
 
/Library/Developer/CommandLineTools/usr/bin/make --no-print-directory post-build
Generating binary and Printing size information:
arm-none-eabi-objcopy -O binary "lab3-1.elf" "lab3-1.bin"
arm-none-eabi-size "lab3-1.elf"
   text	   data	    bss	    dec	    hex	filename
   1064	   1096	   1088	   3248	    cb0	lab3-1.elf
 
23:32:22 **** Incremental Build of configuration Debug for project lab3-1 ****
make -j3 all 
make: Nothing to be done for `all'.
23:32:30 **** Incremental Build of configuration Debug for project lab3-1 ****
make -j3 all 
make: Nothing to be done for `all'.
23:32:31 **** Incremental Build of configuration Debug for project lab3-1 ****
make -j3 all 
make: Nothing to be done for `all'.
23:34:16 **** Incremental Build of configuration Debug for project lab3-1 ****
make -j3 all 
Building file: ../src/main.s
Invoking: MCU GCC Assembler
/Users/samuelyu/Desktop/DesktopFile/MPSL/lab3/lab3-1/Debug
arm-none-eabi-as -mcpu=cortex-m4 -mthumb -mfloat-abi=hard -mfpu=fpv4-sp-d16 -g -o "src/main.o" "../src/main.s"
Finished building: ../src/main.s
 
Building target: lab3-1.elf
Invoking: MCU GCC Linker
arm-none-eabi-gcc -mcpu=cortex-m4 -mthumb -mfloat-abi=hard -mfpu=fpv4-sp-d16 -T"/Users/samuelyu/Desktop/DesktopFile/MPSL/lab3/lab3-1/LinkerScript.ld" -Wl,-Map=output.map -Wl,--gc-sections -o "lab3-1.elf" @"objects.list"   -lm
Finished building target: lab3-1.elf
 
/Library/Developer/CommandLineTools/usr/bin/make --no-print-directory post-build
Generating binary and Printing size information:
arm-none-eabi-objcopy -O binary "lab3-1.elf" "lab3-1.bin"
arm-none-eabi-size "lab3-1.elf"
   text	   data	    bss	    dec	    hex	filename
   1064	   1096	   1088	   3248	    cb0	lab3-1.elf
 
23:34:22 **** Incremental Build of configuration Debug for project lab3-1 ****
make -j3 all 
make: Nothing to be done for `all'.
23:36:43 **** Incremental Build of configuration Debug for project lab3-1 ****
make -j3 all 
make: Nothing to be done for `all'.
23:36:45 **** Incremental Build of configuration Debug for project lab3-1 ****
make -j3 all 
make: Nothing to be done for `all'.
23:42:16 **** Incremental Build of configuration Debug for project lab3-1 ****
make -j3 all 
Building file: ../src/main.s
Invoking: MCU GCC Assembler
/Users/samuelyu/Desktop/DesktopFile/MPSL/lab3/lab3-1/Debug
arm-none-eabi-as -mcpu=cortex-m4 -mthumb -mfloat-abi=hard -mfpu=fpv4-sp-d16 -g -o "src/main.o" "../src/main.s"
Finished building: ../src/main.s
 
Building target: lab3-1.elf
Invoking: MCU GCC Linker
arm-none-eabi-gcc -mcpu=cortex-m4 -mthumb -mfloat-abi=hard -mfpu=fpv4-sp-d16 -T"/Users/samuelyu/Desktop/DesktopFile/MPSL/lab3/lab3-1/LinkerScript.ld" -Wl,-Map=output.map -Wl,--gc-sections -o "lab3-1.elf" @"objects.list"   -lm
Finished building target: lab3-1.elf
 
/Library/Developer/CommandLineTools/usr/bin/make --no-print-directory post-build
Generating binary and Printing size information:
arm-none-eabi-objcopy -O binary "lab3-1.elf" "lab3-1.bin"
arm-none-eabi-size "lab3-1.elf"
   text	   data	    bss	    dec	    hex	filename
   1064	   1096	   1088	   3248	    cb0	lab3-1.elf
 
23:42:20 **** Incremental Build of configuration Debug for project lab3-1 ****
make -j3 all 
make: Nothing to be done for `all'.
23:42:23 **** Incremental Build of configuration Debug for project lab3-1 ****
make -j3 all 
make: Nothing to be done for `all'.
23:42:24 **** Incremental Build of configuration Debug for project lab3-1 ****
make -j3 all 
make: Nothing to be done for `all'.
23:43:53 **** Incremental Build of configuration Debug for project lab3-1 ****
make -j3 all 
Building file: ../src/main.s
Invoking: MCU GCC Assembler
/Users/samuelyu/Desktop/DesktopFile/MPSL/lab3/lab3-1/Debug
arm-none-eabi-as -mcpu=cortex-m4 -mthumb -mfloat-abi=hard -mfpu=fpv4-sp-d16 -g -o "src/main.o" "../src/main.s"
Finished building: ../src/main.s
 
Building target: lab3-1.elf
Invoking: MCU GCC Linker
arm-none-eabi-gcc -mcpu=cortex-m4 -mthumb -mfloat-abi=hard -mfpu=fpv4-sp-d16 -T"/Users/samuelyu/Desktop/DesktopFile/MPSL/lab3/lab3-1/LinkerScript.ld" -Wl,-Map=output.map -Wl,--gc-sections -o "lab3-1.elf" @"objects.list"   -lm
Finished building target: lab3-1.elf
 
/Library/Developer/CommandLineTools/usr/bin/make --no-print-directory post-build
Generating binary and Printing size information:
arm-none-eabi-objcopy -O binary "lab3-1.elf" "lab3-1.bin"
arm-none-eabi-size "lab3-1.elf"
   text	   data	    bss	    dec	    hex	filename
   1064	   1096	   1088	   3248	    cb0	lab3-1.elf
 
23:44:07 **** Incremental Build of configuration Debug for project lab3-1 ****
make -j3 all 
make: Nothing to be done for `all'.
23:49:06 **** Incremental Build of configuration Debug for project lab3-1 ****
make -j3 all 
Building file: ../src/main.s
Invoking: MCU GCC Assembler
/Users/samuelyu/Desktop/DesktopFile/MPSL/lab3/lab3-1/Debug
arm-none-eabi-as -mcpu=cortex-m4 -mthumb -mfloat-abi=hard -mfpu=fpv4-sp-d16 -g -o "src/main.o" "../src/main.s"
Finished building: ../src/main.s
 
Building target: lab3-1.elf
Invoking: MCU GCC Linker
arm-none-eabi-gcc -mcpu=cortex-m4 -mthumb -mfloat-abi=hard -mfpu=fpv4-sp-d16 -T"/Users/samuelyu/Desktop/DesktopFile/MPSL/lab3/lab3-1/LinkerScript.ld" -Wl,-Map=output.map -Wl,--gc-sections -o "lab3-1.elf" @"objects.list"   -lm
Finished building target: lab3-1.elf
 
/Library/Developer/CommandLineTools/usr/bin/make --no-print-directory post-build
Generating binary and Printing size information:
arm-none-eabi-objcopy -O binary "lab3-1.elf" "lab3-1.bin"
arm-none-eabi-size "lab3-1.elf"
   text	   data	    bss	    dec	    hex	filename
   1072	   1096	   1088	   3256	    cb8	lab3-1.elf
 
23:49:09 **** Incremental Build of configuration Debug for project lab3-1 ****
make -j3 all 
make: Nothing to be done for `all'.
23:49:15 **** Incremental Build of configuration Debug for project lab3-1 ****
make -j3 all 
make: Nothing to be done for `all'.
23:52:54 **** Incremental Build of configuration Debug for project lab3-1 ****
make -j3 all 
Building file: ../src/main.s
Invoking: MCU GCC Assembler
/Users/samuelyu/Desktop/DesktopFile/MPSL/lab3/lab3-1/Debug
arm-none-eabi-as -mcpu=cortex-m4 -mthumb -mfloat-abi=hard -mfpu=fpv4-sp-d16 -g -o "src/main.o" "../src/main.s"
Finished building: ../src/main.s
 
Building target: lab3-1.elf
Invoking: MCU GCC Linker
arm-none-eabi-gcc -mcpu=cortex-m4 -mthumb -mfloat-abi=hard -mfpu=fpv4-sp-d16 -T"/Users/samuelyu/Desktop/DesktopFile/MPSL/lab3/lab3-1/LinkerScript.ld" -Wl,-Map=output.map -Wl,--gc-sections -o "lab3-1.elf" @"objects.list"   -lm
src/main.o: In function `L2':
/Users/samuelyu/Desktop/DesktopFile/MPSL/lab3/lab3-1/Debug/../src/main.s:81: undefined reference to `X'
/Users/samuelyu/Desktop/DesktopFile/MPSL/lab3/lab3-1/Debug/../src/main.s:82: undefined reference to `Y'
collect2: error: ld returned 1 exit status
make: *** [lab3-1.elf] Error 1
23:53:21 **** Incremental Build of configuration Debug for project lab3-1 ****
make -j3 all 
Building file: ../src/main.s
Invoking: MCU GCC Assembler
/Users/samuelyu/Desktop/DesktopFile/MPSL/lab3/lab3-1/Debug
arm-none-eabi-as -mcpu=cortex-m4 -mthumb -mfloat-abi=hard -mfpu=fpv4-sp-d16 -g -o "src/main.o" "../src/main.s"
Finished building: ../src/main.s
 
Building target: lab3-1.elf
Invoking: MCU GCC Linker
arm-none-eabi-gcc -mcpu=cortex-m4 -mthumb -mfloat-abi=hard -mfpu=fpv4-sp-d16 -T"/Users/samuelyu/Desktop/DesktopFile/MPSL/lab3/lab3-1/LinkerScript.ld" -Wl,-Map=output.map -Wl,--gc-sections -o "lab3-1.elf" @"objects.list"   -lm
Finished building target: lab3-1.elf
 
/Library/Developer/CommandLineTools/usr/bin/make --no-print-directory post-build
Generating binary and Printing size information:
arm-none-eabi-objcopy -O binary "lab3-1.elf" "lab3-1.bin"
arm-none-eabi-size "lab3-1.elf"
   text	   data	    bss	    dec	    hex	filename
   1088	   1096	   1088	   3272	    cc8	lab3-1.elf
 
23:53:23 **** Incremental Build of configuration Debug for project lab3-1 ****
make -j3 all 
make: Nothing to be done for `all'.
23:53:26 **** Incremental Build of configuration Debug for project lab3-1 ****
make -j3 all 
make: Nothing to be done for `all'.
23:53:31 **** Incremental Build of configuration Debug for project lab3-1 ****
make -j3 all 
make: Nothing to be done for `all'.
23:53:34 **** Incremental Build of configuration Debug for project lab3-1 ****
make -j3 all 
make: Nothing to be done for `all'.
23:53:42 **** Incremental Build of configuration Debug for project lab3-1 ****
make -j3 all 
make: Nothing to be done for `all'.
23:53:50 **** Incremental Build of configuration Debug for project lab3-1 ****
make -j3 all 
make: Nothing to be done for `all'.
23:54:01 **** Incremental Build of configuration Debug for project lab3-1 ****
make -j3 all 
make: Nothing to be done for `all'.
23:54:32 **** Incremental Build of configuration Debug for project lab3-1 ****
make -j3 all 
make: Nothing to be done for `all'.
23:58:43 **** Incremental Build of configuration Debug for project lab3-1 ****
make -j3 all 
Building file: ../src/main.s
Invoking: MCU GCC Assembler
/Users/samuelyu/Desktop/DesktopFile/MPSL/lab3/lab3-1/Debug
arm-none-eabi-as -mcpu=cortex-m4 -mthumb -mfloat-abi=hard -mfpu=fpv4-sp-d16 -g -o "src/main.o" "../src/main.s"
Finished building: ../src/main.s
 
Building target: lab3-1.elf
Invoking: MCU GCC Linker
arm-none-eabi-gcc -mcpu=cortex-m4 -mthumb -mfloat-abi=hard -mfpu=fpv4-sp-d16 -T"/Users/samuelyu/Desktop/DesktopFile/MPSL/lab3/lab3-1/LinkerScript.ld" -Wl,-Map=output.map -Wl,--gc-sections -o "lab3-1.elf" @"objects.list"   -lm
Finished building target: lab3-1.elf
 
/Library/Developer/CommandLineTools/usr/bin/make --no-print-directory post-build
Generating binary and Printing size information:
arm-none-eabi-objcopy -O binary "lab3-1.elf" "lab3-1.bin"
arm-none-eabi-size "lab3-1.elf"
   text	   data	    bss	    dec	    hex	filename
   1088	   1096	   1088	   3272	    cc8	lab3-1.elf
 
23:58:46 **** Incremental Build of configuration Debug for project lab3-1 ****
make -j3 all 
make: Nothing to be done for `all'.
23:58:57 **** Incremental Build of configuration Debug for project lab3-1 ****
make -j3 all 
make: Nothing to be done for `all'.
23:59:14 **** Incremental Build of configuration Debug for project lab3-1 ****
make -j3 all 
make: Nothing to be done for `all'.
00:00:04 **** Incremental Build of configuration Debug for project lab3-1 ****
make -j3 all 
make: Nothing to be done for `all'.
00:00:15 **** Incremental Build of configuration Debug for project lab3-1 ****
make -j3 all 
make: Nothing to be done for `all'.
00:03:07 **** Incremental Build of configuration Debug for project lab3-1 ****
make -j3 all 
Building file: ../src/main.s
Invoking: MCU GCC Assembler
/Users/samuelyu/Desktop/DesktopFile/MPSL/lab3/lab3-1/Debug
arm-none-eabi-as -mcpu=cortex-m4 -mthumb -mfloat-abi=hard -mfpu=fpv4-sp-d16 -g -o "src/main.o" "../src/main.s"
Finished building: ../src/main.s
 
Building target: lab3-1.elf
Invoking: MCU GCC Linker
arm-none-eabi-gcc -mcpu=cortex-m4 -mthumb -mfloat-abi=hard -mfpu=fpv4-sp-d16 -T"/Users/samuelyu/Desktop/DesktopFile/MPSL/lab3/lab3-1/LinkerScript.ld" -Wl,-Map=output.map -Wl,--gc-sections -o "lab3-1.elf" @"objects.list"   -lm
Finished building target: lab3-1.elf
 
/Library/Developer/CommandLineTools/usr/bin/make --no-print-directory post-build
Generating binary and Printing size information:
arm-none-eabi-objcopy -O binary "lab3-1.elf" "lab3-1.bin"
arm-none-eabi-size "lab3-1.elf"
   text	   data	    bss	    dec	    hex	filename
   1088	   1096	   1088	   3272	    cc8	lab3-1.elf
 
00:03:11 **** Incremental Build of configuration Debug for project lab3-1 ****
make -j3 all 
make: Nothing to be done for `all'.
00:03:12 **** Incremental Build of configuration Debug for project lab3-1 ****
make -j3 all 
make: Nothing to be done for `all'.
00:04:43 **** Incremental Build of configuration Debug for project lab3-1 ****
make -j3 all 
make: Nothing to be done for `all'.
00:04:45 **** Incremental Build of configuration Debug for project lab3-1 ****
make -j3 all 
make: Nothing to be done for `all'.
00:04:52 **** Incremental Build of configuration Debug for project lab3-1 ****
make -j3 all 
make: Nothing to be done for `all'.
00:04:56 **** Incremental Build of configuration Debug for project lab3-1 ****
make -j3 all 
make: Nothing to be done for `all'.
00:05:01 **** Incremental Build of configuration Debug for project lab3-1 ****
make -j3 all 
make: Nothing to be done for `all'.
00:05:09 **** Incremental Build of configuration Debug for project lab3-1 ****
make -j3 all 
make: Nothing to be done for `all'.
00:05:15 **** Incremental Build of configuration Debug for project lab3-1 ****
make -j3 all 
Building file: ../src/main.s
Invoking: MCU GCC Assembler
/Users/samuelyu/Desktop/DesktopFile/MPSL/lab3/lab3-1/Debug
arm-none-eabi-as -mcpu=cortex-m4 -mthumb -mfloat-abi=hard -mfpu=fpv4-sp-d16 -g -o "src/main.o" "../src/main.s"
../src/main.s: Assembler messages:
../src/main.s:57: Error: bad instruction `hjhj,bm'
make: *** [src/main.o] Error 1
00:05:22 **** Incremental Build of configuration Debug for project lab3-1 ****
make -j3 all 
Building file: ../src/main.s
Invoking: MCU GCC Assembler
/Users/samuelyu/Desktop/DesktopFile/MPSL/lab3/lab3-1/Debug
arm-none-eabi-as -mcpu=cortex-m4 -mthumb -mfloat-abi=hard -mfpu=fpv4-sp-d16 -g -o "src/main.o" "../src/main.s"
Finished building: ../src/main.s
 
Building target: lab3-1.elf
Invoking: MCU GCC Linker
arm-none-eabi-gcc -mcpu=cortex-m4 -mthumb -mfloat-abi=hard -mfpu=fpv4-sp-d16 -T"/Users/samuelyu/Desktop/DesktopFile/MPSL/lab3/lab3-1/LinkerScript.ld" -Wl,-Map=output.map -Wl,--gc-sections -o "lab3-1.elf" @"objects.list"   -lm
Finished building target: lab3-1.elf
 
/Library/Developer/CommandLineTools/usr/bin/make --no-print-directory post-build
Generating binary and Printing size information:
arm-none-eabi-objcopy -O binary "lab3-1.elf" "lab3-1.bin"
arm-none-eabi-size "lab3-1.elf"
   text	   data	    bss	    dec	    hex	filename
   1088	   1096	   1088	   3272	    cc8	lab3-1.elf
 
00:05:23 **** Incremental Build of configuration Debug for project lab3-1 ****
make -j3 all 
make: Nothing to be done for `all'.
00:06:00 **** Incremental Build of configuration Debug for project lab3-1 ****
make -j3 all 
Building file: ../src/main.s
Invoking: MCU GCC Assembler
/Users/samuelyu/Desktop/DesktopFile/MPSL/lab3/lab3-1/Debug
arm-none-eabi-as -mcpu=cortex-m4 -mthumb -mfloat-abi=hard -mfpu=fpv4-sp-d16 -g -o "src/main.o" "../src/main.s"
Finished building: ../src/main.s
 
Building target: lab3-1.elf
Invoking: MCU GCC Linker
arm-none-eabi-gcc -mcpu=cortex-m4 -mthumb -mfloat-abi=hard -mfpu=fpv4-sp-d16 -T"/Users/samuelyu/Desktop/DesktopFile/MPSL/lab3/lab3-1/LinkerScript.ld" -Wl,-Map=output.map -Wl,--gc-sections -o "lab3-1.elf" @"objects.list"   -lm
Finished building target: lab3-1.elf
 
/Library/Developer/CommandLineTools/usr/bin/make --no-print-directory post-build
Generating binary and Printing size information:
arm-none-eabi-objcopy -O binary "lab3-1.elf" "lab3-1.bin"
arm-none-eabi-size "lab3-1.elf"
   text	   data	    bss	    dec	    hex	filename
   1088	   1096	   1088	   3272	    cc8	lab3-1.elf
 
00:06:02 **** Incremental Build of configuration Debug for project lab3-1 ****
make -j3 all 
make: Nothing to be done for `all'.
00:07:08 **** Incremental Build of configuration Debug for project lab3-1 ****
make -j3 all 
make: Nothing to be done for `all'.
00:07:09 **** Incremental Build of configuration Debug for project lab3-1 ****
make -j3 all 
make: Nothing to be done for `all'.
00:07:28 **** Incremental Build of configuration Debug for project lab3-1 ****
make -j3 all 
Building file: ../src/main.s
Invoking: MCU GCC Assembler
/Users/samuelyu/Desktop/DesktopFile/MPSL/lab3/lab3-1/Debug
arm-none-eabi-as -mcpu=cortex-m4 -mthumb -mfloat-abi=hard -mfpu=fpv4-sp-d16 -g -o "src/main.o" "../src/main.s"
Finished building: ../src/main.s
 
Building target: lab3-1.elf
Invoking: MCU GCC Linker
arm-none-eabi-gcc -mcpu=cortex-m4 -mthumb -mfloat-abi=hard -mfpu=fpv4-sp-d16 -T"/Users/samuelyu/Desktop/DesktopFile/MPSL/lab3/lab3-1/LinkerScript.ld" -Wl,-Map=output.map -Wl,--gc-sections -o "lab3-1.elf" @"objects.list"   -lm
Finished building target: lab3-1.elf
 
/Library/Developer/CommandLineTools/usr/bin/make --no-print-directory post-build
Generating binary and Printing size information:
arm-none-eabi-objcopy -O binary "lab3-1.elf" "lab3-1.bin"
arm-none-eabi-size "lab3-1.elf"
   text	   data	    bss	    dec	    hex	filename
   1088	   1096	   1088	   3272	    cc8	lab3-1.elf
 
00:07:31 **** Incremental Build of configuration Debug for project lab3-1 ****
make -j3 all 
make: Nothing to be done for `all'.
00:11:22 **** Incremental Build of configuration Debug for project lab3-1 ****
make -j3 all 
make: Nothing to be done for `all'.
00:11:32 **** Incremental Build of configuration Debug for project lab3-1 ****
make -j3 all 
Building file: ../src/main.s
Invoking: MCU GCC Assembler
/Users/samuelyu/Desktop/DesktopFile/MPSL/lab3/lab3-1/Debug
arm-none-eabi-as -mcpu=cortex-m4 -mthumb -mfloat-abi=hard -mfpu=fpv4-sp-d16 -g -o "src/main.o" "../src/main.s"
Finished building: ../src/main.s
 
Building target: lab3-1.elf
Invoking: MCU GCC Linker
arm-none-eabi-gcc -mcpu=cortex-m4 -mthumb -mfloat-abi=hard -mfpu=fpv4-sp-d16 -T"/Users/samuelyu/Desktop/DesktopFile/MPSL/lab3/lab3-1/LinkerScript.ld" -Wl,-Map=output.map -Wl,--gc-sections -o "lab3-1.elf" @"objects.list"   -lm
Finished building target: lab3-1.elf
 
/Library/Developer/CommandLineTools/usr/bin/make --no-print-directory post-build
Generating binary and Printing size information:
arm-none-eabi-objcopy -O binary "lab3-1.elf" "lab3-1.bin"
arm-none-eabi-size "lab3-1.elf"
   text	   data	    bss	    dec	    hex	filename
   1088	   1096	   1088	   3272	    cc8	lab3-1.elf
 
00:11:33 **** Incremental Build of configuration Debug for project lab3-1 ****
make -j3 all 
make: Nothing to be done for `all'.
00:12:16 **** Incremental Build of configuration Debug for project lab3-1 ****
make -j3 all 
make: Nothing to be done for `all'.
00:12:24 **** Incremental Build of configuration Debug for project lab3-1 ****
make -j3 all 
Building file: ../src/main.s
Invoking: MCU GCC Assembler
/Users/samuelyu/Desktop/DesktopFile/MPSL/lab3/lab3-1/Debug
arm-none-eabi-as -mcpu=cortex-m4 -mthumb -mfloat-abi=hard -mfpu=fpv4-sp-d16 -g -o "src/main.o" "../src/main.s"
Finished building: ../src/main.s
 
Building target: lab3-1.elf
Invoking: MCU GCC Linker
arm-none-eabi-gcc -mcpu=cortex-m4 -mthumb -mfloat-abi=hard -mfpu=fpv4-sp-d16 -T"/Users/samuelyu/Desktop/DesktopFile/MPSL/lab3/lab3-1/LinkerScript.ld" -Wl,-Map=output.map -Wl,--gc-sections -o "lab3-1.elf" @"objects.list"   -lm
Finished building target: lab3-1.elf
 
/Library/Developer/CommandLineTools/usr/bin/make --no-print-directory post-build
Generating binary and Printing size information:
arm-none-eabi-objcopy -O binary "lab3-1.elf" "lab3-1.bin"
arm-none-eabi-size "lab3-1.elf"
   text	   data	    bss	    dec	    hex	filename
   1088	   1096	   1088	   3272	    cc8	lab3-1.elf
 
00:12:29 **** Incremental Build of configuration Debug for project lab3-1 ****
make -j3 all 
make: Nothing to be done for `all'.
00:51:53 **** Incremental Build of configuration Debug for project lab3-1 ****
make -j3 all 
make: Nothing to be done for `all'.
00:58:18 **** Incremental Build of configuration Debug for project lab3-1 ****
make -j3 all 
make: Nothing to be done for `all'.
00:58:19 **** Incremental Build of configuration Debug for project lab3-1 ****
make -j3 all 
make: Nothing to be done for `all'.
01:07:14 **** Incremental Build of configuration Debug for project lab3-1 ****
make -j3 all 
make: Nothing to be done for `all'.
01:07:15 **** Incremental Build of configuration Debug for project lab3-1 ****
make -j3 all 
make: Nothing to be done for `all'.
01:31:26 **** Incremental Build of configuration Debug for project lab3-1 ****
make -j3 all 
make: Nothing to be done for `all'.
10:02:04 **** Incremental Build of configuration Debug for project lab3-1 ****
make -j3 all 
make: Nothing to be done for `all'.
10:03:27 **** Incremental Build of configuration Debug for project lab3-1 ****
make -j3 all 
Building file: ../src/main.s
Invoking: MCU GCC Assembler
/Users/samuelyu/Desktop/DesktopFile/MPSL/lab3/lab3-1/Debug
arm-none-eabi-as -mcpu=cortex-m4 -mthumb -mfloat-abi=hard -mfpu=fpv4-sp-d16 -g -o "src/main.o" "../src/main.s"
Finished building: ../src/main.s
 
Building target: lab3-1.elf
Invoking: MCU GCC Linker
arm-none-eabi-gcc -mcpu=cortex-m4 -mthumb -mfloat-abi=hard -mfpu=fpv4-sp-d16 -T"/Users/samuelyu/Desktop/DesktopFile/MPSL/lab3/lab3-1/LinkerScript.ld" -Wl,-Map=output.map -Wl,--gc-sections -o "lab3-1.elf" @"objects.list"   -lm
Finished building target: lab3-1.elf
 
/Library/Developer/CommandLineTools/usr/bin/make --no-print-directory post-build
Generating binary and Printing size information:
arm-none-eabi-objcopy -O binary "lab3-1.elf" "lab3-1.bin"
arm-none-eabi-size "lab3-1.elf"
   text	   data	    bss	    dec	    hex	filename
   1088	   1096	   1088	   3272	    cc8	lab3-1.elf
 
10:03:36 **** Incremental Build of configuration Debug for project lab3-1 ****
make -j3 all 
make: Nothing to be done for `all'.
10:03:45 **** Incremental Build of configuration Debug for project lab3-1 ****
make -j3 all 
make: Nothing to be done for `all'.
10:07:28 **** Incremental Build of configuration Debug for project lab3-1 ****
make -j3 all 
make: Nothing to be done for `all'.
10:07:31 **** Incremental Build of configuration Debug for project lab3-1 ****
make -j3 all 
make: Nothing to be done for `all'.
10:07:33 **** Incremental Build of configuration Debug for project lab3-1 ****
make -j3 all 
make: Nothing to be done for `all'.
10:07:47 **** Incremental Build of configuration Debug for project lab3-1 ****
make -j3 all 
make: Nothing to be done for `all'.
10:07:53 **** Incremental Build of configuration Debug for project lab3-1 ****
make -j3 all 
make: Nothing to be done for `all'.
10:17:01 **** Incremental Build of configuration Debug for project lab3-1 ****
make -j3 all 
make: Nothing to be done for `all'.
10:17:07 **** Incremental Build of configuration Debug for project lab3-1 ****
make -j3 all 
make: Nothing to be done for `all'.
10:20:20 **** Incremental Build of configuration Debug for project lab3-1 ****
make -j3 all 
Building file: ../src/main.s
Invoking: MCU GCC Assembler
/Users/samuelyu/Desktop/DesktopFile/MPSL/lab3/lab3-1/Debug
arm-none-eabi-as -mcpu=cortex-m4 -mthumb -mfloat-abi=hard -mfpu=fpv4-sp-d16 -g -o "src/main.o" "../src/main.s"
Finished building: ../src/main.s
 
Building target: lab3-1.elf
Invoking: MCU GCC Linker
arm-none-eabi-gcc -mcpu=cortex-m4 -mthumb -mfloat-abi=hard -mfpu=fpv4-sp-d16 -T"/Users/samuelyu/Desktop/DesktopFile/MPSL/lab3/lab3-1/LinkerScript.ld" -Wl,-Map=output.map -Wl,--gc-sections -o "lab3-1.elf" @"objects.list"   -lm
Finished building target: lab3-1.elf
 
/Library/Developer/CommandLineTools/usr/bin/make --no-print-directory post-build
Generating binary and Printing size information:
arm-none-eabi-objcopy -O binary "lab3-1.elf" "lab3-1.bin"
arm-none-eabi-size "lab3-1.elf"
   text	   data	    bss	    dec	    hex	filename
   1088	   1096	   1088	   3272	    cc8	lab3-1.elf
 
10:20:22 **** Incremental Build of configuration Debug for project lab3-1 ****
make -j3 all 
make: Nothing to be done for `all'.
10:25:26 **** Incremental Build of configuration Debug for project lab3-1 ****
make -j3 all 
Building file: ../src/main.s
Invoking: MCU GCC Assembler
/Users/samuelyu/Desktop/DesktopFile/MPSL/lab3/lab3-1/Debug
arm-none-eabi-as -mcpu=cortex-m4 -mthumb -mfloat-abi=hard -mfpu=fpv4-sp-d16 -g -o "src/main.o" "../src/main.s"
Finished building: ../src/main.s
 
Building target: lab3-1.elf
Invoking: MCU GCC Linker
arm-none-eabi-gcc -mcpu=cortex-m4 -mthumb -mfloat-abi=hard -mfpu=fpv4-sp-d16 -T"/Users/samuelyu/Desktop/DesktopFile/MPSL/lab3/lab3-1/LinkerScript.ld" -Wl,-Map=output.map -Wl,--gc-sections -o "lab3-1.elf" @"objects.list"   -lm
Finished building target: lab3-1.elf
 
/Library/Developer/CommandLineTools/usr/bin/make --no-print-directory post-build
Generating binary and Printing size information:
arm-none-eabi-objcopy -O binary "lab3-1.elf" "lab3-1.bin"
arm-none-eabi-size "lab3-1.elf"
   text	   data	    bss	    dec	    hex	filename
   1088	   1096	   1088	   3272	    cc8	lab3-1.elf
 
10:25:28 **** Incremental Build of configuration Debug for project lab3-1 ****
make -j3 all 
make: Nothing to be done for `all'.
10:33:24 **** Incremental Build of configuration Debug for project lab3-1 ****
make -j3 all 
Building file: ../src/main.s
Invoking: MCU GCC Assembler
/Users/samuelyu/Desktop/DesktopFile/MPSL/lab3/lab3-1/Debug
arm-none-eabi-as -mcpu=cortex-m4 -mthumb -mfloat-abi=hard -mfpu=fpv4-sp-d16 -g -o "src/main.o" "../src/main.s"
Finished building: ../src/main.s
 
Building target: lab3-1.elf
Invoking: MCU GCC Linker
arm-none-eabi-gcc -mcpu=cortex-m4 -mthumb -mfloat-abi=hard -mfpu=fpv4-sp-d16 -T"/Users/samuelyu/Desktop/DesktopFile/MPSL/lab3/lab3-1/LinkerScript.ld" -Wl,-Map=output.map -Wl,--gc-sections -o "lab3-1.elf" @"objects.list"   -lm
Finished building target: lab3-1.elf
 
/Library/Developer/CommandLineTools/usr/bin/make --no-print-directory post-build
Generating binary and Printing size information:
arm-none-eabi-objcopy -O binary "lab3-1.elf" "lab3-1.bin"
arm-none-eabi-size "lab3-1.elf"
   text	   data	    bss	    dec	    hex	filename
   1088	   1096	   1088	   3272	    cc8	lab3-1.elf
 
10:33:26 **** Incremental Build of configuration Debug for project lab3-1 ****
make -j3 all 
make: Nothing to be done for `all'.
10:33:39 **** Incremental Build of configuration Debug for project lab3-1 ****
make -j3 all 
make: Nothing to be done for `all'.
10:35:39 **** Incremental Build of configuration Debug for project lab3-1 ****
make -j3 all 
Building file: ../src/main.s
Invoking: MCU GCC Assembler
/Users/samuelyu/Desktop/DesktopFile/MPSL/lab3/lab3-1/Debug
arm-none-eabi-as -mcpu=cortex-m4 -mthumb -mfloat-abi=hard -mfpu=fpv4-sp-d16 -g -o "src/main.o" "../src/main.s"
Finished building: ../src/main.s
 
Building target: lab3-1.elf
Invoking: MCU GCC Linker
arm-none-eabi-gcc -mcpu=cortex-m4 -mthumb -mfloat-abi=hard -mfpu=fpv4-sp-d16 -T"/Users/samuelyu/Desktop/DesktopFile/MPSL/lab3/lab3-1/LinkerScript.ld" -Wl,-Map=output.map -Wl,--gc-sections -o "lab3-1.elf" @"objects.list"   -lm
Finished building target: lab3-1.elf
 
/Library/Developer/CommandLineTools/usr/bin/make --no-print-directory post-build
Generating binary and Printing size information:
arm-none-eabi-objcopy -O binary "lab3-1.elf" "lab3-1.bin"
arm-none-eabi-size "lab3-1.elf"
   text	   data	    bss	    dec	    hex	filename
   1088	   1096	   1088	   3272	    cc8	lab3-1.elf
 
10:35:50 **** Incremental Build of configuration Debug for project lab3-1 ****
make -j3 all 
make: Nothing to be done for `all'.
10:38:06 **** Incremental Build of configuration Debug for project lab3-1 ****
make -j3 all 
Building file: ../src/main.s
Invoking: MCU GCC Assembler
/Users/samuelyu/Desktop/DesktopFile/MPSL/lab3/lab3-1/Debug
arm-none-eabi-as -mcpu=cortex-m4 -mthumb -mfloat-abi=hard -mfpu=fpv4-sp-d16 -g -o "src/main.o" "../src/main.s"
Finished building: ../src/main.s
 
Building target: lab3-1.elf
Invoking: MCU GCC Linker
arm-none-eabi-gcc -mcpu=cortex-m4 -mthumb -mfloat-abi=hard -mfpu=fpv4-sp-d16 -T"/Users/samuelyu/Desktop/DesktopFile/MPSL/lab3/lab3-1/LinkerScript.ld" -Wl,-Map=output.map -Wl,--gc-sections -o "lab3-1.elf" @"objects.list"   -lm
Finished building target: lab3-1.elf
 
/Library/Developer/CommandLineTools/usr/bin/make --no-print-directory post-build
Generating binary and Printing size information:
arm-none-eabi-objcopy -O binary "lab3-1.elf" "lab3-1.bin"
arm-none-eabi-size "lab3-1.elf"
   text	   data	    bss	    dec	    hex	filename
   1088	   1096	   1088	   3272	    cc8	lab3-1.elf
 
10:38:11 **** Incremental Build of configuration Debug for project lab3-1 ****
make -j3 all 
make: Nothing to be done for `all'.
10:38:42 **** Incremental Build of configuration Debug for project lab3-1 ****
make -j3 all 
make: Nothing to be done for `all'.
10:38:54 **** Incremental Build of configuration Debug for project lab3-1 ****
make -j3 all 
make: Nothing to be done for `all'.
10:38:59 **** Incremental Build of configuration Debug for project lab3-1 ****
make -j3 all 
make: Nothing to be done for `all'.
10:39:02 **** Incremental Build of configuration Debug for project lab3-1 ****
make -j3 all 
make: Nothing to be done for `all'.
10:40:55 **** Incremental Build of configuration Debug for project lab3-1 ****
make -j3 all 
make: Nothing to be done for `all'.
10:41:05 **** Incremental Build of configuration Debug for project lab3-1 ****
make -j3 all 
make: Nothing to be done for `all'.
10:41:09 **** Incremental Build of configuration Debug for project lab3-1 ****
make -j3 all 
make: Nothing to be done for `all'.
10:41:14 **** Incremental Build of configuration Debug for project lab3-1 ****
make -j3 all 
make: Nothing to be done for `all'.
10:41:17 **** Incremental Build of configuration Debug for project lab3-1 ****
make -j3 all 
make: Nothing to be done for `all'.
10:47:58 **** Incremental Build of configuration Debug for project lab3-1 ****
make -j3 all 
make: Nothing to be done for `all'.
10:48:03 **** Incremental Build of configuration Debug for project lab3-1 ****
make -j3 all 
make: Nothing to be done for `all'.
10:48:07 **** Incremental Build of configuration Debug for project lab3-1 ****
make -j3 all 
make: Nothing to be done for `all'.
10:48:17 **** Incremental Build of configuration Debug for project lab3-1 ****
make -j3 all 
make: Nothing to be done for `all'.
10:48:23 **** Incremental Build of configuration Debug for project lab3-1 ****
make -j3 all 
make: Nothing to be done for `all'.
10:52:10 **** Incremental Build of configuration Debug for project lab3-1 ****
make -j3 all 
Building file: ../src/main.s
Invoking: MCU GCC Assembler
/Users/samuelyu/Desktop/DesktopFile/MPSL/lab3/lab3-1/Debug
arm-none-eabi-as -mcpu=cortex-m4 -mthumb -mfloat-abi=hard -mfpu=fpv4-sp-d16 -g -o "src/main.o" "../src/main.s"
Finished building: ../src/main.s
 
Building target: lab3-1.elf
Invoking: MCU GCC Linker
arm-none-eabi-gcc -mcpu=cortex-m4 -mthumb -mfloat-abi=hard -mfpu=fpv4-sp-d16 -T"/Users/samuelyu/Desktop/DesktopFile/MPSL/lab3/lab3-1/LinkerScript.ld" -Wl,-Map=output.map -Wl,--gc-sections -o "lab3-1.elf" @"objects.list"   -lm
Finished building target: lab3-1.elf
 
/Library/Developer/CommandLineTools/usr/bin/make --no-print-directory post-build
Generating binary and Printing size information:
arm-none-eabi-objcopy -O binary "lab3-1.elf" "lab3-1.bin"
arm-none-eabi-size "lab3-1.elf"
   text	   data	    bss	    dec	    hex	filename
   1088	   1096	   1088	   3272	    cc8	lab3-1.elf
 
10:52:14 **** Incremental Build of configuration Debug for project lab3-1 ****
make -j3 all 
make: Nothing to be done for `all'.
10:52:30 **** Incremental Build of configuration Debug for project lab3-1 ****
make -j3 all 
make: Nothing to be done for `all'.
11:41:01 **** Incremental Build of configuration Debug for project lab3-1 ****
make -j3 all 
Building file: ../src/main.s
Invoking: MCU GCC Assembler
/Users/samuelyu/Desktop/DesktopFile/MPSL/lab3/lab3-1/Debug
arm-none-eabi-as -mcpu=cortex-m4 -mthumb -mfloat-abi=hard -mfpu=fpv4-sp-d16 -g -o "src/main.o" "../src/main.s"
../src/main.s: Assembler messages:
../src/main.s:73: Error: bad instruction `xor r2,r9,#1'
../src/main.s:66: Error: offset out of range
make: *** [src/main.o] Error 1
11:41:28 **** Incremental Build of configuration Debug for project lab3-1 ****
make -j3 all 
Building file: ../src/main.s
Invoking: MCU GCC Assembler
/Users/samuelyu/Desktop/DesktopFile/MPSL/lab3/lab3-1/Debug
arm-none-eabi-as -mcpu=cortex-m4 -mthumb -mfloat-abi=hard -mfpu=fpv4-sp-d16 -g -o "src/main.o" "../src/main.s"
../src/main.s: Assembler messages:
../src/main.s:73: Error: bad instruction `xor r9,#1'
make: *** [src/main.o] Error 1
11:41:39 **** Incremental Build of configuration Debug for project lab3-1 ****
make -j3 all 
Building file: ../src/main.s
Invoking: MCU GCC Assembler
/Users/samuelyu/Desktop/DesktopFile/MPSL/lab3/lab3-1/Debug
arm-none-eabi-as -mcpu=cortex-m4 -mthumb -mfloat-abi=hard -mfpu=fpv4-sp-d16 -g -o "src/main.o" "../src/main.s"
Finished building: ../src/main.s
 
Building target: lab3-1.elf
Invoking: MCU GCC Linker
arm-none-eabi-gcc -mcpu=cortex-m4 -mthumb -mfloat-abi=hard -mfpu=fpv4-sp-d16 -T"/Users/samuelyu/Desktop/DesktopFile/MPSL/lab3/lab3-1/LinkerScript.ld" -Wl,-Map=output.map -Wl,--gc-sections -o "lab3-1.elf" @"objects.list"   -lm
Finished building target: lab3-1.elf
 
/Library/Developer/CommandLineTools/usr/bin/make --no-print-directory post-build
Generating binary and Printing size information:
arm-none-eabi-objcopy -O binary "lab3-1.elf" "lab3-1.bin"
arm-none-eabi-size "lab3-1.elf"
   text	   data	    bss	    dec	    hex	filename
   1136	   1096	   1088	   3320	    cf8	lab3-1.elf
 
11:41:43 **** Incremental Build of configuration Debug for project lab3-1 ****
make -j3 all 
make: Nothing to be done for `all'.
11:42:01 **** Incremental Build of configuration Debug for project lab3-1 ****
make -j3 all 
make: Nothing to be done for `all'.
11:54:20 **** Incremental Build of configuration Debug for project lab3-1 ****
make -j3 all 
Building file: ../src/main.s
Invoking: MCU GCC Assembler
/Users/samuelyu/Desktop/DesktopFile/MPSL/lab3/lab3-1/Debug
arm-none-eabi-as -mcpu=cortex-m4 -mthumb -mfloat-abi=hard -mfpu=fpv4-sp-d16 -g -o "src/main.o" "../src/main.s"
Finished building: ../src/main.s
 
Building target: lab3-1.elf
Invoking: MCU GCC Linker
arm-none-eabi-gcc -mcpu=cortex-m4 -mthumb -mfloat-abi=hard -mfpu=fpv4-sp-d16 -T"/Users/samuelyu/Desktop/DesktopFile/MPSL/lab3/lab3-1/LinkerScript.ld" -Wl,-Map=output.map -Wl,--gc-sections -o "lab3-1.elf" @"objects.list"   -lm
Finished building target: lab3-1.elf
 
/Library/Developer/CommandLineTools/usr/bin/make --no-print-directory post-build
Generating binary and Printing size information:
arm-none-eabi-objcopy -O binary "lab3-1.elf" "lab3-1.bin"
arm-none-eabi-size "lab3-1.elf"
   text	   data	    bss	    dec	    hex	filename
   1136	   1096	   1088	   3320	    cf8	lab3-1.elf
 
11:54:26 **** Incremental Build of configuration Debug for project lab3-1 ****
make -j3 all 
make: Nothing to be done for `all'.
11:54:28 **** Incremental Build of configuration Debug for project lab3-1 ****
make -j3 all 
make: Nothing to be done for `all'.
12:09:28 **** Incremental Build of configuration Debug for project lab3-1 ****
make -j3 all 
Building file: ../src/main.s
Invoking: MCU GCC Assembler
/Users/samuelyu/Desktop/DesktopFile/MPSL/lab3/lab3-1/Debug
arm-none-eabi-as -mcpu=cortex-m4 -mthumb -mfloat-abi=hard -mfpu=fpv4-sp-d16 -g -o "src/main.o" "../src/main.s"
../src/main.s: Assembler messages:
../src/main.s:111: Error: bad instruction `r0, #1'
make: *** [src/main.o] Error 1
12:09:45 **** Incremental Build of configuration Debug for project lab3-1 ****
make -j3 all 
Building file: ../src/main.s
Invoking: MCU GCC Assembler
/Users/samuelyu/Desktop/DesktopFile/MPSL/lab3/lab3-1/Debug
arm-none-eabi-as -mcpu=cortex-m4 -mthumb -mfloat-abi=hard -mfpu=fpv4-sp-d16 -g -o "src/main.o" "../src/main.s"
Finished building: ../src/main.s
 
Building target: lab3-1.elf
Invoking: MCU GCC Linker
arm-none-eabi-gcc -mcpu=cortex-m4 -mthumb -mfloat-abi=hard -mfpu=fpv4-sp-d16 -T"/Users/samuelyu/Desktop/DesktopFile/MPSL/lab3/lab3-1/LinkerScript.ld" -Wl,-Map=output.map -Wl,--gc-sections -o "lab3-1.elf" @"objects.list"   -lm
Finished building target: lab3-1.elf
 
/Library/Developer/CommandLineTools/usr/bin/make --no-print-directory post-build
Generating binary and Printing size information:
arm-none-eabi-objcopy -O binary "lab3-1.elf" "lab3-1.bin"
arm-none-eabi-size "lab3-1.elf"
   text	   data	    bss	    dec	    hex	filename
   1152	   1096	   1088	   3336	    d08	lab3-1.elf
 
12:10:25 **** Incremental Build of configuration Debug for project lab3-1 ****
make -j3 all 
Building file: ../src/main.s
Invoking: MCU GCC Assembler
/Users/samuelyu/Desktop/DesktopFile/MPSL/lab3/lab3-1/Debug
arm-none-eabi-as -mcpu=cortex-m4 -mthumb -mfloat-abi=hard -mfpu=fpv4-sp-d16 -g -o "src/main.o" "../src/main.s"
Finished building: ../src/main.s
 
Building target: lab3-1.elf
Invoking: MCU GCC Linker
arm-none-eabi-gcc -mcpu=cortex-m4 -mthumb -mfloat-abi=hard -mfpu=fpv4-sp-d16 -T"/Users/samuelyu/Desktop/DesktopFile/MPSL/lab3/lab3-1/LinkerScript.ld" -Wl,-Map=output.map -Wl,--gc-sections -o "lab3-1.elf" @"objects.list"   -lm
Finished building target: lab3-1.elf
 
/Library/Developer/CommandLineTools/usr/bin/make --no-print-directory post-build
Generating binary and Printing size information:
arm-none-eabi-objcopy -O binary "lab3-1.elf" "lab3-1.bin"
arm-none-eabi-size "lab3-1.elf"
   text	   data	    bss	    dec	    hex	filename
   1152	   1096	   1088	   3336	    d08	lab3-1.elf
 
12:10:28 **** Incremental Build of configuration Debug for project lab3-1 ****
make -j3 all 
make: Nothing to be done for `all'.
12:10:32 **** Incremental Build of configuration Debug for project lab3-1 ****
make -j3 all 
make: Nothing to be done for `all'.
12:10:36 **** Incremental Build of configuration Debug for project lab3-1 ****
make -j3 all 
make: Nothing to be done for `all'.
12:10:42 **** Incremental Build of configuration Debug for project lab3-1 ****
make -j3 all 
make: Nothing to be done for `all'.
12:10:44 **** Incremental Build of configuration Debug for project lab3-1 ****
make -j3 all 
make: Nothing to be done for `all'.
12:10:51 **** Incremental Build of configuration Debug for project lab3-1 ****
make -j3 all 
make: Nothing to be done for `all'.
12:10:54 **** Incremental Build of configuration Debug for project lab3-1 ****
make -j3 all 
make: Nothing to be done for `all'.
12:11:53 **** Incremental Build of configuration Debug for project lab3-1 ****
make -j3 all 
make: Nothing to be done for `all'.
12:11:57 **** Incremental Build of configuration Debug for project lab3-1 ****
make -j3 all 
make: Nothing to be done for `all'.
12:11:59 **** Incremental Build of configuration Debug for project lab3-1 ****
make -j3 all 
make: Nothing to be done for `all'.
12:12:27 **** Incremental Build of configuration Debug for project lab3-1 ****
make -j3 all 
Building file: ../src/main.s
Invoking: MCU GCC Assembler
/Users/samuelyu/Desktop/DesktopFile/MPSL/lab3/lab3-1/Debug
arm-none-eabi-as -mcpu=cortex-m4 -mthumb -mfloat-abi=hard -mfpu=fpv4-sp-d16 -g -o "src/main.o" "../src/main.s"
Finished building: ../src/main.s
 
Building target: lab3-1.elf
Invoking: MCU GCC Linker
arm-none-eabi-gcc -mcpu=cortex-m4 -mthumb -mfloat-abi=hard -mfpu=fpv4-sp-d16 -T"/Users/samuelyu/Desktop/DesktopFile/MPSL/lab3/lab3-1/LinkerScript.ld" -Wl,-Map=output.map -Wl,--gc-sections -o "lab3-1.elf" @"objects.list"   -lm
Finished building target: lab3-1.elf
 
/Library/Developer/CommandLineTools/usr/bin/make --no-print-directory post-build
Generating binary and Printing size information:
arm-none-eabi-objcopy -O binary "lab3-1.elf" "lab3-1.bin"
arm-none-eabi-size "lab3-1.elf"
   text	   data	    bss	    dec	    hex	filename
   1152	   1096	   1088	   3336	    d08	lab3-1.elf
 
12:12:30 **** Incremental Build of configuration Debug for project lab3-1 ****
make -j3 all 
make: Nothing to be done for `all'.
12:12:47 **** Incremental Build of configuration Debug for project lab3-1 ****
make -j3 all 
make: Nothing to be done for `all'.
12:13:01 **** Incremental Build of configuration Debug for project lab3-1 ****
make -j3 all 
Building file: ../src/main.s
Invoking: MCU GCC Assembler
/Users/samuelyu/Desktop/DesktopFile/MPSL/lab3/lab3-1/Debug
arm-none-eabi-as -mcpu=cortex-m4 -mthumb -mfloat-abi=hard -mfpu=fpv4-sp-d16 -g -o "src/main.o" "../src/main.s"
Finished building: ../src/main.s
 
Building target: lab3-1.elf
Invoking: MCU GCC Linker
arm-none-eabi-gcc -mcpu=cortex-m4 -mthumb -mfloat-abi=hard -mfpu=fpv4-sp-d16 -T"/Users/samuelyu/Desktop/DesktopFile/MPSL/lab3/lab3-1/LinkerScript.ld" -Wl,-Map=output.map -Wl,--gc-sections -o "lab3-1.elf" @"objects.list"   -lm
Finished building target: lab3-1.elf
 
/Library/Developer/CommandLineTools/usr/bin/make --no-print-directory post-build
Generating binary and Printing size information:
arm-none-eabi-objcopy -O binary "lab3-1.elf" "lab3-1.bin"
arm-none-eabi-size "lab3-1.elf"
   text	   data	    bss	    dec	    hex	filename
   1152	   1096	   1088	   3336	    d08	lab3-1.elf
 
12:13:03 **** Incremental Build of configuration Debug for project lab3-1 ****
make -j3 all 
make: Nothing to be done for `all'.
12:13:13 **** Incremental Build of configuration Debug for project lab3-1 ****
make -j3 all 
make: Nothing to be done for `all'.
12:13:31 **** Incremental Build of configuration Debug for project lab3-1 ****
make -j3 all 
Building file: ../src/main.s
Invoking: MCU GCC Assembler
/Users/samuelyu/Desktop/DesktopFile/MPSL/lab3/lab3-1/Debug
arm-none-eabi-as -mcpu=cortex-m4 -mthumb -mfloat-abi=hard -mfpu=fpv4-sp-d16 -g -o "src/main.o" "../src/main.s"
Finished building: ../src/main.s
 
Building target: lab3-1.elf
Invoking: MCU GCC Linker
arm-none-eabi-gcc -mcpu=cortex-m4 -mthumb -mfloat-abi=hard -mfpu=fpv4-sp-d16 -T"/Users/samuelyu/Desktop/DesktopFile/MPSL/lab3/lab3-1/LinkerScript.ld" -Wl,-Map=output.map -Wl,--gc-sections -o "lab3-1.elf" @"objects.list"   -lm
Finished building target: lab3-1.elf
 
/Library/Developer/CommandLineTools/usr/bin/make --no-print-directory post-build
Generating binary and Printing size information:
arm-none-eabi-objcopy -O binary "lab3-1.elf" "lab3-1.bin"
arm-none-eabi-size "lab3-1.elf"
   text	   data	    bss	    dec	    hex	filename
   1152	   1096	   1088	   3336	    d08	lab3-1.elf
 
12:13:35 **** Incremental Build of configuration Debug for project lab3-1 ****
make -j3 all 
make: Nothing to be done for `all'.
12:13:40 **** Incremental Build of configuration Debug for project lab3-1 ****
make -j3 all 
make: Nothing to be done for `all'.
12:13:47 **** Incremental Build of configuration Debug for project lab3-1 ****
make -j3 all 
make: Nothing to be done for `all'.
12:13:55 **** Incremental Build of configuration Debug for project lab3-1 ****
make -j3 all 
make: Nothing to be done for `all'.
12:21:58 **** Incremental Build of configuration Debug for project lab3-1 ****
make -j3 all 
Building file: ../src/main.s
Invoking: MCU GCC Assembler
/Users/samuelyu/Desktop/DesktopFile/MPSL/lab3/lab3-1/Debug
arm-none-eabi-as -mcpu=cortex-m4 -mthumb -mfloat-abi=hard -mfpu=fpv4-sp-d16 -g -o "src/main.o" "../src/main.s"
Finished building: ../src/main.s
 
Building target: lab3-1.elf
Invoking: MCU GCC Linker
arm-none-eabi-gcc -mcpu=cortex-m4 -mthumb -mfloat-abi=hard -mfpu=fpv4-sp-d16 -T"/Users/samuelyu/Desktop/DesktopFile/MPSL/lab3/lab3-1/LinkerScript.ld" -Wl,-Map=output.map -Wl,--gc-sections -o "lab3-1.elf" @"objects.list"   -lm
Finished building target: lab3-1.elf
 
/Library/Developer/CommandLineTools/usr/bin/make --no-print-directory post-build
Generating binary and Printing size information:
arm-none-eabi-objcopy -O binary "lab3-1.elf" "lab3-1.bin"
arm-none-eabi-size "lab3-1.elf"
   text	   data	    bss	    dec	    hex	filename
   1144	   1096	   1088	   3328	    d00	lab3-1.elf
 
12:22:01 **** Incremental Build of configuration Debug for project lab3-1 ****
make -j3 all 
make: Nothing to be done for `all'.
12:22:15 **** Incremental Build of configuration Debug for project lab3-1 ****
make -j3 all 
Building file: ../src/main.s
Invoking: MCU GCC Assembler
/Users/samuelyu/Desktop/DesktopFile/MPSL/lab3/lab3-1/Debug
arm-none-eabi-as -mcpu=cortex-m4 -mthumb -mfloat-abi=hard -mfpu=fpv4-sp-d16 -g -o "src/main.o" "../src/main.s"
Finished building: ../src/main.s
 
Building target: lab3-1.elf
Invoking: MCU GCC Linker
arm-none-eabi-gcc -mcpu=cortex-m4 -mthumb -mfloat-abi=hard -mfpu=fpv4-sp-d16 -T"/Users/samuelyu/Desktop/DesktopFile/MPSL/lab3/lab3-1/LinkerScript.ld" -Wl,-Map=output.map -Wl,--gc-sections -o "lab3-1.elf" @"objects.list"   -lm
Finished building target: lab3-1.elf
 
/Library/Developer/CommandLineTools/usr/bin/make --no-print-directory post-build
Generating binary and Printing size information:
arm-none-eabi-objcopy -O binary "lab3-1.elf" "lab3-1.bin"
arm-none-eabi-size "lab3-1.elf"
   text	   data	    bss	    dec	    hex	filename
   1144	   1096	   1088	   3328	    d00	lab3-1.elf
 
12:22:18 **** Incremental Build of configuration Debug for project lab3-1 ****
make -j3 all 
make: Nothing to be done for `all'.
12:22:22 **** Incremental Build of configuration Debug for project lab3-1 ****
make -j3 all 
make: Nothing to be done for `all'.
12:22:24 **** Incremental Build of configuration Debug for project lab3-1 ****
make -j3 all 
make: Nothing to be done for `all'.
12:22:39 **** Incremental Build of configuration Debug for project lab3-1 ****
make -j3 all 
make: Nothing to be done for `all'.
12:22:47 **** Incremental Build of configuration Debug for project lab3-1 ****
make -j3 all 
Building file: ../src/main.s
Invoking: MCU GCC Assembler
/Users/samuelyu/Desktop/DesktopFile/MPSL/lab3/lab3-1/Debug
arm-none-eabi-as -mcpu=cortex-m4 -mthumb -mfloat-abi=hard -mfpu=fpv4-sp-d16 -g -o "src/main.o" "../src/main.s"
Finished building: ../src/main.s
 
Building target: lab3-1.elf
Invoking: MCU GCC Linker
arm-none-eabi-gcc -mcpu=cortex-m4 -mthumb -mfloat-abi=hard -mfpu=fpv4-sp-d16 -T"/Users/samuelyu/Desktop/DesktopFile/MPSL/lab3/lab3-1/LinkerScript.ld" -Wl,-Map=output.map -Wl,--gc-sections -o "lab3-1.elf" @"objects.list"   -lm
Finished building target: lab3-1.elf
 
/Library/Developer/CommandLineTools/usr/bin/make --no-print-directory post-build
Generating binary and Printing size information:
arm-none-eabi-objcopy -O binary "lab3-1.elf" "lab3-1.bin"
arm-none-eabi-size "lab3-1.elf"
   text	   data	    bss	    dec	    hex	filename
   1144	   1096	   1088	   3328	    d00	lab3-1.elf
 
12:22:50 **** Incremental Build of configuration Debug for project lab3-1 ****
make -j3 all 
make: Nothing to be done for `all'.
12:23:17 **** Incremental Build of configuration Debug for project lab3-1 ****
make -j3 all 
make: Nothing to be done for `all'.
12:23:31 **** Incremental Build of configuration Debug for project lab3-1 ****
make -j3 all 
Building file: ../src/main.s
Invoking: MCU GCC Assembler
/Users/samuelyu/Desktop/DesktopFile/MPSL/lab3/lab3-1/Debug
arm-none-eabi-as -mcpu=cortex-m4 -mthumb -mfloat-abi=hard -mfpu=fpv4-sp-d16 -g -o "src/main.o" "../src/main.s"
Finished building: ../src/main.s
 
Building target: lab3-1.elf
Invoking: MCU GCC Linker
arm-none-eabi-gcc -mcpu=cortex-m4 -mthumb -mfloat-abi=hard -mfpu=fpv4-sp-d16 -T"/Users/samuelyu/Desktop/DesktopFile/MPSL/lab3/lab3-1/LinkerScript.ld" -Wl,-Map=output.map -Wl,--gc-sections -o "lab3-1.elf" @"objects.list"   -lm
Finished building target: lab3-1.elf
 
/Library/Developer/CommandLineTools/usr/bin/make --no-print-directory post-build
Generating binary and Printing size information:
arm-none-eabi-objcopy -O binary "lab3-1.elf" "lab3-1.bin"
arm-none-eabi-size "lab3-1.elf"
   text	   data	    bss	    dec	    hex	filename
   1144	   1096	   1088	   3328	    d00	lab3-1.elf
 
12:28:16 **** Incremental Build of configuration Debug for project lab3-1 ****
make -j3 all 
Building file: ../src/main.s
Invoking: MCU GCC Assembler
/Users/samuelyu/Desktop/DesktopFile/MPSL/lab3/lab3-1/Debug
arm-none-eabi-as -mcpu=cortex-m4 -mthumb -mfloat-abi=hard -mfpu=fpv4-sp-d16 -g -o "src/main.o" "../src/main.s"
Finished building: ../src/main.s
 
Building target: lab3-1.elf
Invoking: MCU GCC Linker
arm-none-eabi-gcc -mcpu=cortex-m4 -mthumb -mfloat-abi=hard -mfpu=fpv4-sp-d16 -T"/Users/samuelyu/Desktop/DesktopFile/MPSL/lab3/lab3-1/LinkerScript.ld" -Wl,-Map=output.map -Wl,--gc-sections -o "lab3-1.elf" @"objects.list"   -lm
Finished building target: lab3-1.elf
 
/Library/Developer/CommandLineTools/usr/bin/make --no-print-directory post-build
Generating binary and Printing size information:
arm-none-eabi-objcopy -O binary "lab3-1.elf" "lab3-1.bin"
arm-none-eabi-size "lab3-1.elf"
   text	   data	    bss	    dec	    hex	filename
   1152	   1096	   1088	   3336	    d08	lab3-1.elf
 
12:28:19 **** Incremental Build of configuration Debug for project lab3-1 ****
make -j3 all 
make: Nothing to be done for `all'.
12:28:50 **** Incremental Build of configuration Debug for project lab3-1 ****
make -j3 all 
make: Nothing to be done for `all'.
12:33:51 **** Incremental Build of configuration Debug for project lab3-1 ****
make -j3 all 
Building file: ../src/main.s
Invoking: MCU GCC Assembler
/Users/samuelyu/Desktop/DesktopFile/MPSL/lab3/lab3-1/Debug
arm-none-eabi-as -mcpu=cortex-m4 -mthumb -mfloat-abi=hard -mfpu=fpv4-sp-d16 -g -o "src/main.o" "../src/main.s"
Finished building: ../src/main.s
 
Building target: lab3-1.elf
Invoking: MCU GCC Linker
arm-none-eabi-gcc -mcpu=cortex-m4 -mthumb -mfloat-abi=hard -mfpu=fpv4-sp-d16 -T"/Users/samuelyu/Desktop/DesktopFile/MPSL/lab3/lab3-1/LinkerScript.ld" -Wl,-Map=output.map -Wl,--gc-sections -o "lab3-1.elf" @"objects.list"   -lm
Finished building target: lab3-1.elf
 
/Library/Developer/CommandLineTools/usr/bin/make --no-print-directory post-build
Generating binary and Printing size information:
arm-none-eabi-objcopy -O binary "lab3-1.elf" "lab3-1.bin"
arm-none-eabi-size "lab3-1.elf"
   text	   data	    bss	    dec	    hex	filename
   1152	   1096	   1088	   3336	    d08	lab3-1.elf
 
12:33:53 **** Incremental Build of configuration Debug for project lab3-1 ****
make -j3 all 
make: Nothing to be done for `all'.
12:34:12 **** Incremental Build of configuration Debug for project lab3-1 ****
make -j3 all 
make: Nothing to be done for `all'.
12:34:16 **** Incremental Build of configuration Debug for project lab3-1 ****
make -j3 all 
make: Nothing to be done for `all'.
12:34:18 **** Incremental Build of configuration Debug for project lab3-1 ****
make -j3 all 
make: Nothing to be done for `all'.
12:36:16 **** Incremental Build of configuration Debug for project lab3-1 ****
make -j3 all 
Building file: ../src/main.s
Invoking: MCU GCC Assembler
/Users/samuelyu/Desktop/DesktopFile/MPSL/lab3/lab3-1/Debug
arm-none-eabi-as -mcpu=cortex-m4 -mthumb -mfloat-abi=hard -mfpu=fpv4-sp-d16 -g -o "src/main.o" "../src/main.s"
Finished building: ../src/main.s
 
Building target: lab3-1.elf
Invoking: MCU GCC Linker
arm-none-eabi-gcc -mcpu=cortex-m4 -mthumb -mfloat-abi=hard -mfpu=fpv4-sp-d16 -T"/Users/samuelyu/Desktop/DesktopFile/MPSL/lab3/lab3-1/LinkerScript.ld" -Wl,-Map=output.map -Wl,--gc-sections -o "lab3-1.elf" @"objects.list"   -lm
Finished building target: lab3-1.elf
 
/Library/Developer/CommandLineTools/usr/bin/make --no-print-directory post-build
Generating binary and Printing size information:
arm-none-eabi-objcopy -O binary "lab3-1.elf" "lab3-1.bin"
arm-none-eabi-size "lab3-1.elf"
   text	   data	    bss	    dec	    hex	filename
   1152	   1096	   1088	   3336	    d08	lab3-1.elf
 
12:36:18 **** Incremental Build of configuration Debug for project lab3-1 ****
make -j3 all 
make: Nothing to be done for `all'.
12:37:00 **** Incremental Build of configuration Debug for project lab3-1 ****
make -j3 all 
make: Nothing to be done for `all'.
12:37:07 **** Incremental Build of configuration Debug for project lab3-1 ****
make -j3 all 
Building file: ../src/main.s
Invoking: MCU GCC Assembler
/Users/samuelyu/Desktop/DesktopFile/MPSL/lab3/lab3-1/Debug
arm-none-eabi-as -mcpu=cortex-m4 -mthumb -mfloat-abi=hard -mfpu=fpv4-sp-d16 -g -o "src/main.o" "../src/main.s"
Finished building: ../src/main.s
 
Building target: lab3-1.elf
Invoking: MCU GCC Linker
arm-none-eabi-gcc -mcpu=cortex-m4 -mthumb -mfloat-abi=hard -mfpu=fpv4-sp-d16 -T"/Users/samuelyu/Desktop/DesktopFile/MPSL/lab3/lab3-1/LinkerScript.ld" -Wl,-Map=output.map -Wl,--gc-sections -o "lab3-1.elf" @"objects.list"   -lm
Finished building target: lab3-1.elf
 
/Library/Developer/CommandLineTools/usr/bin/make --no-print-directory post-build
Generating binary and Printing size information:
arm-none-eabi-objcopy -O binary "lab3-1.elf" "lab3-1.bin"
arm-none-eabi-size "lab3-1.elf"
   text	   data	    bss	    dec	    hex	filename
   1152	   1096	   1088	   3336	    d08	lab3-1.elf
 
12:37:11 **** Incremental Build of configuration Debug for project lab3-1 ****
make -j3 all 
make: Nothing to be done for `all'.
12:52:36 **** Incremental Build of configuration Debug for project lab3-1 ****
make -j3 all 
make: Nothing to be done for `all'.
13:33:42 **** Incremental Build of configuration Debug for project lab3-1 ****
make -j3 all 
make: Nothing to be done for `all'.
13:33:45 **** Incremental Build of configuration Debug for project lab3-1 ****
make -j3 all 
make: Nothing to be done for `all'.
13:41:59 **** Incremental Build of configuration Debug for project lab3-1 ****
make -j3 all 
make: Nothing to be done for `all'.
13:42:54 **** Incremental Build of configuration Debug for project lab3-1 ****
make -j3 all 
Building file: ../src/main.s
Invoking: MCU GCC Assembler
/Users/samuelyu/Desktop/DesktopFile/MPSL/lab3/lab3-1/Debug
arm-none-eabi-as -mcpu=cortex-m4 -mthumb -mfloat-abi=hard -mfpu=fpv4-sp-d16 -g -o "src/main.o" "../src/main.s"
Finished building: ../src/main.s
 
Building target: lab3-1.elf
Invoking: MCU GCC Linker
arm-none-eabi-gcc -mcpu=cortex-m4 -mthumb -mfloat-abi=hard -mfpu=fpv4-sp-d16 -T"/Users/samuelyu/Desktop/DesktopFile/MPSL/lab3/lab3-1/LinkerScript.ld" -Wl,-Map=output.map -Wl,--gc-sections -o "lab3-1.elf" @"objects.list"   -lm
Finished building target: lab3-1.elf
 
/Library/Developer/CommandLineTools/usr/bin/make --no-print-directory post-build
Generating binary and Printing size information:
arm-none-eabi-objcopy -O binary "lab3-1.elf" "lab3-1.bin"
arm-none-eabi-size "lab3-1.elf"
   text	   data	    bss	    dec	    hex	filename
   1152	   1096	   1088	   3336	    d08	lab3-1.elf
 
13:42:58 **** Incremental Build of configuration Debug for project lab3-1 ****
make -j3 all 
make: Nothing to be done for `all'.
13:43:01 **** Incremental Build of configuration Debug for project lab3-1 ****
make -j3 all 
make: Nothing to be done for `all'.
13:44:40 **** Incremental Build of configuration Debug for project lab3-1 ****
make -j3 all 
Building file: ../src/main.s
Invoking: MCU GCC Assembler
/Users/samuelyu/Desktop/DesktopFile/MPSL/lab3/lab3-1/Debug
arm-none-eabi-as -mcpu=cortex-m4 -mthumb -mfloat-abi=hard -mfpu=fpv4-sp-d16 -g -o "src/main.o" "../src/main.s"
../src/main.s: Assembler messages:
../src/main.s:79: Error: invalid constant (ffffffffffffe7ff) after fixup
make: *** [src/main.o] Error 1
13:45:06 **** Incremental Build of configuration Debug for project lab3-1 ****
make -j3 all 
Building file: ../src/main.s
Invoking: MCU GCC Assembler
/Users/samuelyu/Desktop/DesktopFile/MPSL/lab3/lab3-1/Debug
[...]
arm-none-eabi-size "lab3_3.elf"
   text	   data	    bss	    dec	    hex	filename
   1160	   1096	   1088	   3344	    d10	lab3_3.elf
 
15:16:03 **** Incremental Build of configuration Debug for project lab3_3 ****
make -j3 all 
make: Nothing to be done for `all'.
15:16:08 **** Incremental Build of configuration Debug for project lab3_3 ****
make -j3 all 
make: Nothing to be done for `all'.
15:20:14 **** Incremental Build of configuration Debug for project lab3_3 ****
make -j3 all 
make: Nothing to be done for `all'.
17:57:04 **** Incremental Build of configuration Debug for project lab3-1 ****
make -j3 all 
make: Nothing to be done for `all'.
17:57:05 **** Incremental Build of configuration Debug for project lab3_3 ****
make -j3 all 
Building file: ../src/main.s
Invoking: MCU GCC Assembler
/Users/samuelyu/Desktop/DesktopFile/MPSL/lab3/lab3_3/Debug
arm-none-eabi-as -mcpu=cortex-m4 -mthumb -mfloat-abi=hard -mfpu=fpv4-sp-d16 -g -o "src/main.o" "../src/main.s"
Finished building: ../src/main.s
 
Building target: lab3_3.elf
Invoking: MCU GCC Linker
arm-none-eabi-gcc -mcpu=cortex-m4 -mthumb -mfloat-abi=hard -mfpu=fpv4-sp-d16 -T"/Users/samuelyu/Desktop/DesktopFile/MPSL/lab3/lab3_3/LinkerScript.ld" -Wl,-Map=output.map -Wl,--gc-sections -o "lab3_3.elf" @"objects.list"   -lm
Finished building target: lab3_3.elf
 
/Library/Developer/CommandLineTools/usr/bin/make --no-print-directory post-build
Generating binary and Printing size information:
arm-none-eabi-objcopy -O binary "lab3_3.elf" "lab3_3.bin"
arm-none-eabi-size "lab3_3.elf"
   text	   data	    bss	    dec	    hex	filename
   1184	   1096	   1088	   3368	    d28	lab3_3.elf
 
17:57:07 **** Incremental Build of configuration Debug for project lab3_3 ****
make -j3 all 
make: Nothing to be done for `all'.
17:58:40 **** Incremental Build of configuration Debug for project lab3-1 ****
make -j3 all 
make: Nothing to be done for `all'.
17:58:40 **** Incremental Build of configuration Debug for project lab3_3 ****
make -j3 all 
Building file: ../src/main.s
Invoking: MCU GCC Assembler
/Users/samuelyu/Desktop/DesktopFile/MPSL/lab3/lab3_3/Debug
arm-none-eabi-as -mcpu=cortex-m4 -mthumb -mfloat-abi=hard -mfpu=fpv4-sp-d16 -g -o "src/main.o" "../src/main.s"
Finished building: ../src/main.s
 
Building target: lab3_3.elf
Invoking: MCU GCC Linker
arm-none-eabi-gcc -mcpu=cortex-m4 -mthumb -mfloat-abi=hard -mfpu=fpv4-sp-d16 -T"/Users/samuelyu/Desktop/DesktopFile/MPSL/lab3/lab3_3/LinkerScript.ld" -Wl,-Map=output.map -Wl,--gc-sections -o "lab3_3.elf" @"objects.list"   -lm
Finished building target: lab3_3.elf
 
/Library/Developer/CommandLineTools/usr/bin/make --no-print-directory post-build
Generating binary and Printing size information:
arm-none-eabi-objcopy -O binary "lab3_3.elf" "lab3_3.bin"
arm-none-eabi-size "lab3_3.elf"
   text	   data	    bss	    dec	    hex	filename
   1184	   1096	   1088	   3368	    d28	lab3_3.elf
 
17:58:41 **** Incremental Build of configuration Debug for project lab3_3 ****
make -j3 all 
make: Nothing to be done for `all'.
17:59:17 **** Incremental Build of configuration Debug for project lab3_3 ****
make -j3 all 
make: Nothing to be done for `all'.
17:59:22 **** Incremental Build of configuration Debug for project lab3-1 ****
make -j3 all 
make: Nothing to be done for `all'.
17:59:22 **** Incremental Build of configuration Debug for project lab3_3 ****
make -j3 all 
make: Nothing to be done for `all'.
18:04:44 **** Incremental Build of configuration Debug for project lab3-1 ****
make -j3 all 
make: Nothing to be done for `all'.
18:04:44 **** Incremental Build of configuration Debug for project lab3_3 ****
make -j3 all 
Building file: ../src/main.s
Invoking: MCU GCC Assembler
/Users/samuelyu/Desktop/DesktopFile/MPSL/lab3/lab3_3/Debug
arm-none-eabi-as -mcpu=cortex-m4 -mthumb -mfloat-abi=hard -mfpu=fpv4-sp-d16 -g -o "src/main.o" "../src/main.s"
Finished building: ../src/main.s
 
Building target: lab3_3.elf
Invoking: MCU GCC Linker
arm-none-eabi-gcc -mcpu=cortex-m4 -mthumb -mfloat-abi=hard -mfpu=fpv4-sp-d16 -T"/Users/samuelyu/Desktop/DesktopFile/MPSL/lab3/lab3_3/LinkerScript.ld" -Wl,-Map=output.map -Wl,--gc-sections -o "lab3_3.elf" @"objects.list"   -lm
Finished building target: lab3_3.elf
 
/Library/Developer/CommandLineTools/usr/bin/make --no-print-directory post-build
Generating binary and Printing size information:
arm-none-eabi-objcopy -O binary "lab3_3.elf" "lab3_3.bin"
arm-none-eabi-size "lab3_3.elf"
   text	   data	    bss	    dec	    hex	filename
   1200	   1096	   1088	   3384	    d38	lab3_3.elf
 
18:04:47 **** Incremental Build of configuration Debug for project lab3_3 ****
make -j3 all 
make: Nothing to be done for `all'.
18:05:14 **** Incremental Build of configuration Debug for project lab3_3 ****
make -j3 all 
Building file: ../src/main.s
Invoking: MCU GCC Assembler
/Users/samuelyu/Desktop/DesktopFile/MPSL/lab3/lab3_3/Debug
arm-none-eabi-as -mcpu=cortex-m4 -mthumb -mfloat-abi=hard -mfpu=fpv4-sp-d16 -g -o "src/main.o" "../src/main.s"
Finished building: ../src/main.s
 
Building target: lab3_3.elf
Invoking: MCU GCC Linker
arm-none-eabi-gcc -mcpu=cortex-m4 -mthumb -mfloat-abi=hard -mfpu=fpv4-sp-d16 -T"/Users/samuelyu/Desktop/DesktopFile/MPSL/lab3/lab3_3/LinkerScript.ld" -Wl,-Map=output.map -Wl,--gc-sections -o "lab3_3.elf" @"objects.list"   -lm
Finished building target: lab3_3.elf
 
/Library/Developer/CommandLineTools/usr/bin/make --no-print-directory post-build
Generating binary and Printing size information:
arm-none-eabi-objcopy -O binary "lab3_3.elf" "lab3_3.bin"
arm-none-eabi-size "lab3_3.elf"
   text	   data	    bss	    dec	    hex	filename
   1200	   1096	   1088	   3384	    d38	lab3_3.elf
 
18:05:18 **** Incremental Build of configuration Debug for project lab3-1 ****
make -j3 all 
make: Nothing to be done for `all'.
18:05:19 **** Incremental Build of configuration Debug for project lab3_3 ****
make -j3 all 
make: Nothing to be done for `all'.
18:05:21 **** Incremental Build of configuration Debug for project lab3_3 ****
make -j3 all 
make: Nothing to be done for `all'.
18:08:17 **** Incremental Build of configuration Debug for project lab3_3 ****
make -j3 all 
Building file: ../src/main.s
Invoking: MCU GCC Assembler
/Users/samuelyu/Desktop/DesktopFile/MPSL/lab3/lab3_3/Debug
arm-none-eabi-as -mcpu=cortex-m4 -mthumb -mfloat-abi=hard -mfpu=fpv4-sp-d16 -g -o "src/main.o" "../src/main.s"
Finished building: ../src/main.s
 
Building target: lab3_3.elf
Invoking: MCU GCC Linker
arm-none-eabi-gcc -mcpu=cortex-m4 -mthumb -mfloat-abi=hard -mfpu=fpv4-sp-d16 -T"/Users/samuelyu/Desktop/DesktopFile/MPSL/lab3/lab3_3/LinkerScript.ld" -Wl,-Map=output.map -Wl,--gc-sections -o "lab3_3.elf" @"objects.list"   -lm
Finished building target: lab3_3.elf
 
/Library/Developer/CommandLineTools/usr/bin/make --no-print-directory post-build
Generating binary and Printing size information:
arm-none-eabi-objcopy -O binary "lab3_3.elf" "lab3_3.bin"
arm-none-eabi-size "lab3_3.elf"
   text	   data	    bss	    dec	    hex	filename
   1200	   1096	   1088	   3384	    d38	lab3_3.elf
 
18:08:20 **** Incremental Build of configuration Debug for project lab3-1 ****
make -j3 all 
make: Nothing to be done for `all'.
18:08:20 **** Incremental Build of configuration Debug for project lab3_3 ****
make -j3 all 
make: Nothing to be done for `all'.
18:08:22 **** Incremental Build of configuration Debug for project lab3_3 ****
make -j3 all 
make: Nothing to be done for `all'.
18:09:21 **** Incremental Build of configuration Debug for project lab3-1 ****
make -j3 all 
make: Nothing to be done for `all'.
18:09:21 **** Incremental Build of configuration Debug for project lab3_3 ****
make -j3 all 
Building file: ../src/main.s
Invoking: MCU GCC Assembler
/Users/samuelyu/Desktop/DesktopFile/MPSL/lab3/lab3_3/Debug
arm-none-eabi-as -mcpu=cortex-m4 -mthumb -mfloat-abi=hard -mfpu=fpv4-sp-d16 -g -o "src/main.o" "../src/main.s"
Finished building: ../src/main.s
 
Building target: lab3_3.elf
Invoking: MCU GCC Linker
arm-none-eabi-gcc -mcpu=cortex-m4 -mthumb -mfloat-abi=hard -mfpu=fpv4-sp-d16 -T"/Users/samuelyu/Desktop/DesktopFile/MPSL/lab3/lab3_3/LinkerScript.ld" -Wl,-Map=output.map -Wl,--gc-sections -o "lab3_3.elf" @"objects.list"   -lm
Finished building target: lab3_3.elf
 
/Library/Developer/CommandLineTools/usr/bin/make --no-print-directory post-build
Generating binary and Printing size information:
arm-none-eabi-objcopy -O binary "lab3_3.elf" "lab3_3.bin"
arm-none-eabi-size "lab3_3.elf"
   text	   data	    bss	    dec	    hex	filename
   1200	   1096	   1088	   3384	    d38	lab3_3.elf
 
18:09:23 **** Incremental Build of configuration Debug for project lab3_3 ****
make -j3 all 
make: Nothing to be done for `all'.
18:12:37 **** Incremental Build of configuration Debug for project lab3-1 ****
make -j3 all 
make: Nothing to be done for `all'.
18:12:37 **** Incremental Build of configuration Debug for project lab3_3 ****
make -j3 all 
Building file: ../src/main.s
Invoking: MCU GCC Assembler
/Users/samuelyu/Desktop/DesktopFile/MPSL/lab3/lab3_3/Debug
arm-none-eabi-as -mcpu=cortex-m4 -mthumb -mfloat-abi=hard -mfpu=fpv4-sp-d16 -g -o "src/main.o" "../src/main.s"
Finished building: ../src/main.s
 
Building target: lab3_3.elf
Invoking: MCU GCC Linker
arm-none-eabi-gcc -mcpu=cortex-m4 -mthumb -mfloat-abi=hard -mfpu=fpv4-sp-d16 -T"/Users/samuelyu/Desktop/DesktopFile/MPSL/lab3/lab3_3/LinkerScript.ld" -Wl,-Map=output.map -Wl,--gc-sections -o "lab3_3.elf" @"objects.list"   -lm
Finished building target: lab3_3.elf
 
/Library/Developer/CommandLineTools/usr/bin/make --no-print-directory post-build
Generating binary and Printing size information:
arm-none-eabi-objcopy -O binary "lab3_3.elf" "lab3_3.bin"
arm-none-eabi-size "lab3_3.elf"
   text	   data	    bss	    dec	    hex	filename
   1192	   1096	   1088	   3376	    d30	lab3_3.elf
 
18:12:39 **** Incremental Build of configuration Debug for project lab3_3 ****
make -j3 all 
make: Nothing to be done for `all'.
18:16:49 **** Incremental Build of configuration Debug for project lab3-1 ****
make -j3 all 
make: Nothing to be done for `all'.
18:16:49 **** Incremental Build of configuration Debug for project lab3_3 ****
make -j3 all 
Building file: ../src/main.s
Invoking: MCU GCC Assembler
/Users/samuelyu/Desktop/DesktopFile/MPSL/lab3/lab3_3/Debug
arm-none-eabi-as -mcpu=cortex-m4 -mthumb -mfloat-abi=hard -mfpu=fpv4-sp-d16 -g -o "src/main.o" "../src/main.s"
Finished building: ../src/main.s
 
Building target: lab3_3.elf
Invoking: MCU GCC Linker
arm-none-eabi-gcc -mcpu=cortex-m4 -mthumb -mfloat-abi=hard -mfpu=fpv4-sp-d16 -T"/Users/samuelyu/Desktop/DesktopFile/MPSL/lab3/lab3_3/LinkerScript.ld" -Wl,-Map=output.map -Wl,--gc-sections -o "lab3_3.elf" @"objects.list"   -lm
Finished building target: lab3_3.elf
 
/Library/Developer/CommandLineTools/usr/bin/make --no-print-directory post-build
Generating binary and Printing size information:
arm-none-eabi-objcopy -O binary "lab3_3.elf" "lab3_3.bin"
arm-none-eabi-size "lab3_3.elf"
   text	   data	    bss	    dec	    hex	filename
   1200	   1096	   1088	   3384	    d38	lab3_3.elf
 
18:16:51 **** Incremental Build of configuration Debug for project lab3_3 ****
make -j3 all 
make: Nothing to be done for `all'.
18:23:42 **** Incremental Build of configuration Debug for project lab3-1 ****
make -j3 all 
make: Nothing to be done for `all'.
18:23:42 **** Incremental Build of configuration Debug for project lab3_3 ****
make -j3 all 
Building file: ../src/main.s
Invoking: MCU GCC Assembler
/Users/samuelyu/Desktop/DesktopFile/MPSL/lab3/lab3_3/Debug
arm-none-eabi-as -mcpu=cortex-m4 -mthumb -mfloat-abi=hard -mfpu=fpv4-sp-d16 -g -o "src/main.o" "../src/main.s"
Finished building: ../src/main.s
 
Building target: lab3_3.elf
Invoking: MCU GCC Linker
arm-none-eabi-gcc -mcpu=cortex-m4 -mthumb -mfloat-abi=hard -mfpu=fpv4-sp-d16 -T"/Users/samuelyu/Desktop/DesktopFile/MPSL/lab3/lab3_3/LinkerScript.ld" -Wl,-Map=output.map -Wl,--gc-sections -o "lab3_3.elf" @"objects.list"   -lm
Finished building target: lab3_3.elf
 
/Library/Developer/CommandLineTools/usr/bin/make --no-print-directory post-build
Generating binary and Printing size information:
arm-none-eabi-objcopy -O binary "lab3_3.elf" "lab3_3.bin"
arm-none-eabi-size "lab3_3.elf"
   text	   data	    bss	    dec	    hex	filename
   1200	   1096	   1088	   3384	    d38	lab3_3.elf
 
18:23:45 **** Incremental Build of configuration Debug for project lab3_3 ****
make -j3 all 
make: Nothing to be done for `all'.
18:24:12 **** Incremental Build of configuration Debug for project lab3_3 ****
make -j3 all 
make: Nothing to be done for `all'.
18:26:36 **** Incremental Build of configuration Debug for project lab3-1 ****
make -j3 all 
make: Nothing to be done for `all'.
18:26:36 **** Incremental Build of configuration Debug for project lab3_3 ****
make -j3 all 
Building file: ../src/main.s
Invoking: MCU GCC Assembler
/Users/samuelyu/Desktop/DesktopFile/MPSL/lab3/lab3_3/Debug
arm-none-eabi-as -mcpu=cortex-m4 -mthumb -mfloat-abi=hard -mfpu=fpv4-sp-d16 -g -o "src/main.o" "../src/main.s"
Finished building: ../src/main.s
 
Building target: lab3_3.elf
Invoking: MCU GCC Linker
arm-none-eabi-gcc -mcpu=cortex-m4 -mthumb -mfloat-abi=hard -mfpu=fpv4-sp-d16 -T"/Users/samuelyu/Desktop/DesktopFile/MPSL/lab3/lab3_3/LinkerScript.ld" -Wl,-Map=output.map -Wl,--gc-sections -o "lab3_3.elf" @"objects.list"   -lm
Finished building target: lab3_3.elf
 
/Library/Developer/CommandLineTools/usr/bin/make --no-print-directory post-build
Generating binary and Printing size information:
arm-none-eabi-objcopy -O binary "lab3_3.elf" "lab3_3.bin"
arm-none-eabi-size "lab3_3.elf"
   text	   data	    bss	    dec	    hex	filename
   1200	   1096	   1088	   3384	    d38	lab3_3.elf
 
18:26:38 **** Incremental Build of configuration Debug for project lab3_3 ****
make -j3 all 
make: Nothing to be done for `all'.
18:27:22 **** Incremental Build of configuration Debug for project lab3_3 ****
make -j3 all 
make: Nothing to be done for `all'.
18:30:05 **** Incremental Build of configuration Debug for project lab3_3 ****
make -j3 all 
Building file: ../src/main.s
Invoking: MCU GCC Assembler
/Users/samuelyu/Desktop/DesktopFile/MPSL/lab3/lab3_3/Debug
arm-none-eabi-as -mcpu=cortex-m4 -mthumb -mfloat-abi=hard -mfpu=fpv4-sp-d16 -g -o "src/main.o" "../src/main.s"
Finished building: ../src/main.s
 
Building target: lab3_3.elf
Invoking: MCU GCC Linker
arm-none-eabi-gcc -mcpu=cortex-m4 -mthumb -mfloat-abi=hard -mfpu=fpv4-sp-d16 -T"/Users/samuelyu/Desktop/DesktopFile/MPSL/lab3/lab3_3/LinkerScript.ld" -Wl,-Map=output.map -Wl,--gc-sections -o "lab3_3.elf" @"objects.list"   -lm
Finished building target: lab3_3.elf
 
/Library/Developer/CommandLineTools/usr/bin/make --no-print-directory post-build
Generating binary and Printing size information:
arm-none-eabi-objcopy -O binary "lab3_3.elf" "lab3_3.bin"
arm-none-eabi-size "lab3_3.elf"
   text	   data	    bss	    dec	    hex	filename
   1200	   1096	   1088	   3384	    d38	lab3_3.elf
 
18:31:12 **** Incremental Build of configuration Debug for project lab3-1 ****
make -j3 all 
make: Nothing to be done for `all'.
18:31:12 **** Incremental Build of configuration Debug for project lab3_3 ****
make -j3 all 
Building file: ../src/main.s
Invoking: MCU GCC Assembler
/Users/samuelyu/Desktop/DesktopFile/MPSL/lab3/lab3_3/Debug
arm-none-eabi-as -mcpu=cortex-m4 -mthumb -mfloat-abi=hard -mfpu=fpv4-sp-d16 -g -o "src/main.o" "../src/main.s"
Finished building: ../src/main.s
 
Building target: lab3_3.elf
Invoking: MCU GCC Linker
arm-none-eabi-gcc -mcpu=cortex-m4 -mthumb -mfloat-abi=hard -mfpu=fpv4-sp-d16 -T"/Users/samuelyu/Desktop/DesktopFile/MPSL/lab3/lab3_3/LinkerScript.ld" -Wl,-Map=output.map -Wl,--gc-sections -o "lab3_3.elf" @"objects.list"   -lm
Finished building target: lab3_3.elf
 
/Library/Developer/CommandLineTools/usr/bin/make --no-print-directory post-build
Generating binary and Printing size information:
arm-none-eabi-objcopy -O binary "lab3_3.elf" "lab3_3.bin"
arm-none-eabi-size "lab3_3.elf"
   text	   data	    bss	    dec	    hex	filename
   1200	   1096	   1088	   3384	    d38	lab3_3.elf
 
18:31:46 **** Incremental Build of configuration Debug for project lab3_3 ****
make -j3 all 
make: Nothing to be done for `all'.
18:50:45 **** Incremental Build of configuration Debug for project lab3_3 ****
make -j3 all 
make: Nothing to be done for `all'.
18:51:30 **** Incremental Build of configuration Debug for project lab3_3 ****
make -j3 all 
make: Nothing to be done for `all'.
18:51:36 **** Incremental Build of configuration Debug for project lab3_3 ****
make -j3 all 
make: Nothing to be done for `all'.
18:53:55 **** Incremental Build of configuration Debug for project lab3_3 ****
make -j3 all 
make: Nothing to be done for `all'.
18:54:02 **** Incremental Build of configuration Debug for project lab3-1 ****
make -j3 all 
make: Nothing to be done for `all'.
18:54:02 **** Incremental Build of configuration Debug for project lab3_3 ****
make -j3 all 
make: Nothing to be done for `all'.
18:54:05 **** Incremental Build of configuration Debug for project lab3_3 ****
make -j3 all 
make: Nothing to be done for `all'.
18:54:25 **** Incremental Build of configuration Debug for project lab3_3 ****
make -j3 all 
make: Nothing to be done for `all'.
18:54:56 **** Incremental Build of configuration Debug for project lab3_3 ****
make -j3 all 
make: Nothing to be done for `all'.
18:56:41 **** Incremental Build of configuration Debug for project lab3-1 ****
make -j3 all 
make: Nothing to be done for `all'.
18:56:42 **** Incremental Build of configuration Debug for project lab3_3 ****
make -j3 all 
make: Nothing to be done for `all'.
18:56:46 **** Incremental Build of configuration Debug for project lab3-1 ****
make -j3 all 
make: Nothing to be done for `all'.
18:56:53 **** Incremental Build of configuration Debug for project lab3-1 ****
make -j3 all 
make: Nothing to be done for `all'.
18:56:57 **** Incremental Build of configuration Debug for project lab3-1 ****
make -j3 all 
make: Nothing to be done for `all'.
19:02:08 **** Incremental Build of configuration Debug for project lab3-1 ****
make -j3 all 
make: Nothing to be done for `all'.
19:02:08 **** Incremental Build of configuration Debug for project lab3_3 ****
make -j3 all 
make: Nothing to be done for `all'.
19:02:12 **** Incremental Build of configuration Debug for project lab3_3 ****
make -j3 all 
make: Nothing to be done for `all'.
19:21:28 **** Incremental Build of configuration Debug for project lab3-1 ****
make -j3 all 
make: Nothing to be done for `all'.
19:21:56 **** Incremental Build of configuration Debug for project lab3-1 ****
make -j3 all 
make: Nothing to be done for `all'.
19:21:56 **** Incremental Build of configuration Debug for project lab3_3 ****
make -j3 all 
make: Nothing to be done for `all'.
19:22:00 **** Incremental Build of configuration Debug for project lab3_3 ****
make -j3 all 
make: Nothing to be done for `all'.
19:26:49 **** Incremental Build of configuration Debug for project lab3_3 ****
make -j3 all 
make: Nothing to be done for `all'.
15:42:54 **** Incremental Build of configuration Debug for project lab3-1 ****
make -j3 all 
make: Nothing to be done for `all'.
15:42:54 **** Incremental Build of configuration Debug for project lab3_3 ****
make -j3 all 
make: Nothing to be done for `all'.
15:42:57 **** Incremental Build of configuration Debug for project lab3_3 ****
make -j3 all 
make: Nothing to be done for `all'.
15:43:05 **** Incremental Build of configuration Debug for project lab3_3 ****
make -j3 all 
make: Nothing to be done for `all'.
15:43:39 **** Incremental Build of configuration Debug for project lab3-1 ****
make -j3 all 
make: Nothing to be done for `all'.
15:43:39 **** Incremental Build of configuration Debug for project lab3_3 ****
make -j3 all 
make: Nothing to be done for `all'.
15:43:41 **** Incremental Build of configuration Debug for project lab3-1 ****
make -j3 all 
make: Nothing to be done for `all'.
