15:38:51 **** Build of configuration Debug for project 6-1 ****
make -j3 all 
Building file: ../startup/startup_stm32.s
Building file: ../startup/sysmem.c
Invoking: MCU GCC Assembler
Invoking: MCU GCC Compiler
/Users/samuelyu/Desktop/DesktopFile/MPSL/lab6/6-1/Debug
/Users/samuelyu/Desktop/DesktopFile/MPSL/lab6/6-1/Debug
arm-none-eabi-gcc -mcpu=cortex-m4 -mthumb -mfloat-abi=hard -mfpu=fpv4-sp-d16 -DSTM32 -DSTM32L4 -DSTM32L476RGTx -DNUCLEO_L476RG -DDEBUG -I/Users/samuelyu/Desktop/DesktopFile/MPSL/lab6/6-1/inc -O0 -g3 -Wall -fmessage-length=0 -ffunction-sections -c -MMD -MP -MF"startup/sysmem.d" -MT"startup/sysmem.o" -o "startup/sysmem.o" "../startup/sysmem.c"
Building file: ../src/func.s
arm-none-eabi-as -mcpu=cortex-m4 -mthumb -mfloat-abi=hard -mfpu=fpv4-sp-d16 -g -o "startup/startup_stm32.o" "../startup/startup_stm32.s"
Invoking: MCU GCC Assembler
/Users/samuelyu/Desktop/DesktopFile/MPSL/lab6/6-1/Debug
arm-none-eabi-as -mcpu=cortex-m4 -mthumb -mfloat-abi=hard -mfpu=fpv4-sp-d16 -g -o "src/func.o" "../src/func.s"
Finished building: ../startup/startup_stm32.s
 
Building file: ../src/main.c
Finished building: ../src/func.s
Invoking: MCU GCC Compiler
 
/Users/samuelyu/Desktop/DesktopFile/MPSL/lab6/6-1/Debug
arm-none-eabi-gcc -mcpu=cortex-m4 -mthumb -mfloat-abi=hard -mfpu=fpv4-sp-d16 -DSTM32 -DSTM32L4 -DSTM32L476RGTx -DNUCLEO_L476RG -DDEBUG -I/Users/samuelyu/Desktop/DesktopFile/MPSL/lab6/6-1/inc -O0 -g3 -Wall -fmessage-length=0 -ffunction-sections -c -MMD -MP -MF"src/main.d" -MT"src/main.o" -o "src/main.o" "../src/main.c"
../src/main.c:14:6: warning: return type of 'main' is not 'int' [-Wmain]
 void main() {
      ^~~~
Finished building: ../startup/sysmem.c
 
Finished building: ../src/main.c
 
Building target: 6-1.elf
Invoking: MCU GCC Linker
arm-none-eabi-gcc -mcpu=cortex-m4 -mthumb -mfloat-abi=hard -mfpu=fpv4-sp-d16 -T"/Users/samuelyu/Desktop/DesktopFile/MPSL/lab6/6-1/LinkerScript.ld" -Wl,-Map=output.map -Wl,--gc-sections -o "6-1.elf" @"objects.list"   -lm
src/main.o: In function `main':
/Users/samuelyu/Desktop/DesktopFile/MPSL/lab6/6-1/Debug/../src/main.c:15: undefined reference to `GPIO_init'
/Users/samuelyu/Desktop/DesktopFile/MPSL/lab6/6-1/Debug/../src/main.c:17: undefined reference to `LEDON'
collect2: error: ld returned 1 exit status
make: *** [6-1.elf] Error 1
15:40:04 **** Incremental Build of configuration Debug for project 6-1 ****
make -j3 all 
Building file: ../src/func.s
Invoking: MCU GCC Assembler
/Users/samuelyu/Desktop/DesktopFile/MPSL/lab6/6-1/Debug
arm-none-eabi-as -mcpu=cortex-m4 -mthumb -mfloat-abi=hard -mfpu=fpv4-sp-d16 -g -o "src/func.o" "../src/func.s"
Finished building: ../src/func.s
 
Building target: 6-1.elf
Invoking: MCU GCC Linker
arm-none-eabi-gcc -mcpu=cortex-m4 -mthumb -mfloat-abi=hard -mfpu=fpv4-sp-d16 -T"/Users/samuelyu/Desktop/DesktopFile/MPSL/lab6/6-1/LinkerScript.ld" -Wl,-Map=output.map -Wl,--gc-sections -o "6-1.elf" @"objects.list"   -lm
Finished building target: 6-1.elf
 
/Library/Developer/CommandLineTools/usr/bin/make --no-print-directory post-build
Generating binary and Printing size information:
arm-none-eabi-objcopy -O binary "6-1.elf" "6-1.bin"
arm-none-eabi-size "6-1.elf"
   text	   data	    bss	    dec	    hex	filename
   1032	   1088	   1088	   3208	    c88	6-1.elf
 
15:40:15 **** Incremental Build of configuration Debug for project 6-1 ****
make -j3 all 
make: Nothing to be done for `all'.
15:40:38 **** Incremental Build of configuration Debug for project 6-1 ****
make -j3 all 
Building file: ../src/main.c
Invoking: MCU GCC Compiler
/Users/samuelyu/Desktop/DesktopFile/MPSL/lab6/6-1/Debug
arm-none-eabi-gcc -mcpu=cortex-m4 -mthumb -mfloat-abi=hard -mfpu=fpv4-sp-d16 -DSTM32 -DSTM32L4 -DSTM32L476RGTx -DNUCLEO_L476RG -DDEBUG -I/Users/samuelyu/Desktop/DesktopFile/MPSL/lab6/6-1/inc -O0 -g3 -Wall -fmessage-length=0 -ffunction-sections -c -MMD -MP -MF"src/main.d" -MT"src/main.o" -o "src/main.o" "../src/main.c"
../src/main.c:14:6: warning: return type of 'main' is not 'int' [-Wmain]
 void main() {
      ^~~~
Finished building: ../src/main.c
 
Building target: 6-1.elf
Invoking: MCU GCC Linker
arm-none-eabi-gcc -mcpu=cortex-m4 -mthumb -mfloat-abi=hard -mfpu=fpv4-sp-d16 -T"/Users/samuelyu/Desktop/DesktopFile/MPSL/lab6/6-1/LinkerScript.ld" -Wl,-Map=output.map -Wl,--gc-sections -o "6-1.elf" @"objects.list"   -lm
Finished building target: 6-1.elf
 
/Library/Developer/CommandLineTools/usr/bin/make --no-print-directory post-build
Generating binary and Printing size information:
arm-none-eabi-objcopy -O binary "6-1.elf" "6-1.bin"
arm-none-eabi-size "6-1.elf"
   text	   data	    bss	    dec	    hex	filename
   1040	   1088	   1088	   3216	    c90	6-1.elf
 
15:40:41 **** Incremental Build of configuration Debug for project 6-1 ****
make -j3 all 
make: Nothing to be done for `all'.
15:44:12 **** Build of configuration Debug for project 6-1 ****
make -j3 all 
Building target: 6-1.elf
Invoking: MCU GCC Linker
arm-none-eabi-gcc -mcpu=cortex-m4 -mthumb -mfloat-abi=hard -mfpu=fpv4-sp-d16 -T"/Users/samuelyu/Desktop/DesktopFile/MPSL/lab6/6-1/LinkerScript.ld" -Wl,-Map=output.map -Wl,--gc-sections -o "6-1.elf" @"objects.list"   -lm
Finished building target: 6-1.elf
 
/Library/Developer/CommandLineTools/usr/bin/make --no-print-directory post-build
Generating binary and Printing size information:
arm-none-eabi-objcopy -O binary "6-1.elf" "6-1.bin"
arm-none-eabi-size "6-1.elf"
   text	   data	    bss	    dec	    hex	filename
   1040	   1088	   1088	   3216	    c90	6-1.elf
 
15:44:58 **** Incremental Build of configuration Debug for project 6-1 ****
make -j3 all 
make: Nothing to be done for `all'.
15:45:01 **** Incremental Build of configuration Debug for project 6-1 ****
make -j3 all 
make: Nothing to be done for `all'.
15:45:08 **** Incremental Build of configuration Debug for project 6-1 ****
make -j3 all 
make: Nothing to be done for `all'.
15:45:36 **** Incremental Build of configuration Debug for project 6-1 ****
make -j3 all 
make: Nothing to be done for `all'.
16:25:31 **** Incremental Build of configuration Debug for project 6-1 ****
make -j3 all 
Building file: ../src/main.c
Invoking: MCU GCC Compiler
/Users/samuelyu/Desktop/DesktopFile/MPSL/lab6/6-1/Debug
arm-none-eabi-gcc -mcpu=cortex-m4 -mthumb -mfloat-abi=hard -mfpu=fpv4-sp-d16 -DSTM32 -DSTM32L4 -DSTM32L476RGTx -DNUCLEO_L476RG -DDEBUG -I/Users/samuelyu/Desktop/DesktopFile/MPSL/lab6/6-1/inc -O0 -g3 -Wall -fmessage-length=0 -ffunction-sections -c -MMD -MP -MF"src/main.d" -MT"src/main.o" -o "src/main.o" "../src/main.c"
../src/main.c: In function 'SystemClock_Config':
../src/main.c:20:2: warning: implicit declaration of function 'SET_REG' [-Wimplicit-function-declaration]
  SET_REG(RCC->CFGR, RCC_CFGR_HPRE, 8<<4);//SYSCLK divide by 2. SYSCLK = 16MHz/2 = 8Mhz
  ^~~~~~~
../src/main.c: At top level:
../src/main.c:26:6: warning: return type of 'main' is not 'int' [-Wmain]
 void main() {
      ^~~~
Finished building: ../src/main.c
 
Building target: 6-1.elf
Invoking: MCU GCC Linker
arm-none-eabi-gcc -mcpu=cortex-m4 -mthumb -mfloat-abi=hard -mfpu=fpv4-sp-d16 -T"/Users/samuelyu/Desktop/DesktopFile/MPSL/lab6/6-1/LinkerScript.ld" -Wl,-Map=output.map -Wl,--gc-sections -o "6-1.elf" @"objects.list"   -lm
src/main.o: In function `SystemClock_Config':
/Users/samuelyu/Desktop/DesktopFile/MPSL/lab6/6-1/Debug/../src/main.c:20: undefined reference to `SET_REG'
collect2: error: ld returned 1 exit status
make: *** [6-1.elf] Error 1
16:28:18 **** Incremental Build of configuration Debug for project 6-1 ****
make -j3 all 
Building file: ../src/main.c
Invoking: MCU GCC Compiler
/Users/samuelyu/Desktop/DesktopFile/MPSL/lab6/6-1/Debug
arm-none-eabi-gcc -mcpu=cortex-m4 -mthumb -mfloat-abi=hard -mfpu=fpv4-sp-d16 -DSTM32 -DSTM32L4 -DSTM32L476RGTx -DNUCLEO_L476RG -DDEBUG -I/Users/samuelyu/Desktop/DesktopFile/MPSL/lab6/6-1/inc -O0 -g3 -Wall -fmessage-length=0 -ffunction-sections -c -MMD -MP -MF"src/main.d" -MT"src/main.o" -o "src/main.o" "../src/main.c"
../src/main.c:27:6: warning: return type of 'main' is not 'int' [-Wmain]
 void main() {
      ^~~~
Finished building: ../src/main.c
 
Building target: 6-1.elf
Invoking: MCU GCC Linker
arm-none-eabi-gcc -mcpu=cortex-m4 -mthumb -mfloat-abi=hard -mfpu=fpv4-sp-d16 -T"/Users/samuelyu/Desktop/DesktopFile/MPSL/lab6/6-1/LinkerScript.ld" -Wl,-Map=output.map -Wl,--gc-sections -o "6-1.elf" @"objects.list"   -lm
Finished building target: 6-1.elf
 
/Library/Developer/CommandLineTools/usr/bin/make --no-print-directory post-build
Generating binary and Printing size information:
arm-none-eabi-objcopy -O binary "6-1.elf" "6-1.bin"
arm-none-eabi-size "6-1.elf"
   text	   data	    bss	    dec	    hex	filename
   1112	   1088	   1088	   3288	    cd8	6-1.elf
 
16:28:22 **** Incremental Build of configuration Debug for project 6-1 ****
make -j3 all 
make: Nothing to be done for `all'.
16:48:37 **** Incremental Build of configuration Debug for project 6-1 ****
make -j3 all 
Building file: ../src/main.c
Invoking: MCU GCC Compiler
/Users/samuelyu/Desktop/DesktopFile/MPSL/lab6/6-1/Debug
arm-none-eabi-gcc -mcpu=cortex-m4 -mthumb -mfloat-abi=hard -mfpu=fpv4-sp-d16 -DSTM32 -DSTM32L4 -DSTM32L476RGTx -DNUCLEO_L476RG -DDEBUG -I/Users/samuelyu/Desktop/DesktopFile/MPSL/lab6/6-1/inc -O0 -g3 -Wall -fmessage-length=0 -ffunction-sections -c -MMD -MP -MF"src/main.d" -MT"src/main.o" -o "src/main.o" "../src/main.c"
../src/main.c:37:6: warning: return type of 'main' is not 'int' [-Wmain]
 void main() {
      ^~~~
Finished building: ../src/main.c
 
Building target: 6-1.elf
Invoking: MCU GCC Linker
arm-none-eabi-gcc -mcpu=cortex-m4 -mthumb -mfloat-abi=hard -mfpu=fpv4-sp-d16 -T"/Users/samuelyu/Desktop/DesktopFile/MPSL/lab6/6-1/LinkerScript.ld" -Wl,-Map=output.map -Wl,--gc-sections -o "6-1.elf" @"objects.list"   -lm
Finished building target: 6-1.elf
 
/Library/Developer/CommandLineTools/usr/bin/make --no-print-directory post-build
Generating binary and Printing size information:
arm-none-eabi-objcopy -O binary "6-1.elf" "6-1.bin"
arm-none-eabi-size "6-1.elf"
   text	   data	    bss	    dec	    hex	filename
   1112	   1088	   1088	   3288	    cd8	6-1.elf
 
16:48:40 **** Incremental Build of configuration Debug for project 6-1 ****
make -j3 all 
make: Nothing to be done for `all'.
16:49:42 **** Incremental Build of configuration Debug for project 6-1 ****
make -j3 all 
Building file: ../src/main.c
Invoking: MCU GCC Compiler
/Users/samuelyu/Desktop/DesktopFile/MPSL/lab6/6-1/Debug
arm-none-eabi-gcc -mcpu=cortex-m4 -mthumb -mfloat-abi=hard -mfpu=fpv4-sp-d16 -DSTM32 -DSTM32L4 -DSTM32L476RGTx -DNUCLEO_L476RG -DDEBUG -I/Users/samuelyu/Desktop/DesktopFile/MPSL/lab6/6-1/inc -O0 -g3 -Wall -fmessage-length=0 -ffunction-sections -c -MMD -MP -MF"src/main.d" -MT"src/main.o" -o "src/main.o" "../src/main.c"
../src/main.c:37:6: warning: return type of 'main' is not 'int' [-Wmain]
 void main() {
      ^~~~
Finished building: ../src/main.c
 
Building target: 6-1.elf
Invoking: MCU GCC Linker
arm-none-eabi-gcc -mcpu=cortex-m4 -mthumb -mfloat-abi=hard -mfpu=fpv4-sp-d16 -T"/Users/samuelyu/Desktop/DesktopFile/MPSL/lab6/6-1/LinkerScript.ld" -Wl,-Map=output.map -Wl,--gc-sections -o "6-1.elf" @"objects.list"   -lm
Finished building target: 6-1.elf
 
/Library/Developer/CommandLineTools/usr/bin/make --no-print-directory post-build
Generating binary and Printing size information:
arm-none-eabi-objcopy -O binary "6-1.elf" "6-1.bin"
arm-none-eabi-size "6-1.elf"
   text	   data	    bss	    dec	    hex	filename
   1112	   1088	   1088	   3288	    cd8	6-1.elf
 
16:49:44 **** Incremental Build of configuration Debug for project 6-1 ****
make -j3 all 
make: Nothing to be done for `all'.
16:50:07 **** Incremental Build of configuration Debug for project 6-1 ****
make -j3 all 
Building file: ../src/main.c
Invoking: MCU GCC Compiler
/Users/samuelyu/Desktop/DesktopFile/MPSL/lab6/6-1/Debug
arm-none-eabi-gcc -mcpu=cortex-m4 -mthumb -mfloat-abi=hard -mfpu=fpv4-sp-d16 -DSTM32 -DSTM32L4 -DSTM32L476RGTx -DNUCLEO_L476RG -DDEBUG -I/Users/samuelyu/Desktop/DesktopFile/MPSL/lab6/6-1/inc -O0 -g3 -Wall -fmessage-length=0 -ffunction-sections -c -MMD -MP -MF"src/main.d" -MT"src/main.o" -o "src/main.o" "../src/main.c"
../src/main.c:37:6: warning: return type of 'main' is not 'int' [-Wmain]
 void main() {
      ^~~~
Finished building: ../src/main.c
 
Building target: 6-1.elf
Invoking: MCU GCC Linker
arm-none-eabi-gcc -mcpu=cortex-m4 -mthumb -mfloat-abi=hard -mfpu=fpv4-sp-d16 -T"/Users/samuelyu/Desktop/DesktopFile/MPSL/lab6/6-1/LinkerScript.ld" -Wl,-Map=output.map -Wl,--gc-sections -o "6-1.elf" @"objects.list"   -lm
Finished building target: 6-1.elf
 
/Library/Developer/CommandLineTools/usr/bin/make --no-print-directory post-build
Generating binary and Printing size information:
arm-none-eabi-objcopy -O binary "6-1.elf" "6-1.bin"
arm-none-eabi-size "6-1.elf"
   text	   data	    bss	    dec	    hex	filename
   1112	   1088	   1088	   3288	    cd8	6-1.elf
 
16:50:10 **** Incremental Build of configuration Debug for project 6-1 ****
make -j3 all 
make: Nothing to be done for `all'.
16:50:42 **** Incremental Build of configuration Debug for project 6-1 ****
make -j3 all 
Building file: ../src/main.c
Invoking: MCU GCC Compiler
/Users/samuelyu/Desktop/DesktopFile/MPSL/lab6/6-1/Debug
arm-none-eabi-gcc -mcpu=cortex-m4 -mthumb -mfloat-abi=hard -mfpu=fpv4-sp-d16 -DSTM32 -DSTM32L4 -DSTM32L476RGTx -DNUCLEO_L476RG -DDEBUG -I/Users/samuelyu/Desktop/DesktopFile/MPSL/lab6/6-1/inc -O0 -g3 -Wall -fmessage-length=0 -ffunction-sections -c -MMD -MP -MF"src/main.d" -MT"src/main.o" -o "src/main.o" "../src/main.c"
../src/main.c:37:6: warning: return type of 'main' is not 'int' [-Wmain]
 void main() {
      ^~~~
Finished building: ../src/main.c
 
Building target: 6-1.elf
Invoking: MCU GCC Linker
arm-none-eabi-gcc -mcpu=cortex-m4 -mthumb -mfloat-abi=hard -mfpu=fpv4-sp-d16 -T"/Users/samuelyu/Desktop/DesktopFile/MPSL/lab6/6-1/LinkerScript.ld" -Wl,-Map=output.map -Wl,--gc-sections -o "6-1.elf" @"objects.list"   -lm
Finished building target: 6-1.elf
 
/Library/Developer/CommandLineTools/usr/bin/make --no-print-directory post-build
Generating binary and Printing size information:
arm-none-eabi-objcopy -O binary "6-1.elf" "6-1.bin"
arm-none-eabi-size "6-1.elf"
   text	   data	    bss	    dec	    hex	filename
   1112	   1088	   1088	   3288	    cd8	6-1.elf
 
16:50:45 **** Incremental Build of configuration Debug for project 6-1 ****
make -j3 all 
make: Nothing to be done for `all'.
16:51:14 **** Incremental Build of configuration Debug for project 6-1 ****
make -j3 all 
make: Nothing to be done for `all'.
16:51:40 **** Incremental Build of configuration Debug for project 6-1 ****
make -j3 all 
Building file: ../src/main.c
Invoking: MCU GCC Compiler
/Users/samuelyu/Desktop/DesktopFile/MPSL/lab6/6-1/Debug
arm-none-eabi-gcc -mcpu=cortex-m4 -mthumb -mfloat-abi=hard -mfpu=fpv4-sp-d16 -DSTM32 -DSTM32L4 -DSTM32L476RGTx -DNUCLEO_L476RG -DDEBUG -I/Users/samuelyu/Desktop/DesktopFile/MPSL/lab6/6-1/inc -O0 -g3 -Wall -fmessage-length=0 -ffunction-sections -c -MMD -MP -MF"src/main.d" -MT"src/main.o" -o "src/main.o" "../src/main.c"
../src/main.c:37:6: warning: return type of 'main' is not 'int' [-Wmain]
 void main() {
      ^~~~
Finished building: ../src/main.c
 
Building target: 6-1.elf
Invoking: MCU GCC Linker
arm-none-eabi-gcc -mcpu=cortex-m4 -mthumb -mfloat-abi=hard -mfpu=fpv4-sp-d16 -T"/Users/samuelyu/Desktop/DesktopFile/MPSL/lab6/6-1/LinkerScript.ld" -Wl,-Map=output.map -Wl,--gc-sections -o "6-1.elf" @"objects.list"   -lm
Finished building target: 6-1.elf
 
/Library/Developer/CommandLineTools/usr/bin/make --no-print-directory post-build
Generating binary and Printing size information:
arm-none-eabi-objcopy -O binary "6-1.elf" "6-1.bin"
arm-none-eabi-size "6-1.elf"
   text	   data	    bss	    dec	    hex	filename
   1112	   1088	   1088	   3288	    cd8	6-1.elf
 
16:51:43 **** Incremental Build of configuration Debug for project 6-1 ****
make -j3 all 
make: Nothing to be done for `all'.
16:51:47 **** Incremental Build of configuration Debug for project 6-1 ****
make -j3 all 
make: Nothing to be done for `all'.
16:51:55 **** Incremental Build of configuration Debug for project 6-1 ****
make -j3 all 
make: Nothing to be done for `all'.
16:52:00 **** Incremental Build of configuration Debug for project 6-1 ****
make -j3 all 
make: Nothing to be done for `all'.
16:52:13 **** Incremental Build of configuration Debug for project 6-1 ****
make -j3 all 
Building file: ../src/main.c
Invoking: MCU GCC Compiler
/Users/samuelyu/Desktop/DesktopFile/MPSL/lab6/6-1/Debug
arm-none-eabi-gcc -mcpu=cortex-m4 -mthumb -mfloat-abi=hard -mfpu=fpv4-sp-d16 -DSTM32 -DSTM32L4 -DSTM32L476RGTx -DNUCLEO_L476RG -DDEBUG -I/Users/samuelyu/Desktop/DesktopFile/MPSL/lab6/6-1/inc -O0 -g3 -Wall -fmessage-length=0 -ffunction-sections -c -MMD -MP -MF"src/main.d" -MT"src/main.o" -o "src/main.o" "../src/main.c"
../src/main.c:37:6: warning: return type of 'main' is not 'int' [-Wmain]
 void main() {
      ^~~~
Finished building: ../src/main.c
 
Building target: 6-1.elf
Invoking: MCU GCC Linker
arm-none-eabi-gcc -mcpu=cortex-m4 -mthumb -mfloat-abi=hard -mfpu=fpv4-sp-d16 -T"/Users/samuelyu/Desktop/DesktopFile/MPSL/lab6/6-1/LinkerScript.ld" -Wl,-Map=output.map -Wl,--gc-sections -o "6-1.elf" @"objects.list"   -lm
Finished building target: 6-1.elf
 
/Library/Developer/CommandLineTools/usr/bin/make --no-print-directory post-build
Generating binary and Printing size information:
arm-none-eabi-objcopy -O binary "6-1.elf" "6-1.bin"
arm-none-eabi-size "6-1.elf"
   text	   data	    bss	    dec	    hex	filename
   1112	   1088	   1088	   3288	    cd8	6-1.elf
 
16:52:15 **** Incremental Build of configuration Debug for project 6-1 ****
make -j3 all 
make: Nothing to be done for `all'.
17:06:14 **** Incremental Build of configuration Debug for project 6-1 ****
make -j3 all 
Building file: ../src/main.c
Invoking: MCU GCC Compiler
/Users/samuelyu/Desktop/DesktopFile/MPSL/lab6/6-1/Debug
arm-none-eabi-gcc -mcpu=cortex-m4 -mthumb -mfloat-abi=hard -mfpu=fpv4-sp-d16 -DSTM32 -DSTM32L4 -DSTM32L476RGTx -DNUCLEO_L476RG -DDEBUG -I/Users/samuelyu/Desktop/DesktopFile/MPSL/lab6/6-1/inc -O0 -g3 -Wall -fmessage-length=0 -ffunction-sections -c -MMD -MP -MF"src/main.d" -MT"src/main.o" -o "src/main.o" "../src/main.c"
../src/main.c:48:6: warning: return type of 'main' is not 'int' [-Wmain]
 void main() {
      ^~~~
Finished building: ../src/main.c
 
Building target: 6-1.elf
Invoking: MCU GCC Linker
arm-none-eabi-gcc -mcpu=cortex-m4 -mthumb -mfloat-abi=hard -mfpu=fpv4-sp-d16 -T"/Users/samuelyu/Desktop/DesktopFile/MPSL/lab6/6-1/LinkerScript.ld" -Wl,-Map=output.map -Wl,--gc-sections -o "6-1.elf" @"objects.list"   -lm
Finished building target: 6-1.elf
 
/Library/Developer/CommandLineTools/usr/bin/make --no-print-directory post-build
Generating binary and Printing size information:
arm-none-eabi-objcopy -O binary "6-1.elf" "6-1.bin"
arm-none-eabi-size "6-1.elf"
   text	   data	    bss	    dec	    hex	filename
   1192	   1088	   1088	   3368	    d28	6-1.elf
 
17:06:18 **** Incremental Build of configuration Debug for project 6-1 ****
make -j3 all 
make: Nothing to be done for `all'.
17:07:25 **** Incremental Build of configuration Debug for project 6-1 ****
make -j3 all 
Building file: ../src/main.c
Invoking: MCU GCC Compiler
/Users/samuelyu/Desktop/DesktopFile/MPSL/lab6/6-1/Debug
arm-none-eabi-gcc -mcpu=cortex-m4 -mthumb -mfloat-abi=hard -mfpu=fpv4-sp-d16 -DSTM32 -DSTM32L4 -DSTM32L476RGTx -DNUCLEO_L476RG -DDEBUG -I/Users/samuelyu/Desktop/DesktopFile/MPSL/lab6/6-1/inc -O0 -g3 -Wall -fmessage-length=0 -ffunction-sections -c -MMD -MP -MF"src/main.d" -MT"src/main.o" -o "src/main.o" "../src/main.c"
../src/main.c:48:6: warning: return type of 'main' is not 'int' [-Wmain]
 void main() {
      ^~~~
Finished building: ../src/main.c
 
Building target: 6-1.elf
Invoking: MCU GCC Linker
arm-none-eabi-gcc -mcpu=cortex-m4 -mthumb -mfloat-abi=hard -mfpu=fpv4-sp-d16 -T"/Users/samuelyu/Desktop/DesktopFile/MPSL/lab6/6-1/LinkerScript.ld" -Wl,-Map=output.map -Wl,--gc-sections -o "6-1.elf" @"objects.list"   -lm
Finished building target: 6-1.elf
 
/Library/Developer/CommandLineTools/usr/bin/make --no-print-directory post-build
Generating binary and Printing size information:
arm-none-eabi-objcopy -O binary "6-1.elf" "6-1.bin"
arm-none-eabi-size "6-1.elf"
   text	   data	    bss	    dec	    hex	filename
   1192	   1088	   1088	   3368	    d28	6-1.elf
 
17:07:28 **** Incremental Build of configuration Debug for project 6-1 ****
make -j3 all 
make: Nothing to be done for `all'.
17:08:07 **** Incremental Build of configuration Debug for project 6-1 ****
make -j3 all 
Building file: ../src/main.c
Invoking: MCU GCC Compiler
/Users/samuelyu/Desktop/DesktopFile/MPSL/lab6/6-1/Debug
arm-none-eabi-gcc -mcpu=cortex-m4 -mthumb -mfloat-abi=hard -mfpu=fpv4-sp-d16 -DSTM32 -DSTM32L4 -DSTM32L476RGTx -DNUCLEO_L476RG -DDEBUG -I/Users/samuelyu/Desktop/DesktopFile/MPSL/lab6/6-1/inc -O0 -g3 -Wall -fmessage-length=0 -ffunction-sections -c -MMD -MP -MF"src/main.d" -MT"src/main.o" -o "src/main.o" "../src/main.c"
../src/main.c:48:6: warning: return type of 'main' is not 'int' [-Wmain]
 void main() {
      ^~~~
Finished building: ../src/main.c
 
Building target: 6-1.elf
Invoking: MCU GCC Linker
arm-none-eabi-gcc -mcpu=cortex-m4 -mthumb -mfloat-abi=hard -mfpu=fpv4-sp-d16 -T"/Users/samuelyu/Desktop/DesktopFile/MPSL/lab6/6-1/LinkerScript.ld" -Wl,-Map=output.map -Wl,--gc-sections -o "6-1.elf" @"objects.list"   -lm
Finished building target: 6-1.elf
 
/Library/Developer/CommandLineTools/usr/bin/make --no-print-directory post-build
Generating binary and Printing size information:
arm-none-eabi-objcopy -O binary "6-1.elf" "6-1.bin"
arm-none-eabi-size "6-1.elf"
   text	   data	    bss	    dec	    hex	filename
   1112	   1088	   1088	   3288	    cd8	6-1.elf
 
17:08:09 **** Incremental Build of configuration Debug for project 6-1 ****
make -j3 all 
make: Nothing to be done for `all'.
17:08:37 **** Incremental Build of configuration Debug for project 6-1 ****
make -j3 all 
Building file: ../src/main.c
Invoking: MCU GCC Compiler
/Users/samuelyu/Desktop/DesktopFile/MPSL/lab6/6-1/Debug
arm-none-eabi-gcc -mcpu=cortex-m4 -mthumb -mfloat-abi=hard -mfpu=fpv4-sp-d16 -DSTM32 -DSTM32L4 -DSTM32L476RGTx -DNUCLEO_L476RG -DDEBUG -I/Users/samuelyu/Desktop/DesktopFile/MPSL/lab6/6-1/inc -O0 -g3 -Wall -fmessage-length=0 -ffunction-sections -c -MMD -MP -MF"src/main.d" -MT"src/main.o" -o "src/main.o" "../src/main.c"
../src/main.c:49:6: warning: return type of 'main' is not 'int' [-Wmain]
 void main() {
      ^~~~
Finished building: ../src/main.c
 
Building target: 6-1.elf
Invoking: MCU GCC Linker
arm-none-eabi-gcc -mcpu=cortex-m4 -mthumb -mfloat-abi=hard -mfpu=fpv4-sp-d16 -T"/Users/samuelyu/Desktop/DesktopFile/MPSL/lab6/6-1/LinkerScript.ld" -Wl,-Map=output.map -Wl,--gc-sections -o "6-1.elf" @"objects.list"   -lm
Finished building target: 6-1.elf
 
/Library/Developer/CommandLineTools/usr/bin/make --no-print-directory post-build
Generating binary and Printing size information:
arm-none-eabi-objcopy -O binary "6-1.elf" "6-1.bin"
arm-none-eabi-size "6-1.elf"
   text	   data	    bss	    dec	    hex	filename
   1208	   1088	   1088	   3384	    d38	6-1.elf
 
17:08:42 **** Incremental Build of configuration Debug for project 6-1 ****
make -j3 all 
make: Nothing to be done for `all'.
17:08:51 **** Incremental Build of configuration Debug for project 6-1 ****
make -j3 all 
make: Nothing to be done for `all'.
17:11:43 **** Incremental Build of configuration Debug for project 6-1 ****
make -j3 all 
Building file: ../src/main.c
Invoking: MCU GCC Compiler
/Users/samuelyu/Desktop/DesktopFile/MPSL/lab6/6-1/Debug
arm-none-eabi-gcc -mcpu=cortex-m4 -mthumb -mfloat-abi=hard -mfpu=fpv4-sp-d16 -DSTM32 -DSTM32L4 -DSTM32L476RGTx -DNUCLEO_L476RG -DDEBUG -I/Users/samuelyu/Desktop/DesktopFile/MPSL/lab6/6-1/inc -O0 -g3 -Wall -fmessage-length=0 -ffunction-sections -c -MMD -MP -MF"src/main.d" -MT"src/main.o" -o "src/main.o" "../src/main.c"
../src/main.c:49:6: warning: return type of 'main' is not 'int' [-Wmain]
 void main() {
      ^~~~
Finished building: ../src/main.c
 
Building target: 6-1.elf
Invoking: MCU GCC Linker
arm-none-eabi-gcc -mcpu=cortex-m4 -mthumb -mfloat-abi=hard -mfpu=fpv4-sp-d16 -T"/Users/samuelyu/Desktop/DesktopFile/MPSL/lab6/6-1/LinkerScript.ld" -Wl,-Map=output.map -Wl,--gc-sections -o "6-1.elf" @"objects.list"   -lm
Finished building target: 6-1.elf
 
/Library/Developer/CommandLineTools/usr/bin/make --no-print-directory post-build
Generating binary and Printing size information:
arm-none-eabi-objcopy -O binary "6-1.elf" "6-1.bin"
arm-none-eabi-size "6-1.elf"
   text	   data	    bss	    dec	    hex	filename
   1200	   1088	   1088	   3376	    d30	6-1.elf
 
17:11:46 **** Incremental Build of configuration Debug for project 6-1 ****
make -j3 all 
make: Nothing to be done for `all'.
17:11:56 **** Incremental Build of configuration Debug for project 6-1 ****
make -j3 all 
Building file: ../src/main.c
Invoking: MCU GCC Compiler
/Users/samuelyu/Desktop/DesktopFile/MPSL/lab6/6-1/Debug
arm-none-eabi-gcc -mcpu=cortex-m4 -mthumb -mfloat-abi=hard -mfpu=fpv4-sp-d16 -DSTM32 -DSTM32L4 -DSTM32L476RGTx -DNUCLEO_L476RG -DDEBUG -I/Users/samuelyu/Desktop/DesktopFile/MPSL/lab6/6-1/inc -O0 -g3 -Wall -fmessage-length=0 -ffunction-sections -c -MMD -MP -MF"src/main.d" -MT"src/main.o" -o "src/main.o" "../src/main.c"
../src/main.c:49:6: warning: return type of 'main' is not 'int' [-Wmain]
 void main() {
      ^~~~
Finished building: ../src/main.c
 
Building target: 6-1.elf
Invoking: MCU GCC Linker
arm-none-eabi-gcc -mcpu=cortex-m4 -mthumb -mfloat-abi=hard -mfpu=fpv4-sp-d16 -T"/Users/samuelyu/Desktop/DesktopFile/MPSL/lab6/6-1/LinkerScript.ld" -Wl,-Map=output.map -Wl,--gc-sections -o "6-1.elf" @"objects.list"   -lm
Finished building target: 6-1.elf
 
/Library/Developer/CommandLineTools/usr/bin/make --no-print-directory post-build
Generating binary and Printing size information:
arm-none-eabi-objcopy -O binary "6-1.elf" "6-1.bin"
arm-none-eabi-size "6-1.elf"
   text	   data	    bss	    dec	    hex	filename
   1200	   1088	   1088	   3376	    d30	6-1.elf
 
17:11:59 **** Incremental Build of configuration Debug for project 6-1 ****
make -j3 all 
make: Nothing to be done for `all'.
17:12:09 **** Incremental Build of configuration Debug for project 6-1 ****
make -j3 all 
Building file: ../src/main.c
Invoking: MCU GCC Compiler
/Users/samuelyu/Desktop/DesktopFile/MPSL/lab6/6-1/Debug
arm-none-eabi-gcc -mcpu=cortex-m4 -mthumb -mfloat-abi=hard -mfpu=fpv4-sp-d16 -DSTM32 -DSTM32L4 -DSTM32L476RGTx -DNUCLEO_L476RG -DDEBUG -I/Users/samuelyu/Desktop/DesktopFile/MPSL/lab6/6-1/inc -O0 -g3 -Wall -fmessage-length=0 -ffunction-sections -c -MMD -MP -MF"src/main.d" -MT"src/main.o" -o "src/main.o" "../src/main.c"
../src/main.c:49:6: warning: return type of 'main' is not 'int' [-Wmain]
 void main() {
      ^~~~
Finished building: ../src/main.c
 
Building target: 6-1.elf
Invoking: MCU GCC Linker
arm-none-eabi-gcc -mcpu=cortex-m4 -mthumb -mfloat-abi=hard -mfpu=fpv4-sp-d16 -T"/Users/samuelyu/Desktop/DesktopFile/MPSL/lab6/6-1/LinkerScript.ld" -Wl,-Map=output.map -Wl,--gc-sections -o "6-1.elf" @"objects.list"   -lm
Finished building target: 6-1.elf
 
/Library/Developer/CommandLineTools/usr/bin/make --no-print-directory post-build
Generating binary and Printing size information:
arm-none-eabi-objcopy -O binary "6-1.elf" "6-1.bin"
arm-none-eabi-size "6-1.elf"
   text	   data	    bss	    dec	    hex	filename
   1200	   1088	   1088	   3376	    d30	6-1.elf
 
17:12:12 **** Incremental Build of configuration Debug for project 6-1 ****
make -j3 all 
make: Nothing to be done for `all'.
17:12:26 **** Incremental Build of configuration Debug for project 6-1 ****
make -j3 all 
Building file: ../src/main.c
Invoking: MCU GCC Compiler
/Users/samuelyu/Desktop/DesktopFile/MPSL/lab6/6-1/Debug
arm-none-eabi-gcc -mcpu=cortex-m4 -mthumb -mfloat-abi=hard -mfpu=fpv4-sp-d16 -DSTM32 -DSTM32L4 -DSTM32L476RGTx -DNUCLEO_L476RG -DDEBUG -I/Users/samuelyu/Desktop/DesktopFile/MPSL/lab6/6-1/inc -O0 -g3 -Wall -fmessage-length=0 -ffunction-sections -c -MMD -MP -MF"src/main.d" -MT"src/main.o" -o "src/main.o" "../src/main.c"
../src/main.c:49:6: warning: return type of 'main' is not 'int' [-Wmain]
 void main() {
      ^~~~
Finished building: ../src/main.c
 
Building target: 6-1.elf
Invoking: MCU GCC Linker
arm-none-eabi-gcc -mcpu=cortex-m4 -mthumb -mfloat-abi=hard -mfpu=fpv4-sp-d16 -T"/Users/samuelyu/Desktop/DesktopFile/MPSL/lab6/6-1/LinkerScript.ld" -Wl,-Map=output.map -Wl,--gc-sections -o "6-1.elf" @"objects.list"   -lm
Finished building target: 6-1.elf
 
/Library/Developer/CommandLineTools/usr/bin/make --no-print-directory post-build
Generating binary and Printing size information:
arm-none-eabi-objcopy -O binary "6-1.elf" "6-1.bin"
arm-none-eabi-size "6-1.elf"
   text	   data	    bss	    dec	    hex	filename
   1200	   1088	   1088	   3376	    d30	6-1.elf
 
17:12:28 **** Incremental Build of configuration Debug for project 6-1 ****
make -j3 all 
make: Nothing to be done for `all'.
17:15:10 **** Incremental Build of configuration Debug for project 6-1 ****
make -j3 all 
Building file: ../src/main.c
Invoking: MCU GCC Compiler
/Users/samuelyu/Desktop/DesktopFile/MPSL/lab6/6-1/Debug
arm-none-eabi-gcc -mcpu=cortex-m4 -mthumb -mfloat-abi=hard -mfpu=fpv4-sp-d16 -DSTM32 -DSTM32L4 -DSTM32L476RGTx -DNUCLEO_L476RG -DDEBUG -I/Users/samuelyu/Desktop/DesktopFile/MPSL/lab6/6-1/inc -O0 -g3 -Wall -fmessage-length=0 -ffunction-sections -c -MMD -MP -MF"src/main.d" -MT"src/main.o" -o "src/main.o" "../src/main.c"
../src/main.c:49:6: warning: return type of 'main' is not 'int' [-Wmain]
 void main() {
      ^~~~
Finished building: ../src/main.c
 
Building target: 6-1.elf
Invoking: MCU GCC Linker
arm-none-eabi-gcc -mcpu=cortex-m4 -mthumb -mfloat-abi=hard -mfpu=fpv4-sp-d16 -T"/Users/samuelyu/Desktop/DesktopFile/MPSL/lab6/6-1/LinkerScript.ld" -Wl,-Map=output.map -Wl,--gc-sections -o "6-1.elf" @"objects.list"   -lm
Finished building target: 6-1.elf
 
/Library/Developer/CommandLineTools/usr/bin/make --no-print-directory post-build
Generating binary and Printing size information:
arm-none-eabi-objcopy -O binary "6-1.elf" "6-1.bin"
arm-none-eabi-size "6-1.elf"
   text	   data	    bss	    dec	    hex	filename
   1200	   1088	   1088	   3376	    d30	6-1.elf
 
17:15:12 **** Incremental Build of configuration Debug for project 6-1 ****
make -j3 all 
make: Nothing to be done for `all'.
17:15:30 **** Incremental Build of configuration Debug for project 6-1 ****
make -j3 all 
Building file: ../src/main.c
Invoking: MCU GCC Compiler
/Users/samuelyu/Desktop/DesktopFile/MPSL/lab6/6-1/Debug
arm-none-eabi-gcc -mcpu=cortex-m4 -mthumb -mfloat-abi=hard -mfpu=fpv4-sp-d16 -DSTM32 -DSTM32L4 -DSTM32L476RGTx -DNUCLEO_L476RG -DDEBUG -I/Users/samuelyu/Desktop/DesktopFile/MPSL/lab6/6-1/inc -O0 -g3 -Wall -fmessage-length=0 -ffunction-sections -c -MMD -MP -MF"src/main.d" -MT"src/main.o" -o "src/main.o" "../src/main.c"
../src/main.c:49:6: warning: return type of 'main' is not 'int' [-Wmain]
 void main() {
      ^~~~
Finished building: ../src/main.c
 
Building target: 6-1.elf
Invoking: MCU GCC Linker
arm-none-eabi-gcc -mcpu=cortex-m4 -mthumb -mfloat-abi=hard -mfpu=fpv4-sp-d16 -T"/Users/samuelyu/Desktop/DesktopFile/MPSL/lab6/6-1/LinkerScript.ld" -Wl,-Map=output.map -Wl,--gc-sections -o "6-1.elf" @"objects.list"   -lm
Finished building target: 6-1.elf
 
/Library/Developer/CommandLineTools/usr/bin/make --no-print-directory post-build
Generating binary and Printing size information:
arm-none-eabi-objcopy -O binary "6-1.elf" "6-1.bin"
arm-none-eabi-size "6-1.elf"
   text	   data	    bss	    dec	    hex	filename
   1200	   1088	   1088	   3376	    d30	6-1.elf
 
17:15:33 **** Incremental Build of configuration Debug for project 6-1 ****
make -j3 all 
make: Nothing to be done for `all'.
17:15:38 **** Incremental Build of configuration Debug for project 6-1 ****
make -j3 all 
Building file: ../src/main.c
Invoking: MCU GCC Compiler
/Users/samuelyu/Desktop/DesktopFile/MPSL/lab6/6-1/Debug
arm-none-eabi-gcc -mcpu=cortex-m4 -mthumb -mfloat-abi=hard -mfpu=fpv4-sp-d16 -DSTM32 -DSTM32L4 -DSTM32L476RGTx -DNUCLEO_L476RG -DDEBUG -I/Users/samuelyu/Desktop/DesktopFile/MPSL/lab6/6-1/inc -O0 -g3 -Wall -fmessage-length=0 -ffunction-sections -c -MMD -MP -MF"src/main.d" -MT"src/main.o" -o "src/main.o" "../src/main.c"
../src/main.c:49:6: warning: return type of 'main' is not 'int' [-Wmain]
 void main() {
      ^~~~
Finished building: ../src/main.c
 
Building target: 6-1.elf
Invoking: MCU GCC Linker
arm-none-eabi-gcc -mcpu=cortex-m4 -mthumb -mfloat-abi=hard -mfpu=fpv4-sp-d16 -T"/Users/samuelyu/Desktop/DesktopFile/MPSL/lab6/6-1/LinkerScript.ld" -Wl,-Map=output.map -Wl,--gc-sections -o "6-1.elf" @"objects.list"   -lm
Finished building target: 6-1.elf
 
/Library/Developer/CommandLineTools/usr/bin/make --no-print-directory post-build
Generating binary and Printing size information:
arm-none-eabi-objcopy -O binary "6-1.elf" "6-1.bin"
arm-none-eabi-size "6-1.elf"
   text	   data	    bss	    dec	    hex	filename
   1200	   1088	   1088	   3376	    d30	6-1.elf
 
17:15:40 **** Incremental Build of configuration Debug for project 6-1 ****
make -j3 all 
make: Nothing to be done for `all'.
17:15:46 **** Incremental Build of configuration Debug for project 6-1 ****
make -j3 all 
Building file: ../src/main.c
Invoking: MCU GCC Compiler
/Users/samuelyu/Desktop/DesktopFile/MPSL/lab6/6-1/Debug
arm-none-eabi-gcc -mcpu=cortex-m4 -mthumb -mfloat-abi=hard -mfpu=fpv4-sp-d16 -DSTM32 -DSTM32L4 -DSTM32L476RGTx -DNUCLEO_L476RG -DDEBUG -I/Users/samuelyu/Desktop/DesktopFile/MPSL/lab6/6-1/inc -O0 -g3 -Wall -fmessage-length=0 -ffunction-sections -c -MMD -MP -MF"src/main.d" -MT"src/main.o" -o "src/main.o" "../src/main.c"
../src/main.c:49:6: warning: return type of 'main' is not 'int' [-Wmain]
 void main() {
      ^~~~
Finished building: ../src/main.c
 
Building target: 6-1.elf
Invoking: MCU GCC Linker
arm-none-eabi-gcc -mcpu=cortex-m4 -mthumb -mfloat-abi=hard -mfpu=fpv4-sp-d16 -T"/Users/samuelyu/Desktop/DesktopFile/MPSL/lab6/6-1/LinkerScript.ld" -Wl,-Map=output.map -Wl,--gc-sections -o "6-1.elf" @"objects.list"   -lm
Finished building target: 6-1.elf
 
/Library/Developer/CommandLineTools/usr/bin/make --no-print-directory post-build
Generating binary and Printing size information:
arm-none-eabi-objcopy -O binary "6-1.elf" "6-1.bin"
arm-none-eabi-size "6-1.elf"
   text	   data	    bss	    dec	    hex	filename
   1200	   1088	   1088	   3376	    d30	6-1.elf
 
17:15:48 **** Incremental Build of configuration Debug for project 6-1 ****
make -j3 all 
make: Nothing to be done for `all'.
17:15:55 **** Incremental Build of configuration Debug for project 6-1 ****
make -j3 all 
Building file: ../src/main.c
Invoking: MCU GCC Compiler
/Users/samuelyu/Desktop/DesktopFile/MPSL/lab6/6-1/Debug
arm-none-eabi-gcc -mcpu=cortex-m4 -mthumb -mfloat-abi=hard -mfpu=fpv4-sp-d16 -DSTM32 -DSTM32L4 -DSTM32L476RGTx -DNUCLEO_L476RG -DDEBUG -I/Users/samuelyu/Desktop/DesktopFile/MPSL/lab6/6-1/inc -O0 -g3 -Wall -fmessage-length=0 -ffunction-sections -c -MMD -MP -MF"src/main.d" -MT"src/main.o" -o "src/main.o" "../src/main.c"
../src/main.c:49:6: warning: return type of 'main' is not 'int' [-Wmain]
 void main() {
      ^~~~
Finished building: ../src/main.c
 
Building target: 6-1.elf
Invoking: MCU GCC Linker
arm-none-eabi-gcc -mcpu=cortex-m4 -mthumb -mfloat-abi=hard -mfpu=fpv4-sp-d16 -T"/Users/samuelyu/Desktop/DesktopFile/MPSL/lab6/6-1/LinkerScript.ld" -Wl,-Map=output.map -Wl,--gc-sections -o "6-1.elf" @"objects.list"   -lm
Finished building target: 6-1.elf
 
/Library/Developer/CommandLineTools/usr/bin/make --no-print-directory post-build
Generating binary and Printing size information:
arm-none-eabi-objcopy -O binary "6-1.elf" "6-1.bin"
arm-none-eabi-size "6-1.elf"
   text	   data	    bss	    dec	    hex	filename
   1200	   1088	   1088	   3376	    d30	6-1.elf
 
17:15:57 **** Incremental Build of configuration Debug for project 6-1 ****
make -j3 all 
make: Nothing to be done for `all'.
17:16:09 **** Incremental Build of configuration Debug for project 6-1 ****
make -j3 all 
Building file: ../src/main.c
Invoking: MCU GCC Compiler
/Users/samuelyu/Desktop/DesktopFile/MPSL/lab6/6-1/Debug
arm-none-eabi-gcc -mcpu=cortex-m4 -mthumb -mfloat-abi=hard -mfpu=fpv4-sp-d16 -DSTM32 -DSTM32L4 -DSTM32L476RGTx -DNUCLEO_L476RG -DDEBUG -I/Users/samuelyu/Desktop/DesktopFile/MPSL/lab6/6-1/inc -O0 -g3 -Wall -fmessage-length=0 -ffunction-sections -c -MMD -MP -MF"src/main.d" -MT"src/main.o" -o "src/main.o" "../src/main.c"
../src/main.c:49:6: warning: return type of 'main' is not 'int' [-Wmain]
 void main() {
      ^~~~
Finished building: ../src/main.c
 
Building target: 6-1.elf
Invoking: MCU GCC Linker
arm-none-eabi-gcc -mcpu=cortex-m4 -mthumb -mfloat-abi=hard -mfpu=fpv4-sp-d16 -T"/Users/samuelyu/Desktop/DesktopFile/MPSL/lab6/6-1/LinkerScript.ld" -Wl,-Map=output.map -Wl,--gc-sections -o "6-1.elf" @"objects.list"   -lm
Finished building target: 6-1.elf
 
/Library/Developer/CommandLineTools/usr/bin/make --no-print-directory post-build
Generating binary and Printing size information:
arm-none-eabi-objcopy -O binary "6-1.elf" "6-1.bin"
arm-none-eabi-size "6-1.elf"
   text	   data	    bss	    dec	    hex	filename
   1200	   1088	   1088	   3376	    d30	6-1.elf
 
17:16:11 **** Incremental Build of configuration Debug for project 6-1 ****
make -j3 all 
make: Nothing to be done for `all'.
17:28:05 **** Incremental Build of configuration Debug for project 6-1 ****
make -j3 all 
Building file: ../src/main.c
Invoking: MCU GCC Compiler
/Users/samuelyu/Desktop/DesktopFile/MPSL/lab6/6-1/Debug
arm-none-eabi-gcc -mcpu=cortex-m4 -mthumb -mfloat-abi=hard -mfpu=fpv4-sp-d16 -DSTM32 -DSTM32L4 -DSTM32L476RGTx -DNUCLEO_L476RG -DDEBUG -I/Users/samuelyu/Desktop/DesktopFile/MPSL/lab6/6-1/inc -O0 -g3 -Wall -fmessage-length=0 -ffunction-sections -c -MMD -MP -MF"src/main.d" -MT"src/main.o" -o "src/main.o" "../src/main.c"
../src/main.c:49:6: warning: return type of 'main' is not 'int' [-Wmain]
 void main() {
      ^~~~
Finished building: ../src/main.c
 
Building target: 6-1.elf
Invoking: MCU GCC Linker
arm-none-eabi-gcc -mcpu=cortex-m4 -mthumb -mfloat-abi=hard -mfpu=fpv4-sp-d16 -T"/Users/samuelyu/Desktop/DesktopFile/MPSL/lab6/6-1/LinkerScript.ld" -Wl,-Map=output.map -Wl,--gc-sections -o "6-1.elf" @"objects.list"   -lm
Finished building target: 6-1.elf
 
/Library/Developer/CommandLineTools/usr/bin/make --no-print-directory post-build
Generating binary and Printing size information:
arm-none-eabi-objcopy -O binary "6-1.elf" "6-1.bin"
arm-none-eabi-size "6-1.elf"
   text	   data	    bss	    dec	    hex	filename
   1200	   1088	   1088	   3376	    d30	6-1.elf
 
17:28:07 **** Incremental Build of configuration Debug for project 6-1 ****
make -j3 all 
make: Nothing to be done for `all'.
17:30:38 **** Incremental Build of configuration Debug for project 6-1 ****
make -j3 all 
Building file: ../src/main.c
Invoking: MCU GCC Compiler
/Users/samuelyu/Desktop/DesktopFile/MPSL/lab6/6-1/Debug
arm-none-eabi-gcc -mcpu=cortex-m4 -mthumb -mfloat-abi=hard -mfpu=fpv4-sp-d16 -DSTM32 -DSTM32L4 -DSTM32L476RGTx -DNUCLEO_L476RG -DDEBUG -I/Users/samuelyu/Desktop/DesktopFile/MPSL/lab6/6-1/inc -O0 -g3 -Wall -fmessage-length=0 -ffunction-sections -c -MMD -MP -MF"src/main.d" -MT"src/main.o" -o "src/main.o" "../src/main.c"
../src/main.c:51:6: warning: return type of 'main' is not 'int' [-Wmain]
 void main() {
      ^~~~
Finished building: ../src/main.c
 
Building target: 6-1.elf
Invoking: MCU GCC Linker
arm-none-eabi-gcc -mcpu=cortex-m4 -mthumb -mfloat-abi=hard -mfpu=fpv4-sp-d16 -T"/Users/samuelyu/Desktop/DesktopFile/MPSL/lab6/6-1/LinkerScript.ld" -Wl,-Map=output.map -Wl,--gc-sections -o "6-1.elf" @"objects.list"   -lm
Finished building target: 6-1.elf
 
/Library/Developer/CommandLineTools/usr/bin/make --no-print-directory post-build
Generating binary and Printing size information:
arm-none-eabi-objcopy -O binary "6-1.elf" "6-1.bin"
arm-none-eabi-size "6-1.elf"
   text	   data	    bss	    dec	    hex	filename
   1216	   1088	   1088	   3392	    d40	6-1.elf
 
17:30:41 **** Incremental Build of configuration Debug for project 6-1 ****
make -j3 all 
make: Nothing to be done for `all'.
17:30:58 **** Incremental Build of configuration Debug for project 6-1 ****
make -j3 all 
Building file: ../src/main.c
Invoking: MCU GCC Compiler
/Users/samuelyu/Desktop/DesktopFile/MPSL/lab6/6-1/Debug
arm-none-eabi-gcc -mcpu=cortex-m4 -mthumb -mfloat-abi=hard -mfpu=fpv4-sp-d16 -DSTM32 -DSTM32L4 -DSTM32L476RGTx -DNUCLEO_L476RG -DDEBUG -I/Users/samuelyu/Desktop/DesktopFile/MPSL/lab6/6-1/inc -O0 -g3 -Wall -fmessage-length=0 -ffunction-sections -c -MMD -MP -MF"src/main.d" -MT"src/main.o" -o "src/main.o" "../src/main.c"
../src/main.c:51:6: warning: return type of 'main' is not 'int' [-Wmain]
 void main() {
      ^~~~
Finished building: ../src/main.c
 
Building target: 6-1.elf
Invoking: MCU GCC Linker
arm-none-eabi-gcc -mcpu=cortex-m4 -mthumb -mfloat-abi=hard -mfpu=fpv4-sp-d16 -T"/Users/samuelyu/Desktop/DesktopFile/MPSL/lab6/6-1/LinkerScript.ld" -Wl,-Map=output.map -Wl,--gc-sections -o "6-1.elf" @"objects.list"   -lm
Finished building target: 6-1.elf
 
/Library/Developer/CommandLineTools/usr/bin/make --no-print-directory post-build
Generating binary and Printing size information:
arm-none-eabi-objcopy -O binary "6-1.elf" "6-1.bin"
arm-none-eabi-size "6-1.elf"
   text	   data	    bss	    dec	    hex	filename
   1216	   1088	   1088	   3392	    d40	6-1.elf
 
17:31:01 **** Incremental Build of configuration Debug for project 6-1 ****
make -j3 all 
make: Nothing to be done for `all'.
17:31:13 **** Incremental Build of configuration Debug for project 6-1 ****
make -j3 all 
Building file: ../src/main.c
Invoking: MCU GCC Compiler
/Users/samuelyu/Desktop/DesktopFile/MPSL/lab6/6-1/Debug
arm-none-eabi-gcc -mcpu=cortex-m4 -mthumb -mfloat-abi=hard -mfpu=fpv4-sp-d16 -DSTM32 -DSTM32L4 -DSTM32L476RGTx -DNUCLEO_L476RG -DDEBUG -I/Users/samuelyu/Desktop/DesktopFile/MPSL/lab6/6-1/inc -O0 -g3 -Wall -fmessage-length=0 -ffunction-sections -c -MMD -MP -MF"src/main.d" -MT"src/main.o" -o "src/main.o" "../src/main.c"
../src/main.c:51:6: warning: return type of 'main' is not 'int' [-Wmain]
 void main() {
      ^~~~
Finished building: ../src/main.c
 
Building target: 6-1.elf
Invoking: MCU GCC Linker
arm-none-eabi-gcc -mcpu=cortex-m4 -mthumb -mfloat-abi=hard -mfpu=fpv4-sp-d16 -T"/Users/samuelyu/Desktop/DesktopFile/MPSL/lab6/6-1/LinkerScript.ld" -Wl,-Map=output.map -Wl,--gc-sections -o "6-1.elf" @"objects.list"   -lm
Finished building target: 6-1.elf
 
/Library/Developer/CommandLineTools/usr/bin/make --no-print-directory post-build
Generating binary and Printing size information:
arm-none-eabi-objcopy -O binary "6-1.elf" "6-1.bin"
arm-none-eabi-size "6-1.elf"
   text	   data	    bss	    dec	    hex	filename
   1200	   1088	   1088	   3376	    d30	6-1.elf
 
17:31:15 **** Incremental Build of configuration Debug for project 6-1 ****
make -j3 all 
make: Nothing to be done for `all'.
17:31:26 **** Incremental Build of configuration Debug for project 6-1 ****
make -j3 all 
Building file: ../src/main.c
Invoking: MCU GCC Compiler
/Users/samuelyu/Desktop/DesktopFile/MPSL/lab6/6-1/Debug
arm-none-eabi-gcc -mcpu=cortex-m4 -mthumb -mfloat-abi=hard -mfpu=fpv4-sp-d16 -DSTM32 -DSTM32L4 -DSTM32L476RGTx -DNUCLEO_L476RG -DDEBUG -I/Users/samuelyu/Desktop/DesktopFile/MPSL/lab6/6-1/inc -O0 -g3 -Wall -fmessage-length=0 -ffunction-sections -c -MMD -MP -MF"src/main.d" -MT"src/main.o" -o "src/main.o" "../src/main.c"
../src/main.c:51:6: warning: return type of 'main' is not 'int' [-Wmain]
 void main() {
      ^~~~
Finished building: ../src/main.c
 
Building target: 6-1.elf
Invoking: MCU GCC Linker
arm-none-eabi-gcc -mcpu=cortex-m4 -mthumb -mfloat-abi=hard -mfpu=fpv4-sp-d16 -T"/Users/samuelyu/Desktop/DesktopFile/MPSL/lab6/6-1/LinkerScript.ld" -Wl,-Map=output.map -Wl,--gc-sections -o "6-1.elf" @"objects.list"   -lm
Finished building target: 6-1.elf
 
/Library/Developer/CommandLineTools/usr/bin/make --no-print-directory post-build
Generating binary and Printing size information:
arm-none-eabi-objcopy -O binary "6-1.elf" "6-1.bin"
arm-none-eabi-size "6-1.elf"
   text	   data	    bss	    dec	    hex	filename
   1200	   1088	   1088	   3376	    d30	6-1.elf
 
17:31:28 **** Incremental Build of configuration Debug for project 6-1 ****
make -j3 all 
make: Nothing to be done for `all'.
17:31:46 **** Incremental Build of configuration Debug for project 6-1 ****
make -j3 all 
Building file: ../src/main.c
Invoking: MCU GCC Compiler
/Users/samuelyu/Desktop/DesktopFile/MPSL/lab6/6-1/Debug
arm-none-eabi-gcc -mcpu=cortex-m4 -mthumb -mfloat-abi=hard -mfpu=fpv4-sp-d16 -DSTM32 -DSTM32L4 -DSTM32L476RGTx -DNUCLEO_L476RG -DDEBUG -I/Users/samuelyu/Desktop/DesktopFile/MPSL/lab6/6-1/inc -O0 -g3 -Wall -fmessage-length=0 -ffunction-sections -c -MMD -MP -MF"src/main.d" -MT"src/main.o" -o "src/main.o" "../src/main.c"
../src/main.c:51:6: warning: return type of 'main' is not 'int' [-Wmain]
 void main() {
      ^~~~
Finished building: ../src/main.c
 
Building target: 6-1.elf
Invoking: MCU GCC Linker
arm-none-eabi-gcc -mcpu=cortex-m4 -mthumb -mfloat-abi=hard -mfpu=fpv4-sp-d16 -T"/Users/samuelyu/Desktop/DesktopFile/MPSL/lab6/6-1/LinkerScript.ld" -Wl,-Map=output.map -Wl,--gc-sections -o "6-1.elf" @"objects.list"   -lm
Finished building target: 6-1.elf
 
/Library/Developer/CommandLineTools/usr/bin/make --no-print-directory post-build
Generating binary and Printing size information:
arm-none-eabi-objcopy -O binary "6-1.elf" "6-1.bin"
arm-none-eabi-size "6-1.elf"
   text	   data	    bss	    dec	    hex	filename
   1216	   1088	   1088	   3392	    d40	6-1.elf
 
17:31:49 **** Incremental Build of configuration Debug for project 6-1 ****
make -j3 all 
make: Nothing to be done for `all'.
17:33:58 **** Incremental Build of configuration Debug for project 6-1 ****
make -j3 all 
Building file: ../src/main.c
Invoking: MCU GCC Compiler
/Users/samuelyu/Desktop/DesktopFile/MPSL/lab6/6-1/Debug
arm-none-eabi-gcc -mcpu=cortex-m4 -mthumb -mfloat-abi=hard -mfpu=fpv4-sp-d16 -DSTM32 -DSTM32L4 -DSTM32L476RGTx -DNUCLEO_L476RG -DDEBUG -I/Users/samuelyu/Desktop/DesktopFile/MPSL/lab6/6-1/inc -O0 -g3 -Wall -fmessage-length=0 -ffunction-sections -c -MMD -MP -MF"src/main.d" -MT"src/main.o" -o "src/main.o" "../src/main.c"
../src/main.c:51:6: warning: return type of 'main' is not 'int' [-Wmain]
 void main() {
      ^~~~
Finished building: ../src/main.c
 
Building target: 6-1.elf
Invoking: MCU GCC Linker
arm-none-eabi-gcc -mcpu=cortex-m4 -mthumb -mfloat-abi=hard -mfpu=fpv4-sp-d16 -T"/Users/samuelyu/Desktop/DesktopFile/MPSL/lab6/6-1/LinkerScript.ld" -Wl,-Map=output.map -Wl,--gc-sections -o "6-1.elf" @"objects.list"   -lm
Finished building target: 6-1.elf
 
/Library/Developer/CommandLineTools/usr/bin/make --no-print-directory post-build
Generating binary and Printing size information:
arm-none-eabi-objcopy -O binary "6-1.elf" "6-1.bin"
arm-none-eabi-size "6-1.elf"
   text	   data	    bss	    dec	    hex	filename
   1160	   1088	   1088	   3336	    d08	6-1.elf
 
17:34:01 **** Incremental Build of configuration Debug for project 6-1 ****
make -j3 all 
make: Nothing to be done for `all'.
17:34:11 **** Incremental Build of configuration Debug for project 6-1 ****
make -j3 all 
make: Nothing to be done for `all'.
17:34:14 **** Incremental Build of configuration Debug for project 6-1 ****
make -j3 all 
make: Nothing to be done for `all'.
17:34:23 **** Incremental Build of configuration Debug for project 6-1 ****
make -j3 all 
Building file: ../src/main.c
Invoking: MCU GCC Compiler
/Users/samuelyu/Desktop/DesktopFile/MPSL/lab6/6-1/Debug
arm-none-eabi-gcc -mcpu=cortex-m4 -mthumb -mfloat-abi=hard -mfpu=fpv4-sp-d16 -DSTM32 -DSTM32L4 -DSTM32L476RGTx -DNUCLEO_L476RG -DDEBUG -I/Users/samuelyu/Desktop/DesktopFile/MPSL/lab6/6-1/inc -O0 -g3 -Wall -fmessage-length=0 -ffunction-sections -c -MMD -MP -MF"src/main.d" -MT"src/main.o" -o "src/main.o" "../src/main.c"
../src/main.c:51:6: warning: return type of 'main' is not 'int' [-Wmain]
 void main() {
      ^~~~
Finished building: ../src/main.c
 
Building target: 6-1.elf
Invoking: MCU GCC Linker
arm-none-eabi-gcc -mcpu=cortex-m4 -mthumb -mfloat-abi=hard -mfpu=fpv4-sp-d16 -T"/Users/samuelyu/Desktop/DesktopFile/MPSL/lab6/6-1/LinkerScript.ld" -Wl,-Map=output.map -Wl,--gc-sections -o "6-1.elf" @"objects.list"   -lm
Finished building target: 6-1.elf
 
/Library/Developer/CommandLineTools/usr/bin/make --no-print-directory post-build
Generating binary and Printing size information:
arm-none-eabi-objcopy -O binary "6-1.elf" "6-1.bin"
arm-none-eabi-size "6-1.elf"
   text	   data	    bss	    dec	    hex	filename
   1160	   1088	   1088	   3336	    d08	6-1.elf
 
17:34:25 **** Incremental Build of configuration Debug for project 6-1 ****
make -j3 all 
make: Nothing to be done for `all'.
17:36:25 **** Incremental Build of configuration Debug for project 6-1 ****
make -j3 all 
Building file: ../src/main.c
Invoking: MCU GCC Compiler
/Users/samuelyu/Desktop/DesktopFile/MPSL/lab6/6-1/Debug
arm-none-eabi-gcc -mcpu=cortex-m4 -mthumb -mfloat-abi=hard -mfpu=fpv4-sp-d16 -DSTM32 -DSTM32L4 -DSTM32L476RGTx -DNUCLEO_L476RG -DDEBUG -I/Users/samuelyu/Desktop/DesktopFile/MPSL/lab6/6-1/inc -O0 -g3 -Wall -fmessage-length=0 -ffunction-sections -c -MMD -MP -MF"src/main.d" -MT"src/main.o" -o "src/main.o" "../src/main.c"
../src/main.c:51:6: warning: return type of 'main' is not 'int' [-Wmain]
 void main() {
      ^~~~
Finished building: ../src/main.c
 
Building target: 6-1.elf
Invoking: MCU GCC Linker
arm-none-eabi-gcc -mcpu=cortex-m4 -mthumb -mfloat-abi=hard -mfpu=fpv4-sp-d16 -T"/Users/samuelyu/Desktop/DesktopFile/MPSL/lab6/6-1/LinkerScript.ld" -Wl,-Map=output.map -Wl,--gc-sections -o "6-1.elf" @"objects.list"   -lm
Finished building target: 6-1.elf
 
/Library/Developer/CommandLineTools/usr/bin/make --no-print-directory post-build
Generating binary and Printing size information:
arm-none-eabi-objcopy -O binary "6-1.elf" "6-1.bin"
arm-none-eabi-size "6-1.elf"
   text	   data	    bss	    dec	    hex	filename
   1144	   1088	   1088	   3320	    cf8	6-1.elf
 
17:36:26 **** Incremental Build of configuration Debug for project 6-1 ****
make -j3 all 
make: Nothing to be done for `all'.
17:37:14 **** Incremental Build of configuration Debug for project 6-1 ****
make -j3 all 
Building file: ../src/main.c
Invoking: MCU GCC Compiler
/Users/samuelyu/Desktop/DesktopFile/MPSL/lab6/6-1/Debug
arm-none-eabi-gcc -mcpu=cortex-m4 -mthumb -mfloat-abi=hard -mfpu=fpv4-sp-d16 -DSTM32 -DSTM32L4 -DSTM32L476RGTx -DNUCLEO_L476RG -DDEBUG -I/Users/samuelyu/Desktop/DesktopFile/MPSL/lab6/6-1/inc -O0 -g3 -Wall -fmessage-length=0 -ffunction-sections -c -MMD -MP -MF"src/main.d" -MT"src/main.o" -o "src/main.o" "../src/main.c"
../src/main.c:52:6: warning: return type of 'main' is not 'int' [-Wmain]
 void main() {
      ^~~~
Finished building: ../src/main.c
 
Building target: 6-1.elf
Invoking: MCU GCC Linker
arm-none-eabi-gcc -mcpu=cortex-m4 -mthumb -mfloat-abi=hard -mfpu=fpv4-sp-d16 -T"/Users/samuelyu/Desktop/DesktopFile/MPSL/lab6/6-1/LinkerScript.ld" -Wl,-Map=output.map -Wl,--gc-sections -o "6-1.elf" @"objects.list"   -lm
Finished building target: 6-1.elf
 
/Library/Developer/CommandLineTools/usr/bin/make --no-print-directory post-build
Generating binary and Printing size information:
arm-none-eabi-objcopy -O binary "6-1.elf" "6-1.bin"
arm-none-eabi-size "6-1.elf"
   text	   data	    bss	    dec	    hex	filename
   1176	   1088	   1088	   3352	    d18	6-1.elf
 
17:37:16 **** Incremental Build of configuration Debug for project 6-1 ****
make -j3 all 
make: Nothing to be done for `all'.
17:43:12 **** Incremental Build of configuration Debug for project 6-1 ****
make -j3 all 
Building file: ../src/main.c
Invoking: MCU GCC Compiler
/Users/samuelyu/Desktop/DesktopFile/MPSL/lab6/6-1/Debug
arm-none-eabi-gcc -mcpu=cortex-m4 -mthumb -mfloat-abi=hard -mfpu=fpv4-sp-d16 -DSTM32 -DSTM32L4 -DSTM32L476RGTx -DNUCLEO_L476RG -DDEBUG -I/Users/samuelyu/Desktop/DesktopFile/MPSL/lab6/6-1/inc -O0 -g3 -Wall -fmessage-length=0 -ffunction-sections -c -MMD -MP -MF"src/main.d" -MT"src/main.o" -o "src/main.o" "../src/main.c"
../src/main.c:80:6: warning: return type of 'main' is not 'int' [-Wmain]
 void main() {
      ^~~~
Finished building: ../src/main.c
 
Building target: 6-1.elf
Invoking: MCU GCC Linker
arm-none-eabi-gcc -mcpu=cortex-m4 -mthumb -mfloat-abi=hard -mfpu=fpv4-sp-d16 -T"/Users/samuelyu/Desktop/DesktopFile/MPSL/lab6/6-1/LinkerScript.ld" -Wl,-Map=output.map -Wl,--gc-sections -o "6-1.elf" @"objects.list"   -lm
Finished building target: 6-1.elf
 
/Library/Developer/CommandLineTools/usr/bin/make --no-print-directory post-build
Generating binary and Printing size information:
arm-none-eabi-objcopy -O binary "6-1.elf" "6-1.bin"
arm-none-eabi-size "6-1.elf"
   text	   data	    bss	    dec	    hex	filename
   1160	   1088	   1088	   3336	    d08	6-1.elf
 
17:43:14 **** Incremental Build of configuration Debug for project 6-1 ****
make -j3 all 
make: Nothing to be done for `all'.
17:43:37 **** Incremental Build of configuration Debug for project 6-1 ****
make -j3 all 
Building file: ../src/main.c
Invoking: MCU GCC Compiler
/Users/samuelyu/Desktop/DesktopFile/MPSL/lab6/6-1/Debug
arm-none-eabi-gcc -mcpu=cortex-m4 -mthumb -mfloat-abi=hard -mfpu=fpv4-sp-d16 -DSTM32 -DSTM32L4 -DSTM32L476RGTx -DNUCLEO_L476RG -DDEBUG -I/Users/samuelyu/Desktop/DesktopFile/MPSL/lab6/6-1/inc -O0 -g3 -Wall -fmessage-length=0 -ffunction-sections -c -MMD -MP -MF"src/main.d" -MT"src/main.o" -o "src/main.o" "../src/main.c"
../src/main.c:80:6: warning: return type of 'main' is not 'int' [-Wmain]
 void main() {
      ^~~~
Finished building: ../src/main.c
 
Building target: 6-1.elf
Invoking: MCU GCC Linker
arm-none-eabi-gcc -mcpu=cortex-m4 -mthumb -mfloat-abi=hard -mfpu=fpv4-sp-d16 -T"/Users/samuelyu/Desktop/DesktopFile/MPSL/lab6/6-1/LinkerScript.ld" -Wl,-Map=output.map -Wl,--gc-sections -o "6-1.elf" @"objects.list"   -lm
Finished building target: 6-1.elf
 
/Library/Developer/CommandLineTools/usr/bin/make --no-print-directory post-build
Generating binary and Printing size information:
arm-none-eabi-objcopy -O binary "6-1.elf" "6-1.bin"
arm-none-eabi-size "6-1.elf"
   text	   data	    bss	    dec	    hex	filename
   1160	   1088	   1088	   3336	    d08	6-1.elf
 
17:43:39 **** Incremental Build of configuration Debug for project 6-1 ****
make -j3 all 
make: Nothing to be done for `all'.
17:43:42 **** Incremental Build of configuration Debug for project 6-1 ****
make -j3 all 
make: Nothing to be done for `all'.
17:44:24 **** Incremental Build of configuration Debug for project 6-1 ****
make -j3 all 
make: Nothing to be done for `all'.
17:47:07 **** Incremental Build of configuration Debug for project 6-1 ****
make -j3 all 
Building file: ../src/main.c
Invoking: MCU GCC Compiler
/Users/samuelyu/Desktop/DesktopFile/MPSL/lab6/6-1/Debug
arm-none-eabi-gcc -mcpu=cortex-m4 -mthumb -mfloat-abi=hard -mfpu=fpv4-sp-d16 -DSTM32 -DSTM32L4 -DSTM32L476RGTx -DNUCLEO_L476RG -DDEBUG -I/Users/samuelyu/Desktop/DesktopFile/MPSL/lab6/6-1/inc -O0 -g3 -Wall -fmessage-length=0 -ffunction-sections -c -MMD -MP -MF"src/main.d" -MT"src/main.o" -o "src/main.o" "../src/main.c"
../src/main.c:56:6: warning: return type of 'main' is not 'int' [-Wmain]
 void main() {
      ^~~~
Finished building: ../src/main.c
 
Building target: 6-1.elf
Invoking: MCU GCC Linker
arm-none-eabi-gcc -mcpu=cortex-m4 -mthumb -mfloat-abi=hard -mfpu=fpv4-sp-d16 -T"/Users/samuelyu/Desktop/DesktopFile/MPSL/lab6/6-1/LinkerScript.ld" -Wl,-Map=output.map -Wl,--gc-sections -o "6-1.elf" @"objects.list"   -lm
Finished building target: 6-1.elf
 
/Library/Developer/CommandLineTools/usr/bin/make --no-print-directory post-build
Generating binary and Printing size information:
arm-none-eabi-objcopy -O binary "6-1.elf" "6-1.bin"
arm-none-eabi-size "6-1.elf"
   text	   data	    bss	    dec	    hex	filename
   1112	   1088	   1088	   3288	    cd8	6-1.elf
 
17:47:09 **** Incremental Build of configuration Debug for project 6-1 ****
make -j3 all 
make: Nothing to be done for `all'.
17:47:27 **** Incremental Build of configuration Debug for project 6-1 ****
make -j3 all 
make: Nothing to be done for `all'.
17:48:28 **** Incremental Build of configuration Debug for project 6-1 ****
make -j3 all 
Building file: ../src/main.c
Invoking: MCU GCC Compiler
/Users/samuelyu/Desktop/DesktopFile/MPSL/lab6/6-1/Debug
arm-none-eabi-gcc -mcpu=cortex-m4 -mthumb -mfloat-abi=hard -mfpu=fpv4-sp-d16 -DSTM32 -DSTM32L4 -DSTM32L476RGTx -DNUCLEO_L476RG -DDEBUG -I/Users/samuelyu/Desktop/DesktopFile/MPSL/lab6/6-1/inc -O0 -g3 -Wall -fmessage-length=0 -ffunction-sections -c -MMD -MP -MF"src/main.d" -MT"src/main.o" -o "src/main.o" "../src/main.c"
../src/main.c:56:6: warning: return type of 'main' is not 'int' [-Wmain]
 void main() {
      ^~~~
Finished building: ../src/main.c
 
Building target: 6-1.elf
Invoking: MCU GCC Linker
arm-none-eabi-gcc -mcpu=cortex-m4 -mthumb -mfloat-abi=hard -mfpu=fpv4-sp-d16 -T"/Users/samuelyu/Desktop/DesktopFile/MPSL/lab6/6-1/LinkerScript.ld" -Wl,-Map=output.map -Wl,--gc-sections -o "6-1.elf" @"objects.list"   -lm
Finished building target: 6-1.elf
 
/Library/Developer/CommandLineTools/usr/bin/make --no-print-directory post-build
Generating binary and Printing size information:
arm-none-eabi-objcopy -O binary "6-1.elf" "6-1.bin"
arm-none-eabi-size "6-1.elf"
   text	   data	    bss	    dec	    hex	filename
   1112	   1088	   1088	   3288	    cd8	6-1.elf
 
17:48:31 **** Incremental Build of configuration Debug for project 6-1 ****
make -j3 all 
make: Nothing to be done for `all'.
17:49:17 **** Incremental Build of configuration Debug for project 6-1 ****
make -j3 all 
Building file: ../src/main.c
Invoking: MCU GCC Compiler
/Users/samuelyu/Desktop/DesktopFile/MPSL/lab6/6-1/Debug
arm-none-eabi-gcc -mcpu=cortex-m4 -mthumb -mfloat-abi=hard -mfpu=fpv4-sp-d16 -DSTM32 -DSTM32L4 -DSTM32L476RGTx -DNUCLEO_L476RG -DDEBUG -I/Users/samuelyu/Desktop/DesktopFile/MPSL/lab6/6-1/inc -O0 -g3 -Wall -fmessage-length=0 -ffunction-sections -c -MMD -MP -MF"src/main.d" -MT"src/main.o" -o "src/main.o" "../src/main.c"
../src/main.c:56:6: warning: return type of 'main' is not 'int' [-Wmain]
 void main() {
      ^~~~
Finished building: ../src/main.c
 
Building target: 6-1.elf
Invoking: MCU GCC Linker
arm-none-eabi-gcc -mcpu=cortex-m4 -mthumb -mfloat-abi=hard -mfpu=fpv4-sp-d16 -T"/Users/samuelyu/Desktop/DesktopFile/MPSL/lab6/6-1/LinkerScript.ld" -Wl,-Map=output.map -Wl,--gc-sections -o "6-1.elf" @"objects.list"   -lm
Finished building target: 6-1.elf
 
/Library/Developer/CommandLineTools/usr/bin/make --no-print-directory post-build
Generating binary and Printing size information:
arm-none-eabi-objcopy -O binary "6-1.elf" "6-1.bin"
arm-none-eabi-size "6-1.elf"
   text	   data	    bss	    dec	    hex	filename
   1112	   1088	   1088	   3288	    cd8	6-1.elf
 
17:49:18 **** Incremental Build of configuration Debug for project 6-1 ****
make -j3 all 
make: Nothing to be done for `all'.
17:51:15 **** Incremental Build of configuration Debug for project 6-1 ****
make -j3 all 
Building file: ../src/main.c
Invoking: MCU GCC Compiler
/Users/samuelyu/Desktop/DesktopFile/MPSL/lab6/6-1/Debug
arm-none-eabi-gcc -mcpu=cortex-m4 -mthumb -mfloat-abi=hard -mfpu=fpv4-sp-d16 -DSTM32 -DSTM32L4 -DSTM32L476RGTx -DNUCLEO_L476RG -DDEBUG -I/Users/samuelyu/Desktop/DesktopFile/MPSL/lab6/6-1/inc -O0 -g3 -Wall -fmessage-length=0 -ffunction-sections -c -MMD -MP -MF"src/main.d" -MT"src/main.o" -o "src/main.o" "../src/main.c"
../src/main.c:56:6: warning: return type of 'main' is not 'int' [-Wmain]
 void main() {
      ^~~~
Finished building: ../src/main.c
 
Building target: 6-1.elf
Invoking: MCU GCC Linker
arm-none-eabi-gcc -mcpu=cortex-m4 -mthumb -mfloat-abi=hard -mfpu=fpv4-sp-d16 -T"/Users/samuelyu/Desktop/DesktopFile/MPSL/lab6/6-1/LinkerScript.ld" -Wl,-Map=output.map -Wl,--gc-sections -o "6-1.elf" @"objects.list"   -lm
Finished building target: 6-1.elf
 
/Library/Developer/CommandLineTools/usr/bin/make --no-print-directory post-build
Generating binary and Printing size information:
arm-none-eabi-objcopy -O binary "6-1.elf" "6-1.bin"
arm-none-eabi-size "6-1.elf"
   text	   data	    bss	    dec	    hex	filename
   1112	   1088	   1088	   3288	    cd8	6-1.elf
 
17:51:19 **** Incremental Build of configuration Debug for project 6-1 ****
make -j3 all 
make: Nothing to be done for `all'.
17:52:45 **** Incremental Build of configuration Debug for project 6-1 ****
make -j3 all 
Building file: ../src/main.c
Invoking: MCU GCC Compiler
/Users/samuelyu/Desktop/DesktopFile/MPSL/lab6/6-1/Debug
arm-none-eabi-gcc -mcpu=cortex-m4 -mthumb -mfloat-abi=hard -mfpu=fpv4-sp-d16 -DSTM32 -DSTM32L4 -DSTM32L476RGTx -DNUCLEO_L476RG -DDEBUG -I/Users/samuelyu/Desktop/DesktopFile/MPSL/lab6/6-1/inc -O0 -g3 -Wall -fmessage-length=0 -ffunction-sections -c -MMD -MP -MF"src/main.d" -MT"src/main.o" -o "src/main.o" "../src/main.c"
../src/main.c:71:6: warning: return type of 'main' is not 'int' [-Wmain]
 void main() {
      ^~~~
Finished building: ../src/main.c
 
Building target: 6-1.elf
Invoking: MCU GCC Linker
arm-none-eabi-gcc -mcpu=cortex-m4 -mthumb -mfloat-abi=hard -mfpu=fpv4-sp-d16 -T"/Users/samuelyu/Desktop/DesktopFile/MPSL/lab6/6-1/LinkerScript.ld" -Wl,-Map=output.map -Wl,--gc-sections -o "6-1.elf" @"objects.list"   -lm
Finished building target: 6-1.elf
 
/Library/Developer/CommandLineTools/usr/bin/make --no-print-directory post-build
Generating binary and Printing size information:
arm-none-eabi-objcopy -O binary "6-1.elf" "6-1.bin"
arm-none-eabi-size "6-1.elf"
   text	   data	    bss	    dec	    hex	filename
   1160	   1088	   1088	   3336	    d08	6-1.elf
 
17:52:48 **** Incremental Build of configuration Debug for project 6-1 ****
make -j3 all 
make: Nothing to be done for `all'.
17:53:23 **** Incremental Build of configuration Debug for project 6-1 ****
make -j3 all 
Building file: ../src/main.c
Invoking: MCU GCC Compiler
/Users/samuelyu/Desktop/DesktopFile/MPSL/lab6/6-1/Debug
arm-none-eabi-gcc -mcpu=cortex-m4 -mthumb -mfloat-abi=hard -mfpu=fpv4-sp-d16 -DSTM32 -DSTM32L4 -DSTM32L476RGTx -DNUCLEO_L476RG -DDEBUG -I/Users/samuelyu/Desktop/DesktopFile/MPSL/lab6/6-1/inc -O0 -g3 -Wall -fmessage-length=0 -ffunction-sections -c -MMD -MP -MF"src/main.d" -MT"src/main.o" -o "src/main.o" "../src/main.c"
../src/main.c:72:6: warning: return type of 'main' is not 'int' [-Wmain]
 void main() {
      ^~~~
Finished building: ../src/main.c
 
Building target: 6-1.elf
Invoking: MCU GCC Linker
arm-none-eabi-gcc -mcpu=cortex-m4 -mthumb -mfloat-abi=hard -mfpu=fpv4-sp-d16 -T"/Users/samuelyu/Desktop/DesktopFile/MPSL/lab6/6-1/LinkerScript.ld" -Wl,-Map=output.map -Wl,--gc-sections -o "6-1.elf" @"objects.list"   -lm
Finished building target: 6-1.elf
 
/Library/Developer/CommandLineTools/usr/bin/make --no-print-directory post-build
Generating binary and Printing size information:
arm-none-eabi-objcopy -O binary "6-1.elf" "6-1.bin"
arm-none-eabi-size "6-1.elf"
   text	   data	    bss	    dec	    hex	filename
   1176	   1088	   1088	   3352	    d18	6-1.elf
 
17:53:29 **** Incremental Build of configuration Debug for project 6-1 ****
make -j3 all 
make: Nothing to be done for `all'.
19:19:54 **** Incremental Build of configuration Debug for project 6-1 ****
make -j3 all 
Building file: ../src/main.c
Invoking: MCU GCC Compiler
/Users/samuelyu/Desktop/DesktopFile/MPSL/lab6/6-1/Debug
arm-none-eabi-gcc -mcpu=cortex-m4 -mthumb -mfloat-abi=hard -mfpu=fpv4-sp-d16 -DSTM32 -DSTM32L4 -DSTM32L476RGTx -DNUCLEO_L476RG -DDEBUG -I/Users/samuelyu/Desktop/DesktopFile/MPSL/lab6/6-1/inc -O0 -g3 -Wall -fmessage-length=0 -ffunction-sections -c -MMD -MP -MF"src/main.d" -MT"src/main.o" -o "src/main.o" "../src/main.c"
../src/main.c:72:6: warning: return type of 'main' is not 'int' [-Wmain]
 void main() {
      ^~~~
Finished building: ../src/main.c
 
Building target: 6-1.elf
Invoking: MCU GCC Linker
arm-none-eabi-gcc -mcpu=cortex-m4 -mthumb -mfloat-abi=hard -mfpu=fpv4-sp-d16 -T"/Users/samuelyu/Desktop/DesktopFile/MPSL/lab6/6-1/LinkerScript.ld" -Wl,-Map=output.map -Wl,--gc-sections -o "6-1.elf" @"objects.list"   -lm
Finished building target: 6-1.elf
 
/Library/Developer/CommandLineTools/usr/bin/make --no-print-directory post-build
Generating binary and Printing size information:
arm-none-eabi-objcopy -O binary "6-1.elf" "6-1.bin"
arm-none-eabi-size "6-1.elf"
   text	   data	    bss	    dec	    hex	filename
   1144	   1088	   1088	   3320	    cf8	6-1.elf
 
19:19:55 **** Incremental Build of configuration Debug for project 6-1 ****
make -j3 all 
make: Nothing to be done for `all'.
19:21:21 **** Incremental Build of configuration Debug for project 6-1 ****
make -j3 all 
Building file: ../src/main.c
Invoking: MCU GCC Compiler
/Users/samuelyu/Desktop/DesktopFile/MPSL/lab6/6-1/Debug
arm-none-eabi-gcc -mcpu=cortex-m4 -mthumb -mfloat-abi=hard -mfpu=fpv4-sp-d16 -DSTM32 -DSTM32L4 -DSTM32L476RGTx -DNUCLEO_L476RG -DDEBUG -I/Users/samuelyu/Desktop/DesktopFile/MPSL/lab6/6-1/inc -O0 -g3 -Wall -fmessage-length=0 -ffunction-sections -c -MMD -MP -MF"src/main.d" -MT"src/main.o" -o "src/main.o" "../src/main.c"
../src/main.c:72:6: warning: return type of 'main' is not 'int' [-Wmain]
 void main() {
      ^~~~
Finished building: ../src/main.c
 
Building target: 6-1.elf
Invoking: MCU GCC Linker
arm-none-eabi-gcc -mcpu=cortex-m4 -mthumb -mfloat-abi=hard -mfpu=fpv4-sp-d16 -T"/Users/samuelyu/Desktop/DesktopFile/MPSL/lab6/6-1/LinkerScript.ld" -Wl,-Map=output.map -Wl,--gc-sections -o "6-1.elf" @"objects.list"   -lm
Finished building target: 6-1.elf
 
/Library/Developer/CommandLineTools/usr/bin/make --no-print-directory post-build
Generating binary and Printing size information:
arm-none-eabi-objcopy -O binary "6-1.elf" "6-1.bin"
arm-none-eabi-size "6-1.elf"
   text	   data	    bss	    dec	    hex	filename
   1144	   1088	   1088	   3320	    cf8	6-1.elf
 
19:21:24 **** Incremental Build of configuration Debug for project 6-1 ****
make -j3 all 
make: Nothing to be done for `all'.
19:21:31 **** Incremental Build of configuration Debug for project 6-1 ****
make -j3 all 
make: Nothing to be done for `all'.
19:21:47 **** Incremental Build of configuration Debug for project 6-1 ****
make -j3 all 
Building file: ../src/main.c
Invoking: MCU GCC Compiler
/Users/samuelyu/Desktop/DesktopFile/MPSL/lab6/6-1/Debug
arm-none-eabi-gcc -mcpu=cortex-m4 -mthumb -mfloat-abi=hard -mfpu=fpv4-sp-d16 -DSTM32 -DSTM32L4 -DSTM32L476RGTx -DNUCLEO_L476RG -DDEBUG -I/Users/samuelyu/Desktop/DesktopFile/MPSL/lab6/6-1/inc -O0 -g3 -Wall -fmessage-length=0 -ffunction-sections -c -MMD -MP -MF"src/main.d" -MT"src/main.o" -o "src/main.o" "../src/main.c"
../src/main.c:72:6: warning: return type of 'main' is not 'int' [-Wmain]
 void main() {
      ^~~~
Finished building: ../src/main.c
 
Building target: 6-1.elf
Invoking: MCU GCC Linker
arm-none-eabi-gcc -mcpu=cortex-m4 -mthumb -mfloat-abi=hard -mfpu=fpv4-sp-d16 -T"/Users/samuelyu/Desktop/DesktopFile/MPSL/lab6/6-1/LinkerScript.ld" -Wl,-Map=output.map -Wl,--gc-sections -o "6-1.elf" @"objects.list"   -lm
Finished building target: 6-1.elf
 
/Library/Developer/CommandLineTools/usr/bin/make --no-print-directory post-build
Generating binary and Printing size information:
arm-none-eabi-objcopy -O binary "6-1.elf" "6-1.bin"
arm-none-eabi-size "6-1.elf"
   text	   data	    bss	    dec	    hex	filename
   1160	   1088	   1088	   3336	    d08	6-1.elf
 
19:21:51 **** Incremental Build of configuration Debug for project 6-1 ****
make -j3 all 
make: Nothing to be done for `all'.
19:22:59 **** Incremental Build of configuration Debug for project 6-1 ****
make -j3 all 
Building file: ../src/main.c
Invoking: MCU GCC Compiler
/Users/samuelyu/Desktop/DesktopFile/MPSL/lab6/6-1/Debug
arm-none-eabi-gcc -mcpu=cortex-m4 -mthumb -mfloat-abi=hard -mfpu=fpv4-sp-d16 -DSTM32 -DSTM32L4 -DSTM32L476RGTx -DNUCLEO_L476RG -DDEBUG -I/Users/samuelyu/Desktop/DesktopFile/MPSL/lab6/6-1/inc -O0 -g3 -Wall -fmessage-length=0 -ffunction-sections -c -MMD -MP -MF"src/main.d" -MT"src/main.o" -o "src/main.o" "../src/main.c"
../src/main.c:72:6: warning: return type of 'main' is not 'int' [-Wmain]
 void main() {
      ^~~~
Finished building: ../src/main.c
 
Building target: 6-1.elf
Invoking: MCU GCC Linker
arm-none-eabi-gcc -mcpu=cortex-m4 -mthumb -mfloat-abi=hard -mfpu=fpv4-sp-d16 -T"/Users/samuelyu/Desktop/DesktopFile/MPSL/lab6/6-1/LinkerScript.ld" -Wl,-Map=output.map -Wl,--gc-sections -o "6-1.elf" @"objects.list"   -lm
Finished building target: 6-1.elf
 
/Library/Developer/CommandLineTools/usr/bin/make --no-print-directory post-build
Generating binary and Printing size information:
arm-none-eabi-objcopy -O binary "6-1.elf" "6-1.bin"
arm-none-eabi-size "6-1.elf"
   text	   data	    bss	    dec	    hex	filename
   1160	   1088	   1088	   3336	    d08	6-1.elf
 
19:23:03 **** Incremental Build of configuration Debug for project 6-1 ****
make -j3 all 
make: Nothing to be done for `all'.
19:25:08 **** Incremental Build of configuration Debug for project 6-1 ****
make -j3 all 
Building file: ../src/main.c
Invoking: MCU GCC Compiler
/Users/samuelyu/Desktop/DesktopFile/MPSL/lab6/6-1/Debug
arm-none-eabi-gcc -mcpu=cortex-m4 -mthumb -mfloat-abi=hard -mfpu=fpv4-sp-d16 -DSTM32 -DSTM32L4 -DSTM32L476RGTx -DNUCLEO_L476RG -DDEBUG -I/Users/samuelyu/Desktop/DesktopFile/MPSL/lab6/6-1/inc -O0 -g3 -Wall -fmessage-length=0 -ffunction-sections -c -MMD -MP -MF"src/main.d" -MT"src/main.o" -o "src/main.o" "../src/main.c"
../src/main.c:72:6: warning: return type of 'main' is not 'int' [-Wmain]
 void main() {
      ^~~~
Finished building: ../src/main.c
 
Building target: 6-1.elf
Invoking: MCU GCC Linker
arm-none-eabi-gcc -mcpu=cortex-m4 -mthumb -mfloat-abi=hard -mfpu=fpv4-sp-d16 -T"/Users/samuelyu/Desktop/DesktopFile/MPSL/lab6/6-1/LinkerScript.ld" -Wl,-Map=output.map -Wl,--gc-sections -o "6-1.elf" @"objects.list"   -lm
Finished building target: 6-1.elf
 
/Library/Developer/CommandLineTools/usr/bin/make --no-print-directory post-build
Generating binary and Printing size information:
arm-none-eabi-objcopy -O binary "6-1.elf" "6-1.bin"
arm-none-eabi-size "6-1.elf"
   text	   data	    bss	    dec	    hex	filename
   1112	   1088	   1088	   3288	    cd8	6-1.elf
 
19:25:11 **** Incremental Build of configuration Debug for project 6-1 ****
make -j3 all 
make: Nothing to be done for `all'.
19:25:18 **** Incremental Build of configuration Debug for project 6-1 ****
make -j3 all 
Building file: ../src/main.c
Invoking: MCU GCC Compiler
/Users/samuelyu/Desktop/DesktopFile/MPSL/lab6/6-1/Debug
arm-none-eabi-gcc -mcpu=cortex-m4 -mthumb -mfloat-abi=hard -mfpu=fpv4-sp-d16 -DSTM32 -DSTM32L4 -DSTM32L476RGTx -DNUCLEO_L476RG -DDEBUG -I/Users/samuelyu/Desktop/DesktopFile/MPSL/lab6/6-1/inc -O0 -g3 -Wall -fmessage-length=0 -ffunction-sections -c -MMD -MP -MF"src/main.d" -MT"src/main.o" -o "src/main.o" "../src/main.c"
../src/main.c:72:6: warning: return type of 'main' is not 'int' [-Wmain]
 void main() {
      ^~~~
Finished building: ../src/main.c
 
Building target: 6-1.elf
Invoking: MCU GCC Linker
arm-none-eabi-gcc -mcpu=cortex-m4 -mthumb -mfloat-abi=hard -mfpu=fpv4-sp-d16 -T"/Users/samuelyu/Desktop/DesktopFile/MPSL/lab6/6-1/LinkerScript.ld" -Wl,-Map=output.map -Wl,--gc-sections -o "6-1.elf" @"objects.list"   -lm
Finished building target: 6-1.elf
 
/Library/Developer/CommandLineTools/usr/bin/make --no-print-directory post-build
Generating binary and Printing size information:
arm-none-eabi-objcopy -O binary "6-1.elf" "6-1.bin"
arm-none-eabi-size "6-1.elf"
   text	   data	    bss	    dec	    hex	filename
   1112	   1088	   1088	   3288	    cd8	6-1.elf
 
19:25:20 **** Incremental Build of configuration Debug for project 6-1 ****
make -j3 all 
make: Nothing to be done for `all'.
19:28:26 **** Incremental Build of configuration Debug for project 6-1 ****
make -j3 all 
Building file: ../src/main.c
Invoking: MCU GCC Compiler
/Users/samuelyu/Desktop/DesktopFile/MPSL/lab6/6-1/Debug
arm-none-eabi-gcc -mcpu=cortex-m4 -mthumb -mfloat-abi=hard -mfpu=fpv4-sp-d16 -DSTM32 -DSTM32L4 -DSTM32L476RGTx -DNUCLEO_L476RG -DDEBUG -I/Users/samuelyu/Desktop/DesktopFile/MPSL/lab6/6-1/inc -O0 -g3 -Wall -fmessage-length=0 -ffunction-sections -c -MMD -MP -MF"src/main.d" -MT"src/main.o" -o "src/main.o" "../src/main.c"
../src/main.c:72:6: warning: return type of 'main' is not 'int' [-Wmain]
 void main() {
      ^~~~
Finished building: ../src/main.c
 
Building target: 6-1.elf
Invoking: MCU GCC Linker
arm-none-eabi-gcc -mcpu=cortex-m4 -mthumb -mfloat-abi=hard -mfpu=fpv4-sp-d16 -T"/Users/samuelyu/Desktop/DesktopFile/MPSL/lab6/6-1/LinkerScript.ld" -Wl,-Map=output.map -Wl,--gc-sections -o "6-1.elf" @"objects.list"   -lm
Finished building target: 6-1.elf
 
/Library/Developer/CommandLineTools/usr/bin/make --no-print-directory post-build
Generating binary and Printing size information:
arm-none-eabi-objcopy -O binary "6-1.elf" "6-1.bin"
arm-none-eabi-size "6-1.elf"
   text	   data	    bss	    dec	    hex	filename
   1160	   1088	   1088	   3336	    d08	6-1.elf
 
19:28:28 **** Incremental Build of configuration Debug for project 6-1 ****
make -j3 all 
make: Nothing to be done for `all'.
19:44:54 **** Incremental Build of configuration Debug for project 6-1 ****
make -j3 all 
Building file: ../src/main.c
Invoking: MCU GCC Compiler
/Users/samuelyu/Desktop/DesktopFile/MPSL/lab6/6-1/Debug
arm-none-eabi-gcc -mcpu=cortex-m4 -mthumb -mfloat-abi=hard -mfpu=fpv4-sp-d16 -DSTM32 -DSTM32L4 -DSTM32L476RGTx -DNUCLEO_L476RG -DDEBUG -I/Users/samuelyu/Desktop/DesktopFile/MPSL/lab6/6-1/inc -O0 -g3 -Wall -fmessage-length=0 -ffunction-sections -c -MMD -MP -MF"src/main.d" -MT"src/main.o" -o "src/main.o" "../src/main.c"
../src/main.c:84:6: warning: return type of 'main' is not 'int' [-Wmain]
 void main() {
      ^~~~
Finished building: ../src/main.c
 
Building target: 6-1.elf
Invoking: MCU GCC Linker
arm-none-eabi-gcc -mcpu=cortex-m4 -mthumb -mfloat-abi=hard -mfpu=fpv4-sp-d16 -T"/Users/samuelyu/Desktop/DesktopFile/MPSL/lab6/6-1/LinkerScript.ld" -Wl,-Map=output.map -Wl,--gc-sections -o "6-1.elf" @"objects.list"   -lm
Finished building target: 6-1.elf
 
/Library/Developer/CommandLineTools/usr/bin/make --no-print-directory post-build
Generating binary and Printing size information:
arm-none-eabi-objcopy -O binary "6-1.elf" "6-1.bin"
arm-none-eabi-size "6-1.elf"
   text	   data	    bss	    dec	    hex	filename
   1216	   1112	   1088	   3416	    d58	6-1.elf
 
19:44:57 **** Incremental Build of configuration Debug for project 6-1 ****
make -j3 all 
make: Nothing to be done for `all'.
19:45:05 **** Incremental Build of configuration Debug for project 6-1 ****
make -j3 all 
make: Nothing to be done for `all'.
19:45:26 **** Incremental Build of configuration Debug for project 6-1 ****
make -j3 all 
make: Nothing to be done for `all'.
19:50:45 **** Incremental Build of configuration Debug for project 6-1 ****
make -j3 all 
Building file: ../src/main.c
Invoking: MCU GCC Compiler
/Users/samuelyu/Desktop/DesktopFile/MPSL/lab6/6-1/Debug
arm-none-eabi-gcc -mcpu=cortex-m4 -mthumb -mfloat-abi=hard -mfpu=fpv4-sp-d16 -DSTM32 -DSTM32L4 -DSTM32L476RGTx -DNUCLEO_L476RG -DDEBUG -I/Users/samuelyu/Desktop/DesktopFile/MPSL/lab6/6-1/inc -O0 -g3 -Wall -fmessage-length=0 -ffunction-sections -c -MMD -MP -MF"src/main.d" -MT"src/main.o" -o "src/main.o" "../src/main.c"
Finished building: ../src/main.c
 
Building target: 6-1.elf
Invoking: MCU GCC Linker
arm-none-eabi-gcc -mcpu=cortex-m4 -mthumb -mfloat-abi=hard -mfpu=fpv4-sp-d16 -T"/Users/samuelyu/Desktop/DesktopFile/MPSL/lab6/6-1/LinkerScript.ld" -Wl,-Map=output.map -Wl,--gc-sections -o "6-1.elf" @"objects.list"   -lm
src/main.o: In function `main':
/Users/samuelyu/Desktop/DesktopFile/MPSL/lab6/6-1/Debug/../src/main.c:86: undefined reference to `delay_1s'
/Users/samuelyu/Desktop/DesktopFile/MPSL/lab6/6-1/Debug/../src/main.c:100: undefined reference to `delay_1s'
collect2: error: ld returned 1 exit status
make: *** [6-1.elf] Error 1
19:51:10 **** Incremental Build of configuration Debug for project 6-1 ****
make -j3 all 
Building file: ../src/main.c
Invoking: MCU GCC Compiler
/Users/samuelyu/Desktop/DesktopFile/MPSL/lab6/6-1/Debug
arm-none-eabi-gcc -mcpu=cortex-m4 -mthumb -mfloat-abi=hard -mfpu=fpv4-sp-d16 -DSTM32 -DSTM32L4 -DSTM32L476RGTx -DNUCLEO_L476RG -DDEBUG -I/Users/samuelyu/Desktop/DesktopFile/MPSL/lab6/6-1/inc -O0 -g3 -Wall -fmessage-length=0 -ffunction-sections -c -MMD -MP -MF"src/main.d" -MT"src/main.o" -o "src/main.o" "../src/main.c"
../src/main.c: In function 'main':
../src/main.c:86:9: warning: implicit declaration of function 'Delay1sWith4MHz' [-Wimplicit-function-declaration]
         Delay1sWith4MHz();
         ^~~~~~~~~~~~~~~
Finished building: ../src/main.c
 
Building target: 6-1.elf
Invoking: MCU GCC Linker
arm-none-eabi-gcc -mcpu=cortex-m4 -mthumb -mfloat-abi=hard -mfpu=fpv4-sp-d16 -T"/Users/samuelyu/Desktop/DesktopFile/MPSL/lab6/6-1/LinkerScript.ld" -Wl,-Map=output.map -Wl,--gc-sections -o "6-1.elf" @"objects.list"   -lm
Finished building target: 6-1.elf
 
/Library/Developer/CommandLineTools/usr/bin/make --no-print-directory post-build
Generating binary and Printing size information:
arm-none-eabi-objcopy -O binary "6-1.elf" "6-1.bin"
arm-none-eabi-size "6-1.elf"
   text	   data	    bss	    dec	    hex	filename
   1488	   1112	   1104	   3704	    e78	6-1.elf
 
19:51:13 **** Incremental Build of configuration Debug for project 6-1 ****
make -j3 all 
make: Nothing to be done for `all'.
19:51:50 **** Incremental Build of configuration Debug for project 6-1 ****
make -j3 all 
Building file: ../src/main.c
Invoking: MCU GCC Compiler
/Users/samuelyu/Desktop/DesktopFile/MPSL/lab6/6-1/Debug
arm-none-eabi-gcc -mcpu=cortex-m4 -mthumb -mfloat-abi=hard -mfpu=fpv4-sp-d16 -DSTM32 -DSTM32L4 -DSTM32L476RGTx -DNUCLEO_L476RG -DDEBUG -I/Users/samuelyu/Desktop/DesktopFile/MPSL/lab6/6-1/inc -O0 -g3 -Wall -fmessage-length=0 -ffunction-sections -c -MMD -MP -MF"src/main.d" -MT"src/main.o" -o "src/main.o" "../src/main.c"
Finished building: ../src/main.c
 
Building target: 6-1.elf
Invoking: MCU GCC Linker
arm-none-eabi-gcc -mcpu=cortex-m4 -mthumb -mfloat-abi=hard -mfpu=fpv4-sp-d16 -T"/Users/samuelyu/Desktop/DesktopFile/MPSL/lab6/6-1/LinkerScript.ld" -Wl,-Map=output.map -Wl,--gc-sections -o "6-1.elf" @"objects.list"   -lm
Finished building target: 6-1.elf
 
/Library/Developer/CommandLineTools/usr/bin/make --no-print-directory post-build
Generating binary and Printing size information:
arm-none-eabi-objcopy -O binary "6-1.elf" "6-1.bin"
arm-none-eabi-size "6-1.elf"
   text	   data	    bss	    dec	    hex	filename
   1488	   1112	   1104	   3704	    e78	6-1.elf
 
19:51:54 **** Incremental Build of configuration Debug for project 6-1 ****
make -j3 all 
make: Nothing to be done for `all'.
19:53:47 **** Incremental Build of configuration Debug for project 6-1 ****
make -j3 all 
Building file: ../src/main.c
Invoking: MCU GCC Compiler
/Users/samuelyu/Desktop/DesktopFile/MPSL/lab6/6-1/Debug
arm-none-eabi-gcc -mcpu=cortex-m4 -mthumb -mfloat-abi=hard -mfpu=fpv4-sp-d16 -DSTM32 -DSTM32L4 -DSTM32L476RGTx -DNUCLEO_L476RG -DDEBUG -I/Users/samuelyu/Desktop/DesktopFile/MPSL/lab6/6-1/inc -O0 -g3 -Wall -fmessage-length=0 -ffunction-sections -c -MMD -MP -MF"src/main.d" -MT"src/main.o" -o "src/main.o" "../src/main.c"
../src/main.c:86:6: warning: return type of 'main' is not 'int' [-Wmain]
 void main() {
      ^~~~
Finished building: ../src/main.c
 
Building target: 6-1.elf
Invoking: MCU GCC Linker
arm-none-eabi-gcc -mcpu=cortex-m4 -mthumb -mfloat-abi=hard -mfpu=fpv4-sp-d16 -T"/Users/samuelyu/Desktop/DesktopFile/MPSL/lab6/6-1/LinkerScript.ld" -Wl,-Map=output.map -Wl,--gc-sections -o "6-1.elf" @"objects.list"   -lm
Finished building target: 6-1.elf
 
/Library/Developer/CommandLineTools/usr/bin/make --no-print-directory post-build
Generating binary and Printing size information:
arm-none-eabi-objcopy -O binary "6-1.elf" "6-1.bin"
arm-none-eabi-size "6-1.elf"
   text	   data	    bss	    dec	    hex	filename
   1224	   1112	   1088	   3424	    d60	6-1.elf
 
[...]
   int a = 0, b = 0, c = 0, d = 0;
                            ^
../src/main.c:148:21: warning: unused variable 'c' [-Wunused-variable]
   int a = 0, b = 0, c = 0, d = 0;
                     ^
../src/main.c:148:14: warning: unused variable 'b' [-Wunused-variable]
   int a = 0, b = 0, c = 0, d = 0;
              ^
../src/main.c:148:7: warning: unused variable 'a' [-Wunused-variable]
   int a = 0, b = 0, c = 0, d = 0;
       ^
../src/main.c: At top level:
../src/main.c:199:6: warning: return type of 'main' is not 'int' [-Wmain]
 void main() {
      ^~~~
Finished building: ../src/main.c
 
Building target: 6-3.elf
Invoking: MCU GCC Linker
arm-none-eabi-gcc -mcpu=cortex-m4 -mthumb -mfloat-abi=hard -mfpu=fpv4-sp-d16 -T"/Users/samuelyu/Desktop/DesktopFile/MPSL/lab6/6-3/LinkerScript.ld" -Wl,-Map=output.map -Wl,--gc-sections -o "6-3.elf" @"objects.list"   -lm
Finished building target: 6-3.elf
 
/Library/Developer/CommandLineTools/usr/bin/make --no-print-directory post-build
Generating binary and Printing size information:
arm-none-eabi-objcopy -O binary "6-3.elf" "6-3.bin"
arm-none-eabi-size "6-3.elf"
   text	   data	    bss	    dec	    hex	filename
   2192	   1088	   1112	   4392	   1128	6-3.elf
 
18:50:22 **** Incremental Build of configuration Debug for project 6-3 ****
make -j3 all 
make: Nothing to be done for `all'.
18:50:45 **** Incremental Build of configuration Debug for project 6-1 ****
make -j3 all 
make: Nothing to be done for `all'.
18:50:45 **** Incremental Build of configuration Debug for project 6-2 ****
make -j3 all 
make: Nothing to be done for `all'.
18:50:46 **** Incremental Build of configuration Debug for project 6-3 ****
make -j3 all 
Building file: ../src/main.c
Invoking: MCU GCC Compiler
/Users/samuelyu/Desktop/DesktopFile/MPSL/lab6/6-3/Debug
arm-none-eabi-gcc -mcpu=cortex-m4 -mthumb -mfloat-abi=hard -mfpu=fpv4-sp-d16 -DSTM32 -DSTM32L4 -DSTM32L476RGTx -DNUCLEO_L476RG -DDEBUG -I/Users/samuelyu/Desktop/DesktopFile/MPSL/lab6/6-3/inc -O0 -g3 -Wall -fmessage-length=0 -ffunction-sections -c -MMD -MP -MF"src/main.d" -MT"src/main.o" -o "src/main.o" "../src/main.c"
../src/main.c: In function 'keypad_scan':
../src/main.c:148:28: warning: unused variable 'd' [-Wunused-variable]
   int a = 0, b = 0, c = 0, d = 0;
                            ^
../src/main.c:148:21: warning: unused variable 'c' [-Wunused-variable]
   int a = 0, b = 0, c = 0, d = 0;
                     ^
../src/main.c:148:14: warning: unused variable 'b' [-Wunused-variable]
   int a = 0, b = 0, c = 0, d = 0;
              ^
../src/main.c:148:7: warning: unused variable 'a' [-Wunused-variable]
   int a = 0, b = 0, c = 0, d = 0;
       ^
../src/main.c: At top level:
../src/main.c:199:6: warning: return type of 'main' is not 'int' [-Wmain]
 void main() {
      ^~~~
Finished building: ../src/main.c
 
Building target: 6-3.elf
Invoking: MCU GCC Linker
arm-none-eabi-gcc -mcpu=cortex-m4 -mthumb -mfloat-abi=hard -mfpu=fpv4-sp-d16 -T"/Users/samuelyu/Desktop/DesktopFile/MPSL/lab6/6-3/LinkerScript.ld" -Wl,-Map=output.map -Wl,--gc-sections -o "6-3.elf" @"objects.list"   -lm
Finished building target: 6-3.elf
 
/Library/Developer/CommandLineTools/usr/bin/make --no-print-directory post-build
Generating binary and Printing size information:
arm-none-eabi-objcopy -O binary "6-3.elf" "6-3.bin"
arm-none-eabi-size "6-3.elf"
   text	   data	    bss	    dec	    hex	filename
   2192	   1088	   1112	   4392	   1128	6-3.elf
 
18:50:48 **** Incremental Build of configuration Debug for project 6-3 ****
make -j3 all 
make: Nothing to be done for `all'.
18:50:53 **** Incremental Build of configuration Debug for project 6-3 ****
make -j3 all 
make: Nothing to be done for `all'.
18:51:17 **** Incremental Build of configuration Debug for project 6-1 ****
make -j3 all 
make: Nothing to be done for `all'.
18:51:17 **** Incremental Build of configuration Debug for project 6-2 ****
make -j3 all 
make: Nothing to be done for `all'.
18:51:17 **** Incremental Build of configuration Debug for project 6-3 ****
make -j3 all 
Building file: ../src/main.c
Invoking: MCU GCC Compiler
/Users/samuelyu/Desktop/DesktopFile/MPSL/lab6/6-3/Debug
arm-none-eabi-gcc -mcpu=cortex-m4 -mthumb -mfloat-abi=hard -mfpu=fpv4-sp-d16 -DSTM32 -DSTM32L4 -DSTM32L476RGTx -DNUCLEO_L476RG -DDEBUG -I/Users/samuelyu/Desktop/DesktopFile/MPSL/lab6/6-3/inc -O0 -g3 -Wall -fmessage-length=0 -ffunction-sections -c -MMD -MP -MF"src/main.d" -MT"src/main.o" -o "src/main.o" "../src/main.c"
../src/main.c: In function 'keypad_scan':
../src/main.c:148:28: warning: unused variable 'd' [-Wunused-variable]
   int a = 0, b = 0, c = 0, d = 0;
                            ^
../src/main.c:148:21: warning: unused variable 'c' [-Wunused-variable]
   int a = 0, b = 0, c = 0, d = 0;
                     ^
../src/main.c:148:14: warning: unused variable 'b' [-Wunused-variable]
   int a = 0, b = 0, c = 0, d = 0;
              ^
../src/main.c:148:7: warning: unused variable 'a' [-Wunused-variable]
   int a = 0, b = 0, c = 0, d = 0;
       ^
../src/main.c: At top level:
../src/main.c:199:6: warning: return type of 'main' is not 'int' [-Wmain]
 void main() {
      ^~~~
Finished building: ../src/main.c
 
Building target: 6-3.elf
Invoking: MCU GCC Linker
arm-none-eabi-gcc -mcpu=cortex-m4 -mthumb -mfloat-abi=hard -mfpu=fpv4-sp-d16 -T"/Users/samuelyu/Desktop/DesktopFile/MPSL/lab6/6-3/LinkerScript.ld" -Wl,-Map=output.map -Wl,--gc-sections -o "6-3.elf" @"objects.list"   -lm
Finished building target: 6-3.elf
 
/Library/Developer/CommandLineTools/usr/bin/make --no-print-directory post-build
Generating binary and Printing size information:
arm-none-eabi-objcopy -O binary "6-3.elf" "6-3.bin"
arm-none-eabi-size "6-3.elf"
   text	   data	    bss	    dec	    hex	filename
   2176	   1088	   1112	   4376	   1118	6-3.elf
 
18:51:20 **** Incremental Build of configuration Debug for project 6-3 ****
make -j3 all 
make: Nothing to be done for `all'.
18:51:40 **** Incremental Build of configuration Debug for project 6-1 ****
make -j3 all 
make: Nothing to be done for `all'.
18:51:41 **** Incremental Build of configuration Debug for project 6-2 ****
make -j3 all 
make: Nothing to be done for `all'.
18:51:41 **** Incremental Build of configuration Debug for project 6-3 ****
make -j3 all 
Building file: ../src/main.c
Invoking: MCU GCC Compiler
/Users/samuelyu/Desktop/DesktopFile/MPSL/lab6/6-3/Debug
arm-none-eabi-gcc -mcpu=cortex-m4 -mthumb -mfloat-abi=hard -mfpu=fpv4-sp-d16 -DSTM32 -DSTM32L4 -DSTM32L476RGTx -DNUCLEO_L476RG -DDEBUG -I/Users/samuelyu/Desktop/DesktopFile/MPSL/lab6/6-3/inc -O0 -g3 -Wall -fmessage-length=0 -ffunction-sections -c -MMD -MP -MF"src/main.d" -MT"src/main.o" -o "src/main.o" "../src/main.c"
../src/main.c: In function 'keypad_scan':
../src/main.c:148:28: warning: unused variable 'd' [-Wunused-variable]
   int a = 0, b = 0, c = 0, d = 0;
                            ^
../src/main.c:148:21: warning: unused variable 'c' [-Wunused-variable]
   int a = 0, b = 0, c = 0, d = 0;
                     ^
../src/main.c:148:14: warning: unused variable 'b' [-Wunused-variable]
   int a = 0, b = 0, c = 0, d = 0;
              ^
../src/main.c:148:7: warning: unused variable 'a' [-Wunused-variable]
   int a = 0, b = 0, c = 0, d = 0;
       ^
../src/main.c: At top level:
../src/main.c:199:6: warning: return type of 'main' is not 'int' [-Wmain]
 void main() {
      ^~~~
Finished building: ../src/main.c
 
Building target: 6-3.elf
Invoking: MCU GCC Linker
arm-none-eabi-gcc -mcpu=cortex-m4 -mthumb -mfloat-abi=hard -mfpu=fpv4-sp-d16 -T"/Users/samuelyu/Desktop/DesktopFile/MPSL/lab6/6-3/LinkerScript.ld" -Wl,-Map=output.map -Wl,--gc-sections -o "6-3.elf" @"objects.list"   -lm
Finished building target: 6-3.elf
 
/Library/Developer/CommandLineTools/usr/bin/make --no-print-directory post-build
Generating binary and Printing size information:
arm-none-eabi-objcopy -O binary "6-3.elf" "6-3.bin"
arm-none-eabi-size "6-3.elf"
   text	   data	    bss	    dec	    hex	filename
   2176	   1088	   1112	   4376	   1118	6-3.elf
 
18:51:43 **** Incremental Build of configuration Debug for project 6-3 ****
make -j3 all 
make: Nothing to be done for `all'.
18:52:42 **** Incremental Build of configuration Debug for project 6-1 ****
make -j3 all 
make: Nothing to be done for `all'.
18:52:43 **** Incremental Build of configuration Debug for project 6-2 ****
make -j3 all 
make: Nothing to be done for `all'.
18:52:43 **** Incremental Build of configuration Debug for project 6-3 ****
make -j3 all 
Building file: ../src/main.c
Invoking: MCU GCC Compiler
/Users/samuelyu/Desktop/DesktopFile/MPSL/lab6/6-3/Debug
arm-none-eabi-gcc -mcpu=cortex-m4 -mthumb -mfloat-abi=hard -mfpu=fpv4-sp-d16 -DSTM32 -DSTM32L4 -DSTM32L476RGTx -DNUCLEO_L476RG -DDEBUG -I/Users/samuelyu/Desktop/DesktopFile/MPSL/lab6/6-3/inc -O0 -g3 -Wall -fmessage-length=0 -ffunction-sections -c -MMD -MP -MF"src/main.d" -MT"src/main.o" -o "src/main.o" "../src/main.c"
../src/main.c: In function 'keypad_scan':
../src/main.c:148:28: warning: unused variable 'd' [-Wunused-variable]
   int a = 0, b = 0, c = 0, d = 0;
                            ^
../src/main.c:148:21: warning: unused variable 'c' [-Wunused-variable]
   int a = 0, b = 0, c = 0, d = 0;
                     ^
../src/main.c:148:14: warning: unused variable 'b' [-Wunused-variable]
   int a = 0, b = 0, c = 0, d = 0;
              ^
../src/main.c:148:7: warning: unused variable 'a' [-Wunused-variable]
   int a = 0, b = 0, c = 0, d = 0;
       ^
../src/main.c: At top level:
../src/main.c:199:6: warning: return type of 'main' is not 'int' [-Wmain]
 void main() {
      ^~~~
Finished building: ../src/main.c
 
Building target: 6-3.elf
Invoking: MCU GCC Linker
arm-none-eabi-gcc -mcpu=cortex-m4 -mthumb -mfloat-abi=hard -mfpu=fpv4-sp-d16 -T"/Users/samuelyu/Desktop/DesktopFile/MPSL/lab6/6-3/LinkerScript.ld" -Wl,-Map=output.map -Wl,--gc-sections -o "6-3.elf" @"objects.list"   -lm
Finished building target: 6-3.elf
 
/Library/Developer/CommandLineTools/usr/bin/make --no-print-directory post-build
Generating binary and Printing size information:
arm-none-eabi-objcopy -O binary "6-3.elf" "6-3.bin"
arm-none-eabi-size "6-3.elf"
   text	   data	    bss	    dec	    hex	filename
   2176	   1088	   1112	   4376	   1118	6-3.elf
 
18:52:47 **** Incremental Build of configuration Debug for project 6-3 ****
make -j3 all 
make: Nothing to be done for `all'.
18:54:37 **** Incremental Build of configuration Debug for project 6-1 ****
make -j3 all 
make: Nothing to be done for `all'.
18:54:38 **** Incremental Build of configuration Debug for project 6-2 ****
make -j3 all 
make: Nothing to be done for `all'.
18:54:38 **** Incremental Build of configuration Debug for project 6-3 ****
make -j3 all 
Building file: ../src/main.c
Invoking: MCU GCC Compiler
/Users/samuelyu/Desktop/DesktopFile/MPSL/lab6/6-3/Debug
arm-none-eabi-gcc -mcpu=cortex-m4 -mthumb -mfloat-abi=hard -mfpu=fpv4-sp-d16 -DSTM32 -DSTM32L4 -DSTM32L476RGTx -DNUCLEO_L476RG -DDEBUG -I/Users/samuelyu/Desktop/DesktopFile/MPSL/lab6/6-3/inc -O0 -g3 -Wall -fmessage-length=0 -ffunction-sections -c -MMD -MP -MF"src/main.d" -MT"src/main.o" -o "src/main.o" "../src/main.c"
../src/main.c: In function 'keypad_scan':
../src/main.c:148:28: warning: unused variable 'd' [-Wunused-variable]
   int a = 0, b = 0, c = 0, d = 0;
                            ^
../src/main.c:148:21: warning: unused variable 'c' [-Wunused-variable]
   int a = 0, b = 0, c = 0, d = 0;
                     ^
../src/main.c:148:14: warning: unused variable 'b' [-Wunused-variable]
   int a = 0, b = 0, c = 0, d = 0;
              ^
../src/main.c:148:7: warning: unused variable 'a' [-Wunused-variable]
   int a = 0, b = 0, c = 0, d = 0;
       ^
../src/main.c: At top level:
../src/main.c:199:6: warning: return type of 'main' is not 'int' [-Wmain]
 void main() {
      ^~~~
Finished building: ../src/main.c
 
Building target: 6-3.elf
Invoking: MCU GCC Linker
arm-none-eabi-gcc -mcpu=cortex-m4 -mthumb -mfloat-abi=hard -mfpu=fpv4-sp-d16 -T"/Users/samuelyu/Desktop/DesktopFile/MPSL/lab6/6-3/LinkerScript.ld" -Wl,-Map=output.map -Wl,--gc-sections -o "6-3.elf" @"objects.list"   -lm
Finished building target: 6-3.elf
 
/Library/Developer/CommandLineTools/usr/bin/make --no-print-directory post-build
Generating binary and Printing size information:
arm-none-eabi-objcopy -O binary "6-3.elf" "6-3.bin"
arm-none-eabi-size "6-3.elf"
   text	   data	    bss	    dec	    hex	filename
   2176	   1088	   1112	   4376	   1118	6-3.elf
 
18:54:40 **** Incremental Build of configuration Debug for project 6-3 ****
make -j3 all 
make: Nothing to be done for `all'.
18:55:08 **** Incremental Build of configuration Debug for project 6-1 ****
make -j3 all 
make: Nothing to be done for `all'.
18:55:09 **** Incremental Build of configuration Debug for project 6-2 ****
make -j3 all 
make: Nothing to be done for `all'.
18:55:09 **** Incremental Build of configuration Debug for project 6-3 ****
make -j3 all 
Building file: ../src/main.c
Invoking: MCU GCC Compiler
/Users/samuelyu/Desktop/DesktopFile/MPSL/lab6/6-3/Debug
arm-none-eabi-gcc -mcpu=cortex-m4 -mthumb -mfloat-abi=hard -mfpu=fpv4-sp-d16 -DSTM32 -DSTM32L4 -DSTM32L476RGTx -DNUCLEO_L476RG -DDEBUG -I/Users/samuelyu/Desktop/DesktopFile/MPSL/lab6/6-3/inc -O0 -g3 -Wall -fmessage-length=0 -ffunction-sections -c -MMD -MP -MF"src/main.d" -MT"src/main.o" -o "src/main.o" "../src/main.c"
../src/main.c: In function 'keypad_scan':
../src/main.c:148:28: warning: unused variable 'd' [-Wunused-variable]
   int a = 0, b = 0, c = 0, d = 0;
                            ^
../src/main.c:148:21: warning: unused variable 'c' [-Wunused-variable]
   int a = 0, b = 0, c = 0, d = 0;
                     ^
../src/main.c:148:14: warning: unused variable 'b' [-Wunused-variable]
   int a = 0, b = 0, c = 0, d = 0;
              ^
../src/main.c:148:7: warning: unused variable 'a' [-Wunused-variable]
   int a = 0, b = 0, c = 0, d = 0;
       ^
../src/main.c: At top level:
../src/main.c:199:6: warning: return type of 'main' is not 'int' [-Wmain]
 void main() {
      ^~~~
Finished building: ../src/main.c
 
Building target: 6-3.elf
Invoking: MCU GCC Linker
arm-none-eabi-gcc -mcpu=cortex-m4 -mthumb -mfloat-abi=hard -mfpu=fpv4-sp-d16 -T"/Users/samuelyu/Desktop/DesktopFile/MPSL/lab6/6-3/LinkerScript.ld" -Wl,-Map=output.map -Wl,--gc-sections -o "6-3.elf" @"objects.list"   -lm
Finished building target: 6-3.elf
 
/Library/Developer/CommandLineTools/usr/bin/make --no-print-directory post-build
Generating binary and Printing size information:
arm-none-eabi-objcopy -O binary "6-3.elf" "6-3.bin"
arm-none-eabi-size "6-3.elf"
   text	   data	    bss	    dec	    hex	filename
   2176	   1088	   1112	   4376	   1118	6-3.elf
 
18:55:30 **** Incremental Build of configuration Debug for project 6-3 ****
make -j3 all 
make: Nothing to be done for `all'.
18:56:04 **** Incremental Build of configuration Debug for project 6-1 ****
make -j3 all 
make: Nothing to be done for `all'.
18:56:04 **** Incremental Build of configuration Debug for project 6-2 ****
make -j3 all 
make: Nothing to be done for `all'.
18:56:04 **** Incremental Build of configuration Debug for project 6-3 ****
make -j3 all 
make: Nothing to be done for `all'.
18:56:06 **** Incremental Build of configuration Debug for project 6-1 ****
make -j3 all 
make: Nothing to be done for `all'.
18:57:00 **** Incremental Build of configuration Debug for project 6-1 ****
make -j3 all 
make: Nothing to be done for `all'.
18:57:00 **** Incremental Build of configuration Debug for project 6-2 ****
make -j3 all 
Building file: ../src/main.c
Invoking: MCU GCC Compiler
/Users/samuelyu/Desktop/DesktopFile/MPSL/lab6/6-2/Debug
arm-none-eabi-gcc -mcpu=cortex-m4 -mthumb -mfloat-abi=hard -mfpu=fpv4-sp-d16 -DSTM32 -DSTM32L4 -DSTM32L476RGTx -DNUCLEO_L476RG -DDEBUG -I/Users/samuelyu/Desktop/DesktopFile/MPSL/lab6/6-2/inc -O0 -g3 -Wall -fmessage-length=0 -ffunction-sections -c -MMD -MP -MF"src/main.d" -MT"src/main.o" -o "src/main.o" "../src/main.c"
../src/main.c: In function 'display':
../src/main.c:40:3: warning: implicit declaration of function 'max7219_send'; did you mean 'max7219_init'? [-Wimplicit-function-declaration]
   max7219_send(i, digit);
   ^~~~~~~~~~~~
   max7219_init
../src/main.c: In function 'Timer_start':
../src/main.c:48:6: warning: unused variable 'pre_val' [-Wunused-variable]
  int pre_val = TIM_ARR_VAL;
      ^~~~~~~
Finished building: ../src/main.c
 
Building target: 6-2.elf
Invoking: MCU GCC Linker
arm-none-eabi-gcc -mcpu=cortex-m4 -mthumb -mfloat-abi=hard -mfpu=fpv4-sp-d16 -T"/Users/samuelyu/Desktop/DesktopFile/MPSL/lab6/6-2/LinkerScript.ld" -Wl,-Map=output.map -Wl,--gc-sections -o "6-2.elf" @"objects.list"   -lm
Finished building target: 6-2.elf
 
/Library/Developer/CommandLineTools/usr/bin/make --no-print-directory post-build
Generating binary and Printing size information:
arm-none-eabi-objcopy -O binary "6-2.elf" "6-2.bin"
arm-none-eabi-size "6-2.elf"
   text	   data	    bss	    dec	    hex	filename
   2616	   1088	   1096	   4800	   12c0	6-2.elf
 
18:57:01 **** Incremental Build of configuration Debug for project 6-3 ****
make -j3 all 
make: Nothing to be done for `all'.
18:57:03 **** Incremental Build of configuration Debug for project 6-2 ****
make -j3 all 
make: Nothing to be done for `all'.
18:58:10 **** Incremental Build of configuration Debug for project 6-1 ****
make -j3 all 
make: Nothing to be done for `all'.
18:58:11 **** Incremental Build of configuration Debug for project 6-2 ****
make -j3 all 
make: Nothing to be done for `all'.
18:58:12 **** Incremental Build of configuration Debug for project 6-3 ****
make -j3 all 
make: Nothing to be done for `all'.
18:58:15 **** Incremental Build of configuration Debug for project 6-3 ****
make -j3 all 
make: Nothing to be done for `all'.
19:01:45 **** Incremental Build of configuration Debug for project 6-1 ****
make -j3 all 
make: Nothing to be done for `all'.
19:01:45 **** Incremental Build of configuration Debug for project 6-2 ****
make -j3 all 
make: Nothing to be done for `all'.
19:01:46 **** Incremental Build of configuration Debug for project 6-3 ****
make -j3 all 
Building file: ../src/main.c
Invoking: MCU GCC Compiler
/Users/samuelyu/Desktop/DesktopFile/MPSL/lab6/6-3/Debug
arm-none-eabi-gcc -mcpu=cortex-m4 -mthumb -mfloat-abi=hard -mfpu=fpv4-sp-d16 -DSTM32 -DSTM32L4 -DSTM32L476RGTx -DNUCLEO_L476RG -DDEBUG -I/Users/samuelyu/Desktop/DesktopFile/MPSL/lab6/6-3/inc -O0 -g3 -Wall -fmessage-length=0 -ffunction-sections -c -MMD -MP -MF"src/main.d" -MT"src/main.o" -o "src/main.o" "../src/main.c"
../src/main.c: In function 'keypad_scan':
../src/main.c:148:28: warning: unused variable 'd' [-Wunused-variable]
   int a = 0, b = 0, c = 0, d = 0;
                            ^
../src/main.c:148:21: warning: unused variable 'c' [-Wunused-variable]
   int a = 0, b = 0, c = 0, d = 0;
                     ^
../src/main.c:148:14: warning: unused variable 'b' [-Wunused-variable]
   int a = 0, b = 0, c = 0, d = 0;
              ^
../src/main.c:148:7: warning: unused variable 'a' [-Wunused-variable]
   int a = 0, b = 0, c = 0, d = 0;
       ^
../src/main.c: At top level:
../src/main.c:199:6: warning: return type of 'main' is not 'int' [-Wmain]
 void main() {
      ^~~~
Finished building: ../src/main.c
 
Building target: 6-3.elf
Invoking: MCU GCC Linker
arm-none-eabi-gcc -mcpu=cortex-m4 -mthumb -mfloat-abi=hard -mfpu=fpv4-sp-d16 -T"/Users/samuelyu/Desktop/DesktopFile/MPSL/lab6/6-3/LinkerScript.ld" -Wl,-Map=output.map -Wl,--gc-sections -o "6-3.elf" @"objects.list"   -lm
Finished building target: 6-3.elf
 
/Library/Developer/CommandLineTools/usr/bin/make --no-print-directory post-build
Generating binary and Printing size information:
arm-none-eabi-objcopy -O binary "6-3.elf" "6-3.bin"
arm-none-eabi-size "6-3.elf"
   text	   data	    bss	    dec	    hex	filename
   2176	   1088	   1112	   4376	   1118	6-3.elf
 
19:01:48 **** Incremental Build of configuration Debug for project 6-3 ****
make -j3 all 
make: Nothing to be done for `all'.
