19:36:03 **** Build of configuration Debug for project 5-1 ****
make -j3 all 
Building file: ../startup/startup_stm32.s
Building file: ../startup/sysmem.c
Building file: ../src/main.c
Invoking: MCU GCC Assembler
Invoking: MCU GCC Compiler
Invoking: MCU GCC Compiler
/Users/samuelyu/Desktop/DesktopFile/MPSL/lab5/5-1/Debug
arm-none-eabi-as -mcpu=cortex-m4 -mthumb -mfloat-abi=hard -mfpu=fpv4-sp-d16 -g -o "startup/startup_stm32.o" "../startup/startup_stm32.s"
/Users/samuelyu/Desktop/DesktopFile/MPSL/lab5/5-1/Debug
/Users/samuelyu/Desktop/DesktopFile/MPSL/lab5/5-1/Debug
arm-none-eabi-gcc -mcpu=cortex-m4 -mthumb -mfloat-abi=hard -mfpu=fpv4-sp-d16 -DSTM32 -DSTM32L4 -DSTM32L476RGTx -DNUCLEO_L476RG -DDEBUG -I/Users/samuelyu/Desktop/DesktopFile/MPSL/lab5/5-1/inc -O0 -g3 -Wall -fmessage-length=0 -ffunction-sections -c -MMD -MP -MF"src/main.d" -MT"src/main.o" -o "src/main.o" "../src/main.c"
arm-none-eabi-gcc -mcpu=cortex-m4 -mthumb -mfloat-abi=hard -mfpu=fpv4-sp-d16 -DSTM32 -DSTM32L4 -DSTM32L476RGTx -DNUCLEO_L476RG -DDEBUG -I/Users/samuelyu/Desktop/DesktopFile/MPSL/lab5/5-1/inc -O0 -g3 -Wall -fmessage-length=0 -ffunction-sections -c -MMD -MP -MF"startup/sysmem.d" -MT"startup/sysmem.o" -o "startup/sysmem.o" "../startup/sysmem.c"
Finished building: ../startup/startup_stm32.s
 
../src/main.c:12:6: warning: return type of 'main' is not 'int' [-Wmain]
 void main() {
      ^~~~
Finished building: ../src/main.c
 
Finished building: ../startup/sysmem.c
 
Building target: 5-1.elf
Invoking: MCU GCC Linker
arm-none-eabi-gcc -mcpu=cortex-m4 -mthumb -mfloat-abi=hard -mfpu=fpv4-sp-d16 -T"/Users/samuelyu/Desktop/DesktopFile/MPSL/lab5/5-1/LinkerScript.ld" -Wl,-Map=output.map -Wl,--gc-sections -o "5-1.elf" @"objects.list"   -lm
src/main.o: In function `display':
/Users/samuelyu/Desktop/DesktopFile/MPSL/lab5/5-1/Debug/../src/main.c:7: multiple definition of `display'
src/main.o:/Users/samuelyu/Desktop/DesktopFile/MPSL/lab5/5-1/Debug/../src/main.c:7: first defined here
src/main.o: In function `main':
/Users/samuelyu/Desktop/DesktopFile/MPSL/lab5/5-1/Debug/../src/main.c:12: multiple definition of `main'
src/main.o:/Users/samuelyu/Desktop/DesktopFile/MPSL/lab5/5-1/Debug/../src/main.c:12: first defined here
src/main.o: In function `display':
/Users/samuelyu/Desktop/DesktopFile/MPSL/lab5/5-1/Debug/../src/main.c:8: undefined reference to `max7219_send'
src/main.o: In function `main':
/Users/samuelyu/Desktop/DesktopFile/MPSL/lab5/5-1/Debug/../src/main.c:14: undefined reference to `GPIO_init'
/Users/samuelyu/Desktop/DesktopFile/MPSL/lab5/5-1/Debug/../src/main.c:15: undefined reference to `max7219_init'
collect2: error: ld returned 1 exit status
make: *** [5-1.elf] Error 1
19:37:31 **** Incremental Build of configuration Debug for project 5-1 ****
make -j3 all 
Building file: ../src/main.c
Invoking: MCU GCC Compiler
/Users/samuelyu/Desktop/DesktopFile/MPSL/lab5/5-1/Debug
arm-none-eabi-gcc -mcpu=cortex-m4 -mthumb -mfloat-abi=hard -mfpu=fpv4-sp-d16 -DSTM32 -DSTM32L4 -DSTM32L476RGTx -DNUCLEO_L476RG -DDEBUG -I/Users/samuelyu/Desktop/DesktopFile/MPSL/lab5/5-1/inc -O0 -g3 -Wall -fmessage-length=0 -ffunction-sections -c -MMD -MP -MF"src/main.d" -MT"src/main.o" -o "src/main.o" "../src/main.c"
../src/main.c:12:6: warning: return type of 'main' is not 'int' [-Wmain]
 void main() {
      ^~~~
Finished building: ../src/main.c
 
Building target: 5-1.elf
Invoking: MCU GCC Linker
arm-none-eabi-gcc -mcpu=cortex-m4 -mthumb -mfloat-abi=hard -mfpu=fpv4-sp-d16 -T"/Users/samuelyu/Desktop/DesktopFile/MPSL/lab5/5-1/LinkerScript.ld" -Wl,-Map=output.map -Wl,--gc-sections -o "5-1.elf" @"objects.list"   -lm
src/main.o: In function `display':
/Users/samuelyu/Desktop/DesktopFile/MPSL/lab5/5-1/Debug/../src/main.c:7: multiple definition of `display'
src/main.o:/Users/samuelyu/Desktop/DesktopFile/MPSL/lab5/5-1/Debug/../src/main.c:7: first defined here
src/main.o: In function `main':
/Users/samuelyu/Desktop/DesktopFile/MPSL/lab5/5-1/Debug/../src/main.c:12: multiple definition of `main'
src/main.o:/Users/samuelyu/Desktop/DesktopFile/MPSL/lab5/5-1/Debug/../src/main.c:12: first defined here
src/main.o: In function `display':
/Users/samuelyu/Desktop/DesktopFile/MPSL/lab5/5-1/Debug/../src/main.c:8: undefined reference to `max7219_send'
src/main.o: In function `main':
/Users/samuelyu/Desktop/DesktopFile/MPSL/lab5/5-1/Debug/../src/main.c:14: undefined reference to `GPIO_init'
/Users/samuelyu/Desktop/DesktopFile/MPSL/lab5/5-1/Debug/../src/main.c:15: undefined reference to `max7219_init'
collect2: error: ld returned 1 exit status
make: *** [5-1.elf] Error 1
19:38:07 **** Incremental Build of configuration Debug for project 5-1 ****
make -j3 all 
Building target: 5-1.elf
Invoking: MCU GCC Linker
arm-none-eabi-gcc -mcpu=cortex-m4 -mthumb -mfloat-abi=hard -mfpu=fpv4-sp-d16 -T"/Users/samuelyu/Desktop/DesktopFile/MPSL/lab5/5-1/LinkerScript.ld" -Wl,-Map=output.map -Wl,--gc-sections -o "5-1.elf" @"objects.list"   -lm
src/main.o: In function `display':
/Users/samuelyu/Desktop/DesktopFile/MPSL/lab5/5-1/Debug/../src/main.c:7: multiple definition of `display'
src/main.o:/Users/samuelyu/Desktop/DesktopFile/MPSL/lab5/5-1/Debug/../src/main.c:7: first defined here
src/main.o: In function `main':
/Users/samuelyu/Desktop/DesktopFile/MPSL/lab5/5-1/Debug/../src/main.c:12: multiple definition of `main'
src/main.o:/Users/samuelyu/Desktop/DesktopFile/MPSL/lab5/5-1/Debug/../src/main.c:12: first defined here
src/main.o: In function `display':
/Users/samuelyu/Desktop/DesktopFile/MPSL/lab5/5-1/Debug/../src/main.c:8: undefined reference to `max7219_send'
src/main.o: In function `main':
/Users/samuelyu/Desktop/DesktopFile/MPSL/lab5/5-1/Debug/../src/main.c:14: undefined reference to `GPIO_init'
/Users/samuelyu/Desktop/DesktopFile/MPSL/lab5/5-1/Debug/../src/main.c:15: undefined reference to `max7219_init'
collect2: error: ld returned 1 exit status
make: *** [5-1.elf] Error 1
19:41:31 **** Incremental Build of configuration Debug for project 5-1 ****
make -j3 all 
Building file: ../src/main.c
Invoking: MCU GCC Compiler
/Users/samuelyu/Desktop/DesktopFile/MPSL/lab5/5-1/Debug
arm-none-eabi-gcc -mcpu=cortex-m4 -mthumb -mfloat-abi=hard -mfpu=fpv4-sp-d16 -DSTM32 -DSTM32L4 -DSTM32L476RGTx -DNUCLEO_L476RG -DDEBUG -I/Users/samuelyu/Desktop/DesktopFile/MPSL/lab5/5-1/inc -O0 -g3 -Wall -fmessage-length=0 -ffunction-sections -c -MMD -MP -MF"src/main.d" -MT"src/main.o" -o "src/main.o" "../src/main.c"
../src/main.c:12:6: warning: return type of 'main' is not 'int' [-Wmain]
 void main() {
      ^~~~
Finished building: ../src/main.c
 
Building target: 5-1.elf
Invoking: MCU GCC Linker
arm-none-eabi-gcc -mcpu=cortex-m4 -mthumb -mfloat-abi=hard -mfpu=fpv4-sp-d16 -T"/Users/samuelyu/Desktop/DesktopFile/MPSL/lab5/5-1/LinkerScript.ld" -Wl,-Map=output.map -Wl,--gc-sections -o "5-1.elf" @"objects.list"   -lm
src/main.o: In function `display':
/Users/samuelyu/Desktop/DesktopFile/MPSL/lab5/5-1/Debug/../src/main.c:7: multiple definition of `display'
src/main.o:/Users/samuelyu/Desktop/DesktopFile/MPSL/lab5/5-1/Debug/../src/main.c:7: first defined here
src/main.o: In function `main':
/Users/samuelyu/Desktop/DesktopFile/MPSL/lab5/5-1/Debug/../src/main.c:12: multiple definition of `main'
src/main.o:/Users/samuelyu/Desktop/DesktopFile/MPSL/lab5/5-1/Debug/../src/main.c:12: first defined here
src/main.o: In function `display':
/Users/samuelyu/Desktop/DesktopFile/MPSL/lab5/5-1/Debug/../src/main.c:8: undefined reference to `max7219_send'
src/main.o: In function `main':
/Users/samuelyu/Desktop/DesktopFile/MPSL/lab5/5-1/Debug/../src/main.c:14: undefined reference to `GPIO_init'
/Users/samuelyu/Desktop/DesktopFile/MPSL/lab5/5-1/Debug/../src/main.c:15: undefined reference to `max7219_init'
collect2: error: ld returned 1 exit status
make: *** [5-1.elf] Error 1
19:41:41 **** Incremental Build of configuration Debug for project 5-1 ****
make -j3 all 
Building file: ../src/main.c
Invoking: MCU GCC Compiler
/Users/samuelyu/Desktop/DesktopFile/MPSL/lab5/5-1/Debug
arm-none-eabi-gcc -mcpu=cortex-m4 -mthumb -mfloat-abi=hard -mfpu=fpv4-sp-d16 -DSTM32 -DSTM32L4 -DSTM32L476RGTx -DNUCLEO_L476RG -DDEBUG -I/Users/samuelyu/Desktop/DesktopFile/MPSL/lab5/5-1/inc -O0 -g3 -Wall -fmessage-length=0 -ffunction-sections -c -MMD -MP -MF"src/main.d" -MT"src/main.o" -o "src/main.o" "../src/main.c"
../src/main.c:12:6: warning: return type of 'main' is not 'int' [-Wmain]
 void main() {
      ^~~~
Finished building: ../src/main.c
 
Building target: 5-1.elf
Invoking: MCU GCC Linker
arm-none-eabi-gcc -mcpu=cortex-m4 -mthumb -mfloat-abi=hard -mfpu=fpv4-sp-d16 -T"/Users/samuelyu/Desktop/DesktopFile/MPSL/lab5/5-1/LinkerScript.ld" -Wl,-Map=output.map -Wl,--gc-sections -o "5-1.elf" @"objects.list"   -lm
src/main.o: In function `display':
/Users/samuelyu/Desktop/DesktopFile/MPSL/lab5/5-1/Debug/../src/main.c:7: multiple definition of `display'
src/main.o:/Users/samuelyu/Desktop/DesktopFile/MPSL/lab5/5-1/Debug/../src/main.c:7: first defined here
src/main.o: In function `main':
/Users/samuelyu/Desktop/DesktopFile/MPSL/lab5/5-1/Debug/../src/main.c:12: multiple definition of `main'
src/main.o:/Users/samuelyu/Desktop/DesktopFile/MPSL/lab5/5-1/Debug/../src/main.c:12: first defined here
src/main.o: In function `display':
/Users/samuelyu/Desktop/DesktopFile/MPSL/lab5/5-1/Debug/../src/main.c:8: undefined reference to `max7219_send'
src/main.o: In function `main':
/Users/samuelyu/Desktop/DesktopFile/MPSL/lab5/5-1/Debug/../src/main.c:14: undefined reference to `GPIO_init'
/Users/samuelyu/Desktop/DesktopFile/MPSL/lab5/5-1/Debug/../src/main.c:15: undefined reference to `max7219_init'
collect2: error: ld returned 1 exit status
make: *** [5-1.elf] Error 1
19:41:43 **** Incremental Build of configuration Debug for project 5-1 ****
make -j3 all 
Building target: 5-1.elf
Invoking: MCU GCC Linker
arm-none-eabi-gcc -mcpu=cortex-m4 -mthumb -mfloat-abi=hard -mfpu=fpv4-sp-d16 -T"/Users/samuelyu/Desktop/DesktopFile/MPSL/lab5/5-1/LinkerScript.ld" -Wl,-Map=output.map -Wl,--gc-sections -o "5-1.elf" @"objects.list"   -lm
src/main.o: In function `display':
/Users/samuelyu/Desktop/DesktopFile/MPSL/lab5/5-1/Debug/../src/main.c:7: multiple definition of `display'
src/main.o:/Users/samuelyu/Desktop/DesktopFile/MPSL/lab5/5-1/Debug/../src/main.c:7: first defined here
src/main.o: In function `main':
/Users/samuelyu/Desktop/DesktopFile/MPSL/lab5/5-1/Debug/../src/main.c:12: multiple definition of `main'
src/main.o:/Users/samuelyu/Desktop/DesktopFile/MPSL/lab5/5-1/Debug/../src/main.c:12: first defined here
src/main.o: In function `display':
/Users/samuelyu/Desktop/DesktopFile/MPSL/lab5/5-1/Debug/../src/main.c:8: undefined reference to `max7219_send'
src/main.o: In function `main':
/Users/samuelyu/Desktop/DesktopFile/MPSL/lab5/5-1/Debug/../src/main.c:14: undefined reference to `GPIO_init'
/Users/samuelyu/Desktop/DesktopFile/MPSL/lab5/5-1/Debug/../src/main.c:15: undefined reference to `max7219_init'
collect2: error: ld returned 1 exit status
make: *** [5-1.elf] Error 1
19:43:07 **** Incremental Build of configuration Debug for project 5-1 ****
make -j3 all 
Building file: ../src/main.c
Invoking: MCU GCC Compiler
/Users/samuelyu/Desktop/DesktopFile/MPSL/lab5/5-1/Debug
arm-none-eabi-gcc -mcpu=cortex-m4 -mthumb -mfloat-abi=hard -mfpu=fpv4-sp-d16 -DSTM32 -DSTM32L4 -DSTM32L476RGTx -DNUCLEO_L476RG -DDEBUG -I/Users/samuelyu/Desktop/DesktopFile/MPSL/lab5/5-1/inc -O0 -g3 -Wall -fmessage-length=0 -ffunction-sections -c -MMD -MP -MF"src/main.d" -MT"src/main.o" -o "src/main.o" "../src/main.c"
../src/main.c:13:6: warning: return type of 'main' is not 'int' [-Wmain]
 void main() {
      ^~~~
Finished building: ../src/main.c
 
Building target: 5-1.elf
Invoking: MCU GCC Linker
arm-none-eabi-gcc -mcpu=cortex-m4 -mthumb -mfloat-abi=hard -mfpu=fpv4-sp-d16 -T"/Users/samuelyu/Desktop/DesktopFile/MPSL/lab5/5-1/LinkerScript.ld" -Wl,-Map=output.map -Wl,--gc-sections -o "5-1.elf" @"objects.list"   -lm
src/main.o: In function `display':
/Users/samuelyu/Desktop/DesktopFile/MPSL/lab5/5-1/Debug/../src/main.c:8: multiple definition of `display'
src/main.o:/Users/samuelyu/Desktop/DesktopFile/MPSL/lab5/5-1/Debug/../src/main.c:8: first defined here
src/main.o: In function `main':
/Users/samuelyu/Desktop/DesktopFile/MPSL/lab5/5-1/Debug/../src/main.c:13: multiple definition of `main'
src/main.o:/Users/samuelyu/Desktop/DesktopFile/MPSL/lab5/5-1/Debug/../src/main.c:13: first defined here
src/main.o: In function `display':
/Users/samuelyu/Desktop/DesktopFile/MPSL/lab5/5-1/Debug/../src/main.c:9: undefined reference to `max7219_send'
src/main.o: In function `main':
/Users/samuelyu/Desktop/DesktopFile/MPSL/lab5/5-1/Debug/../src/main.c:15: undefined reference to `GPIO_init'
/Users/samuelyu/Desktop/DesktopFile/MPSL/lab5/5-1/Debug/../src/main.c:16: undefined reference to `max7219_init'
collect2: error: ld returned 1 exit status
make: *** [5-1.elf] Error 1
19:43:11 **** Incremental Build of configuration Debug for project 5-1 ****
make -j3 all 
Building target: 5-1.elf
Invoking: MCU GCC Linker
arm-none-eabi-gcc -mcpu=cortex-m4 -mthumb -mfloat-abi=hard -mfpu=fpv4-sp-d16 -T"/Users/samuelyu/Desktop/DesktopFile/MPSL/lab5/5-1/LinkerScript.ld" -Wl,-Map=output.map -Wl,--gc-sections -o "5-1.elf" @"objects.list"   -lm
src/main.o: In function `display':
/Users/samuelyu/Desktop/DesktopFile/MPSL/lab5/5-1/Debug/../src/main.c:8: multiple definition of `display'
src/main.o:/Users/samuelyu/Desktop/DesktopFile/MPSL/lab5/5-1/Debug/../src/main.c:8: first defined here
src/main.o: In function `main':
/Users/samuelyu/Desktop/DesktopFile/MPSL/lab5/5-1/Debug/../src/main.c:13: multiple definition of `main'
src/main.o:/Users/samuelyu/Desktop/DesktopFile/MPSL/lab5/5-1/Debug/../src/main.c:13: first defined here
src/main.o: In function `display':
/Users/samuelyu/Desktop/DesktopFile/MPSL/lab5/5-1/Debug/../src/main.c:9: undefined reference to `max7219_send'
src/main.o: In function `main':
/Users/samuelyu/Desktop/DesktopFile/MPSL/lab5/5-1/Debug/../src/main.c:15: undefined reference to `GPIO_init'
/Users/samuelyu/Desktop/DesktopFile/MPSL/lab5/5-1/Debug/../src/main.c:16: undefined reference to `max7219_init'
collect2: error: ld returned 1 exit status
make: *** [5-1.elf] Error 1
19:44:08 **** Incremental Build of configuration Debug for project 5-1 ****
make -j3 all 
Building file: ../src/main.c
Invoking: MCU GCC Compiler
/Users/samuelyu/Desktop/DesktopFile/MPSL/lab5/5-1/Debug
arm-none-eabi-gcc -mcpu=cortex-m4 -mthumb -mfloat-abi=hard -mfpu=fpv4-sp-d16 -DSTM32 -DSTM32L4 -DSTM32L476RGTx -DNUCLEO_L476RG -DDEBUG -I/Users/samuelyu/Desktop/DesktopFile/MPSL/lab5/5-1/inc -O0 -g3 -Wall -fmessage-length=0 -ffunction-sections -c -MMD -MP -MF"src/main.d" -MT"src/main.o" -o "src/main.o" "../src/main.c"
../src/main.c:13:6: warning: return type of 'main' is not 'int' [-Wmain]
 void main() {
      ^~~~
Finished building: ../src/main.c
 
Building target: 5-1.elf
Invoking: MCU GCC Linker
arm-none-eabi-gcc -mcpu=cortex-m4 -mthumb -mfloat-abi=hard -mfpu=fpv4-sp-d16 -T"/Users/samuelyu/Desktop/DesktopFile/MPSL/lab5/5-1/LinkerScript.ld" -Wl,-Map=output.map -Wl,--gc-sections -o "5-1.elf" @"objects.list"   -lm
src/main.o: In function `display':
/Users/samuelyu/Desktop/DesktopFile/MPSL/lab5/5-1/Debug/../src/main.c:9: undefined reference to `max7219_send'
src/main.o: In function `main':
/Users/samuelyu/Desktop/DesktopFile/MPSL/lab5/5-1/Debug/../src/main.c:15: undefined reference to `GPIO_init'
/Users/samuelyu/Desktop/DesktopFile/MPSL/lab5/5-1/Debug/../src/main.c:16: undefined reference to `max7219_init'
collect2: error: ld returned 1 exit status
make: *** [5-1.elf] Error 1
19:46:13 **** Incremental Build of configuration Debug for project 5-1 ****
make -j3 all 
Building file: ../src/main.c
Invoking: MCU GCC Compiler
/Users/samuelyu/Desktop/DesktopFile/MPSL/lab5/5-1/Debug
arm-none-eabi-gcc -mcpu=cortex-m4 -mthumb -mfloat-abi=hard -mfpu=fpv4-sp-d16 -DSTM32 -DSTM32L4 -DSTM32L476RGTx -DNUCLEO_L476RG -DDEBUG -I/Users/samuelyu/Desktop/DesktopFile/MPSL/lab5/5-1/inc -O0 -g3 -Wall -fmessage-length=0 -ffunction-sections -c -MMD -MP -MF"src/main.d" -MT"src/main.o" -o "src/main.o" "../src/main.c"
In file included from ../src/main.c:2:0:
../src/main.s:1:1: error: expected identifier or '(' before '.' token
 .text
 ^
../src/main.s:8:12: error: stray '#' in program
  movs  r0, #0x1
            ^
../src/main.s:28:2: error: unknown type name 'ldr'
  ldr r0, =#DECODE_MODE
  ^~~
../src/main.s:28:10: error: expected identifier or '(' before '=' token
  ldr r0, =#DECODE_MODE
          ^
../src/main.s:28:11: error: stray '#' in program
  ldr r0, =#DECODE_MODE
           ^
../src/main.s:29:11: error: stray '#' in program
  ldr r1, =#0xFF
           ^
../src/main.s:32:11: error: stray '#' in program
  ldr r0, =#DISPLAY_TEST
           ^
../src/main.s:33:11: error: stray '#' in program
  ldr r1, =#0x0
           ^
../src/main.s:36:11: error: stray '#' in program
  ldr r0, =#SCAN_LIMIT
           ^
../src/main.s:40:11: error: stray '#' in program
  ldr r0, =#INTENSITY
           ^
../src/main.s:41:11: error: stray '#' in program
  ldr r1, =#0xA
           ^
../src/main.s:44:11: error: stray '#' in program
  ldr r0, =#SHUTDOWN
           ^
../src/main.s:45:11: error: stray '#' in program
  ldr r1, =#0x1
           ^
../src/main.s:49:2: error: unknown type name 'BX'
  BX LR
  ^~
../src/main.s:51:1: error: expected '=', ',', ';', 'asm' or '__attribute__' before 'max7219_send'
 max7219_send:
 ^~~~~~~~~~~~
../src/main.s:54:14: error: stray '#' in program
  lsl r0, r0, #8
              ^
../src/main.s:56:11: error: stray '#' in program
  ldr r1, =#GPIOA_BASE
           ^
../src/main.s:57:11: error: stray '#' in program
  ldr r2, =#LOAD
           ^
../src/main.s:58:11: error: stray '#' in program
  ldr r3, =#DATA
           ^
../src/main.s:59:11: error: stray '#' in program
  ldr r4, =#CLOCK
           ^
../src/main.s:60:11: error: stray '#' in program
  ldr r5, =#GPIO_BSRR_OFFSET
           ^
../src/main.s:61:11: error: stray '#' in program
  ldr r6, =#GPIO_BRR_OFFSET
           ^
../src/main.s:62:10: error: stray '#' in program
  mov r7, #16//r7 = i
          ^
../src/main.s:64:10: error: stray '#' in program
  mov r8, #1
          ^
../src/main.s:65:14: error: stray '#' in program
  sub r9, r7, #1
              ^
../src/main.s:76:15: error: stray '#' in program
  subs r7, r7, #1
               ^
../src/main.c:15:6: warning: return type of 'main' is not 'int' [-Wmain]
 void main() {
      ^~~~
../src/main.c: In function 'main':
../src/main.c:17:2: warning: implicit declaration of function 'GPIO_init'; did you mean 'GPIOF_BASE'? [-Wimplicit-function-declaration]
  GPIO_init();
  ^~~~~~~~~
  GPIOF_BASE
make: *** [src/main.o] Error 1
19:49:34 **** Incremental Build of configuration Debug for project 5-1 ****
make -j3 all 
Building file: ../src/func.s
Building file: ../src/main.c
Invoking: MCU GCC Assembler
Invoking: MCU GCC Compiler
/Users/samuelyu/Desktop/DesktopFile/MPSL/lab5/5-1/Debug
arm-none-eabi-as -mcpu=cortex-m4 -mthumb -mfloat-abi=hard -mfpu=fpv4-sp-d16 -g -o "src/func.o" "../src/func.s"
/Users/samuelyu/Desktop/DesktopFile/MPSL/lab5/5-1/Debug
arm-none-eabi-gcc -mcpu=cortex-m4 -mthumb -mfloat-abi=hard -mfpu=fpv4-sp-d16 -DSTM32 -DSTM32L4 -DSTM32L476RGTx -DNUCLEO_L476RG -DDEBUG -I/Users/samuelyu/Desktop/DesktopFile/MPSL/lab5/5-1/inc -O0 -g3 -Wall -fmessage-length=0 -ffunction-sections -c -MMD -MP -MF"src/main.d" -MT"src/main.o" -o "src/main.o" "../src/main.c"
../src/func.s: Assembler messages:
../src/func.s:17: Error: instruction not supported in Thumb16 mode -- `orrs r2,r2,r0'
../src/func.s:64: Error: only lo regs allowed with immediate -- `mov r8,#1'
../src/func.s:65: Error: lo register required -- `sub r9,r7,#1'
../src/func.s:66: Error: lo register required -- `lsl r8,r8,r9'
../src/func.s:68: Error: lo register required -- `tst r0,r8'
../src/func.s:76: Error: instruction not supported in Thumb16 mode -- `subs r7,r7,#1'
make: *** [src/func.o] Error 1
make: *** Waiting for unfinished jobs....
In file included from ../src/main.c:2:0:
../src/func.s:1:1: error: expected identifier or '(' before '.' token
 .text
 ^
../src/func.s:8:12: error: stray '#' in program
  movs  r0, #0x1
            ^
../src/func.s:28:2: error: unknown type name 'ldr'
  ldr r0, =#DECODE_MODE
  ^~~
../src/func.s:28:10: error: expected identifier or '(' before '=' token
  ldr r0, =#DECODE_MODE
          ^
../src/func.s:28:11: error: stray '#' in program
  ldr r0, =#DECODE_MODE
           ^
../src/func.s:29:11: error: stray '#' in program
  ldr r1, =#0xFF
           ^
../src/func.s:32:11: error: stray '#' in program
  ldr r0, =#DISPLAY_TEST
           ^
../src/func.s:33:11: error: stray '#' in program
  ldr r1, =#0x0
           ^
../src/func.s:36:11: error: stray '#' in program
  ldr r0, =#SCAN_LIMIT
           ^
../src/func.s:40:11: error: stray '#' in program
  ldr r0, =#INTENSITY
           ^
../src/func.s:41:11: error: stray '#' in program
  ldr r1, =#0xA
           ^
../src/func.s:44:11: error: stray '#' in program
  ldr r0, =#SHUTDOWN
           ^
../src/func.s:45:11: error: stray '#' in program
  ldr r1, =#0x1
           ^
../src/func.s:49:2: error: unknown type name 'BX'
  BX LR
  ^~
../src/func.s:51:1: error: expected '=', ',', ';', 'asm' or '__attribute__' before 'max7219_send'
 max7219_send:
 ^~~~~~~~~~~~
../src/func.s:54:14: error: stray '#' in program
  lsl r0, r0, #8
              ^
../src/func.s:56:11: error: stray '#' in program
  ldr r1, =#GPIOA_BASE
           ^
../src/func.s:57:11: error: stray '#' in program
  ldr r2, =#LOAD
           ^
../src/func.s:58:11: error: stray '#' in program
  ldr r3, =#DATA
           ^
../src/func.s:59:11: error: stray '#' in program
  ldr r4, =#CLOCK
           ^
../src/func.s:60:11: error: stray '#' in program
  ldr r5, =#GPIO_BSRR_OFFSET
           ^
../src/func.s:61:11: error: stray '#' in program
  ldr r6, =#GPIO_BRR_OFFSET
           ^
../src/func.s:62:10: error: stray '#' in program
  mov r7, #16//r7 = i
          ^
../src/func.s:64:10: error: stray '#' in program
  mov r8, #1
          ^
../src/func.s:65:14: error: stray '#' in program
  sub r9, r7, #1
              ^
../src/func.s:76:15: error: stray '#' in program
  subs r7, r7, #1
               ^
../src/main.c:15:6: warning: return type of 'main' is not 'int' [-Wmain]
 void main() {
      ^~~~
../src/main.c: In function 'main':
../src/main.c:17:2: warning: implicit declaration of function 'GPIO_init'; did you mean 'GPIOF_BASE'? [-Wimplicit-function-declaration]
  GPIO_init();
  ^~~~~~~~~
  GPIOF_BASE
make: *** [src/main.o] Error 1
19:50:02 **** Incremental Build of configuration Debug for project 5-1 ****
make -j3 all 
Building file: ../src/func.s
Building file: ../src/main.c
Invoking: MCU GCC Assembler
Invoking: MCU GCC Compiler
/Users/samuelyu/Desktop/DesktopFile/MPSL/lab5/5-1/Debug
arm-none-eabi-as -mcpu=cortex-m4 -mthumb -mfloat-abi=hard -mfpu=fpv4-sp-d16 -g -o "src/func.o" "../src/func.s"
/Users/samuelyu/Desktop/DesktopFile/MPSL/lab5/5-1/Debug
arm-none-eabi-gcc -mcpu=cortex-m4 -mthumb -mfloat-abi=hard -mfpu=fpv4-sp-d16 -DSTM32 -DSTM32L4 -DSTM32L476RGTx -DNUCLEO_L476RG -DDEBUG -I/Users/samuelyu/Desktop/DesktopFile/MPSL/lab5/5-1/inc -O0 -g3 -Wall -fmessage-length=0 -ffunction-sections -c -MMD -MP -MF"src/main.d" -MT"src/main.o" -o "src/main.o" "../src/main.c"
../src/func.s: Assembler messages:
../src/func.s:17: Error: instruction not supported in Thumb16 mode -- `orrs r2,r2,r0'
../src/func.s:64: Error: only lo regs allowed with immediate -- `mov r8,#1'
../src/func.s:65: Error: lo register required -- `sub r9,r7,#1'
../src/func.s:66: Error: lo register required -- `lsl r8,r8,r9'
../src/func.s:68: Error: lo register required -- `tst r0,r8'
../src/func.s:76: Error: instruction not supported in Thumb16 mode -- `subs r7,r7,#1'
make: *** [src/func.o] Error 1
make: *** Waiting for unfinished jobs....
../src/main.c:15:6: warning: return type of 'main' is not 'int' [-Wmain]
 void main() {
      ^~~~
Finished building: ../src/main.c
 
19:57:17 **** Incremental Build of configuration Debug for project 5-1 ****
make -j3 all 
Building file: ../src/func.s
Invoking: MCU GCC Assembler
/Users/samuelyu/Desktop/DesktopFile/MPSL/lab5/5-1/Debug
arm-none-eabi-as -mcpu=cortex-m4 -mthumb -mfloat-abi=hard -mfpu=fpv4-sp-d16 -g -o "src/func.o" "../src/func.s"
../src/func.s: Assembler messages:
../src/func.s:17: Error: instruction not supported in Thumb16 mode -- `orrs r2,r2,r0'
../src/func.s:64: Error: only lo regs allowed with immediate -- `mov r8,#1'
../src/func.s:65: Error: lo register required -- `sub r9,r7,#1'
../src/func.s:66: Error: lo register required -- `lsl r8,r8,r9'
../src/func.s:68: Error: lo register required -- `tst r0,r8'
../src/func.s:76: Error: instruction not supported in Thumb16 mode -- `subs r7,r7,#1'
make: *** [src/func.o] Error 1
19:58:19 **** Incremental Build of configuration Debug for project 5-1 ****
make -j3 all 
Building file: ../src/func.s
Invoking: MCU GCC Assembler
/Users/samuelyu/Desktop/DesktopFile/MPSL/lab5/5-1/Debug
arm-none-eabi-as -mcpu=cortex-m4 -mthumb -mfloat-abi=hard -mfpu=fpv4-sp-d16 -g -o "src/func.o" "../src/func.s"
../src/func.s: Assembler messages:
../src/func.s:64: Error: only lo regs allowed with immediate -- `mov r8,#1'
../src/func.s:65: Error: lo register required -- `sub r9,r7,#1'
../src/func.s:66: Error: lo register required -- `lsl r8,r8,r9'
../src/func.s:68: Error: lo register required -- `tst r0,r8'
../src/func.s:76: Error: instruction not supported in Thumb16 mode -- `subs r7,r7,#1'
make: *** [src/func.o] Error 1
19:59:34 **** Incremental Build of configuration Debug for project 5-1 ****
make -j3 all 
Building file: ../src/func.s
Invoking: MCU GCC Assembler
/Users/samuelyu/Desktop/DesktopFile/MPSL/lab5/5-1/Debug
arm-none-eabi-as -mcpu=cortex-m4 -mthumb -mfloat-abi=hard -mfpu=fpv4-sp-d16 -g -o "src/func.o" "../src/func.s"
../src/func.s: Assembler messages:
../src/func.s:64: Error: only lo regs allowed with immediate -- `mov r8,#1'
../src/func.s:65: Error: lo register required -- `sub r9,r7,#1'
../src/func.s:66: Error: lo register required -- `lsl r8,r8,r9'
../src/func.s:68: Error: lo register required -- `tst r0,r8'
make: *** [src/func.o] Error 1
20:00:42 **** Incremental Build of configuration Debug for project 5-1 ****
make -j3 all 
Building file: ../src/func.s
Invoking: MCU GCC Assembler
/Users/samuelyu/Desktop/DesktopFile/MPSL/lab5/5-1/Debug
arm-none-eabi-as -mcpu=cortex-m4 -mthumb -mfloat-abi=hard -mfpu=fpv4-sp-d16 -g -o "src/func.o" "../src/func.s"
Finished building: ../src/func.s
 
Building target: 5-1.elf
Invoking: MCU GCC Linker
arm-none-eabi-gcc -mcpu=cortex-m4 -mthumb -mfloat-abi=hard -mfpu=fpv4-sp-d16 -T"/Users/samuelyu/Desktop/DesktopFile/MPSL/lab5/5-1/LinkerScript.ld" -Wl,-Map=output.map -Wl,--gc-sections -o "5-1.elf" @"objects.list"   -lm
src/func.o: In function `max7219_init':
/Users/samuelyu/Desktop/DesktopFile/MPSL/lab5/5-1/Debug/../src/func.s:30: undefined reference to `MAX7219Send'
/Users/samuelyu/Desktop/DesktopFile/MPSL/lab5/5-1/Debug/../src/func.s:34: undefined reference to `MAX7219Send'
/Users/samuelyu/Desktop/DesktopFile/MPSL/lab5/5-1/Debug/../src/func.s:38: undefined reference to `MAX7219Send'
/Users/samuelyu/Desktop/DesktopFile/MPSL/lab5/5-1/Debug/../src/func.s:42: undefined reference to `MAX7219Send'
/Users/samuelyu/Desktop/DesktopFile/MPSL/lab5/5-1/Debug/../src/func.s:46: undefined reference to `MAX7219Send'
src/func.o: In function `.if_done':
/Users/samuelyu/Desktop/DesktopFile/MPSL/lab5/5-1/Debug/../src/func.s:9: undefined reference to `RCC_AHB2ENR'
/Users/samuelyu/Desktop/DesktopFile/MPSL/lab5/5-1/Debug/../src/func.s:13: undefined reference to `GPIOA_MODER'
/Users/samuelyu/Desktop/DesktopFile/MPSL/lab5/5-1/Debug/../src/func.s:28: undefined reference to `DECODE_MODE'
/Users/samuelyu/Desktop/DesktopFile/MPSL/lab5/5-1/Debug/../src/func.s:32: undefined reference to `DISPLAY_TEST'
/Users/samuelyu/Desktop/DesktopFile/MPSL/lab5/5-1/Debug/../src/func.s:36: undefined reference to `SCAN_LIMIT'
/Users/samuelyu/Desktop/DesktopFile/MPSL/lab5/5-1/Debug/../src/func.s:40: undefined reference to `INTENSITY'
/Users/samuelyu/Desktop/DesktopFile/MPSL/lab5/5-1/Debug/../src/func.s:44: undefined reference to `SHUTDOWN'
/Users/samuelyu/Desktop/DesktopFile/MPSL/lab5/5-1/Debug/../src/func.s:56: undefined reference to `GPIOA_BASE'
/Users/samuelyu/Desktop/DesktopFile/MPSL/lab5/5-1/Debug/../src/func.s:57: undefined reference to `LOAD'
/Users/samuelyu/Desktop/DesktopFile/MPSL/lab5/5-1/Debug/../src/func.s:58: undefined reference to `DATA'
/Users/samuelyu/Desktop/DesktopFile/MPSL/lab5/5-1/Debug/../src/func.s:59: undefined reference to `CLOCK'
/Users/samuelyu/Desktop/DesktopFile/MPSL/lab5/5-1/Debug/../src/func.s:60: undefined reference to `GPIO_BSRR_OFFSET'
/Users/samuelyu/Desktop/DesktopFile/MPSL/lab5/5-1/Debug/../src/func.s:61: undefined reference to `GPIO_BRR_OFFSET'
collect2: error: ld returned 1 exit status
make: *** [5-1.elf] Error 1
20:01:39 **** Incremental Build of configuration Debug for project 5-1 ****
make -j3 all 
Building file: ../src/func.s
Invoking: MCU GCC Assembler
/Users/samuelyu/Desktop/DesktopFile/MPSL/lab5/5-1/Debug
arm-none-eabi-as -mcpu=cortex-m4 -mthumb -mfloat-abi=hard -mfpu=fpv4-sp-d16 -g -o "src/func.o" "../src/func.s"
../src/func.s: Assembler messages:
../src/func.s:1: Error: missing name
make: *** [src/func.o] Error 1
20:01:52 **** Incremental Build of configuration Debug for project 5-1 ****
make -j3 all 
Building file: ../src/func.s
Invoking: MCU GCC Assembler
/Users/samuelyu/Desktop/DesktopFile/MPSL/lab5/5-1/Debug
arm-none-eabi-as -mcpu=cortex-m4 -mthumb -mfloat-abi=hard -mfpu=fpv4-sp-d16 -g -o "src/func.o" "../src/func.s"
Finished building: ../src/func.s
 
Building target: 5-1.elf
Invoking: MCU GCC Linker
arm-none-eabi-gcc -mcpu=cortex-m4 -mthumb -mfloat-abi=hard -mfpu=fpv4-sp-d16 -T"/Users/samuelyu/Desktop/DesktopFile/MPSL/lab5/5-1/LinkerScript.ld" -Wl,-Map=output.map -Wl,--gc-sections -o "5-1.elf" @"objects.list"   -lm
src/func.o: In function `max7219_init':
/Users/samuelyu/Desktop/DesktopFile/MPSL/lab5/5-1/Debug/../src/func.s:50: undefined reference to `MAX7219Send'
/Users/samuelyu/Desktop/DesktopFile/MPSL/lab5/5-1/Debug/../src/func.s:54: undefined reference to `MAX7219Send'
/Users/samuelyu/Desktop/DesktopFile/MPSL/lab5/5-1/Debug/../src/func.s:58: undefined reference to `MAX7219Send'
/Users/samuelyu/Desktop/DesktopFile/MPSL/lab5/5-1/Debug/../src/func.s:62: undefined reference to `MAX7219Send'
/Users/samuelyu/Desktop/DesktopFile/MPSL/lab5/5-1/Debug/../src/func.s:66: undefined reference to `MAX7219Send'
collect2: error: ld returned 1 exit status
make: *** [5-1.elf] Error 1
20:02:11 **** Incremental Build of configuration Debug for project 5-1 ****
make -j3 all 
Building file: ../src/func.s
Invoking: MCU GCC Assembler
/Users/samuelyu/Desktop/DesktopFile/MPSL/lab5/5-1/Debug
arm-none-eabi-as -mcpu=cortex-m4 -mthumb -mfloat-abi=hard -mfpu=fpv4-sp-d16 -g -o "src/func.o" "../src/func.s"
Finished building: ../src/func.s
 
Building target: 5-1.elf
Invoking: MCU GCC Linker
arm-none-eabi-gcc -mcpu=cortex-m4 -mthumb -mfloat-abi=hard -mfpu=fpv4-sp-d16 -T"/Users/samuelyu/Desktop/DesktopFile/MPSL/lab5/5-1/LinkerScript.ld" -Wl,-Map=output.map -Wl,--gc-sections -o "5-1.elf" @"objects.list"   -lm
Finished building target: 5-1.elf
 
/Library/Developer/CommandLineTools/usr/bin/make --no-print-directory post-build
Generating binary and Printing size information:
arm-none-eabi-objcopy -O binary "5-1.elf" "5-1.bin"
arm-none-eabi-size "5-1.elf"
   text	   data	    bss	    dec	    hex	filename
   1160	   1088	   1088	   3336	    d08	5-1.elf
 
20:02:26 **** Incremental Build of configuration Debug for project 5-1 ****
make -j3 all 
make: Nothing to be done for `all'.
20:03:30 **** Incremental Build of configuration Debug for project 5-1 ****
make -j3 all 
make: Nothing to be done for `all'.
20:03:34 **** Incremental Build of configuration Debug for project 5-1 ****
make -j3 all 
make: Nothing to be done for `all'.
20:03:41 **** Incremental Build of configuration Debug for project 5-1 ****
make -j3 all 
make: Nothing to be done for `all'.
20:03:43 **** Incremental Build of configuration Debug for project 5-1 ****
make -j3 all 
make: Nothing to be done for `all'.
20:05:31 **** Incremental Build of configuration Debug for project 5-1 ****
make -j3 all 
make: Nothing to be done for `all'.
20:07:11 **** Incremental Build of configuration Debug for project 5-1 ****
make -j3 all 
make: Nothing to be done for `all'.
20:07:18 **** Incremental Build of configuration Debug for project 5-1 ****
make -j3 all 
make: Nothing to be done for `all'.
20:07:22 **** Incremental Build of configuration Debug for project 5-1 ****
make -j3 all 
make: Nothing to be done for `all'.
20:07:26 **** Incremental Build of configuration Debug for project 5-1 ****
make -j3 all 
make: Nothing to be done for `all'.
20:08:35 **** Incremental Build of configuration Debug for project 5-1 ****
make -j3 all 
make: Nothing to be done for `all'.
20:11:14 **** Incremental Build of configuration Debug for project 5-1 ****
make -j3 all 
Building file: ../src/main.c
Invoking: MCU GCC Compiler
/Users/samuelyu/Desktop/DesktopFile/MPSL/lab5/5-1/Debug
arm-none-eabi-gcc -mcpu=cortex-m4 -mthumb -mfloat-abi=hard -mfpu=fpv4-sp-d16 -DSTM32 -DSTM32L4 -DSTM32L476RGTx -DNUCLEO_L476RG -DDEBUG -I/Users/samuelyu/Desktop/DesktopFile/MPSL/lab5/5-1/inc -O0 -g3 -Wall -fmessage-length=0 -ffunction-sections -c -MMD -MP -MF"src/main.d" -MT"src/main.o" -o "src/main.o" "../src/main.c"
../src/main.c:15:6: warning: return type of 'main' is not 'int' [-Wmain]
 void main() {
      ^~~~
Finished building: ../src/main.c
 
Building target: 5-1.elf
Invoking: MCU GCC Linker
arm-none-eabi-gcc -mcpu=cortex-m4 -mthumb -mfloat-abi=hard -mfpu=fpv4-sp-d16 -T"/Users/samuelyu/Desktop/DesktopFile/MPSL/lab5/5-1/LinkerScript.ld" -Wl,-Map=output.map -Wl,--gc-sections -o "5-1.elf" @"objects.list"   -lm
Finished building target: 5-1.elf
 
/Library/Developer/CommandLineTools/usr/bin/make --no-print-directory post-build
Generating binary and Printing size information:
arm-none-eabi-objcopy -O binary "5-1.elf" "5-1.bin"
arm-none-eabi-size "5-1.elf"
   text	   data	    bss	    dec	    hex	filename
   1160	   1088	   1088	   3336	    d08	5-1.elf
 
20:11:21 **** Incremental Build of configuration Debug for project 5-1 ****
make -j3 all 
make: Nothing to be done for `all'.
20:12:59 **** Incremental Build of configuration Debug for project 5-1 ****
make -j3 all 
Building file: ../src/func.s
Building file: ../src/main.c
Invoking: MCU GCC Assembler
Invoking: MCU GCC Compiler
/Users/samuelyu/Desktop/DesktopFile/MPSL/lab5/5-1/Debug
arm-none-eabi-as -mcpu=cortex-m4 -mthumb -mfloat-abi=hard -mfpu=fpv4-sp-d16 -g -o "src/func.o" "../src/func.s"
/Users/samuelyu/Desktop/DesktopFile/MPSL/lab5/5-1/Debug
arm-none-eabi-gcc -mcpu=cortex-m4 -mthumb -mfloat-abi=hard -mfpu=fpv4-sp-d16 -DSTM32 -DSTM32L4 -DSTM32L476RGTx -DNUCLEO_L476RG -DDEBUG -I/Users/samuelyu/Desktop/DesktopFile/MPSL/lab5/5-1/inc -O0 -g3 -Wall -fmessage-length=0 -ffunction-sections -c -MMD -MP -MF"src/main.d" -MT"src/main.o" -o "src/main.o" "../src/main.c"
Finished building: ../src/func.s
 
../src/main.c:15:6: warning: return type of 'main' is not 'int' [-Wmain]
 void main() {
      ^~~~
Finished building: ../src/main.c
 
Building target: 5-1.elf
Invoking: MCU GCC Linker
arm-none-eabi-gcc -mcpu=cortex-m4 -mthumb -mfloat-abi=hard -mfpu=fpv4-sp-d16 -T"/Users/samuelyu/Desktop/DesktopFile/MPSL/lab5/5-1/LinkerScript.ld" -Wl,-Map=output.map -Wl,--gc-sections -o "5-1.elf" @"objects.list"   -lm
Finished building target: 5-1.elf
 
/Library/Developer/CommandLineTools/usr/bin/make --no-print-directory post-build
Generating binary and Printing size information:
arm-none-eabi-objcopy -O binary "5-1.elf" "5-1.bin"
arm-none-eabi-size "5-1.elf"
   text	   data	    bss	    dec	    hex	filename
   1176	   1088	   1088	   3352	    d18	5-1.elf
 
20:13:03 **** Incremental Build of configuration Debug for project 5-1 ****
make -j3 all 
make: Nothing to be done for `all'.
20:19:31 **** Incremental Build of configuration Debug for project 5-1 ****
make -j3 all 
Building file: ../src/func.s
Invoking: MCU GCC Assembler
/Users/samuelyu/Desktop/DesktopFile/MPSL/lab5/5-1/Debug
arm-none-eabi-as -mcpu=cortex-m4 -mthumb -mfloat-abi=hard -mfpu=fpv4-sp-d16 -g -o "src/func.o" "../src/func.s"
Finished building: ../src/func.s
 
Building target: 5-1.elf
Invoking: MCU GCC Linker
arm-none-eabi-gcc -mcpu=cortex-m4 -mthumb -mfloat-abi=hard -mfpu=fpv4-sp-d16 -T"/Users/samuelyu/Desktop/DesktopFile/MPSL/lab5/5-1/LinkerScript.ld" -Wl,-Map=output.map -Wl,--gc-sections -o "5-1.elf" @"objects.list"   -lm
Finished building target: 5-1.elf
 
/Library/Developer/CommandLineTools/usr/bin/make --no-print-directory post-build
Generating binary and Printing size information:
arm-none-eabi-objcopy -O binary "5-1.elf" "5-1.bin"
arm-none-eabi-size "5-1.elf"
   text	   data	    bss	    dec	    hex	filename
   1176	   1088	   1088	   3352	    d18	5-1.elf
 
20:19:34 **** Incremental Build of configuration Debug for project 5-1 ****
make -j3 all 
make: Nothing to be done for `all'.
20:21:40 **** Build of configuration Debug for project 5-1 ****
make -j3 all 
make: Nothing to be done for `all'.
20:26:43 **** Incremental Build of configuration Debug for project 5-1 ****
make -j3 all 
Building file: ../src/GPIO_init.s
Building file: ../src/max7219_init.s
Building file: ../src/max7219_send.s
Invoking: MCU GCC Assembler
Invoking: MCU GCC Assembler
Invoking: MCU GCC Assembler
/Users/samuelyu/Desktop/DesktopFile/MPSL/lab5/5-1/Debug
arm-none-eabi-as -mcpu=cortex-m4 -mthumb -mfloat-abi=hard -mfpu=fpv4-sp-d16 -g -o "src/GPIO_init.o" "../src/GPIO_init.s"
/Users/samuelyu/Desktop/DesktopFile/MPSL/lab5/5-1/Debug
arm-none-eabi-as -mcpu=cortex-m4 -mthumb -mfloat-abi=hard -mfpu=fpv4-sp-d16 -g -o "src/max7219_init.o" "../src/max7219_init.s"
/Users/samuelyu/Desktop/DesktopFile/MPSL/lab5/5-1/Debug
arm-none-eabi-as -mcpu=cortex-m4 -mthumb -mfloat-abi=hard -mfpu=fpv4-sp-d16 -g -o "src/max7219_send.o" "../src/max7219_send.s"
Finished building: ../src/max7219_send.s
Finished building: ../src/max7219_init.s
Finished building: ../src/GPIO_init.s
 
 
 
Building target: 5-1.elf
Invoking: MCU GCC Linker
arm-none-eabi-gcc -mcpu=cortex-m4 -mthumb -mfloat-abi=hard -mfpu=fpv4-sp-d16 -T"/Users/samuelyu/Desktop/DesktopFile/MPSL/lab5/5-1/LinkerScript.ld" -Wl,-Map=output.map -Wl,--gc-sections -o "5-1.elf" @"objects.list"   -lm
Finished building target: 5-1.elf
 
/Library/Developer/CommandLineTools/usr/bin/make --no-print-directory post-build
Generating binary and Printing size information:
arm-none-eabi-objcopy -O binary "5-1.elf" "5-1.bin"
arm-none-eabi-size "5-1.elf"
   text	   data	    bss	    dec	    hex	filename
   1176	   1088	   1088	   3352	    d18	5-1.elf
 
20:26:47 **** Incremental Build of configuration Debug for project 5-1 ****
make -j3 all 
make: Nothing to be done for `all'.
20:28:10 **** Incremental Build of configuration Debug for project 5-1 ****
make -j3 all 
Building file: ../src/GPIO_init.s
Invoking: MCU GCC Assembler
/Users/samuelyu/Desktop/DesktopFile/MPSL/lab5/5-1/Debug
arm-none-eabi-as -mcpu=cortex-m4 -mthumb -mfloat-abi=hard -mfpu=fpv4-sp-d16 -g -o "src/GPIO_init.o" "../src/GPIO_init.s"
Finished building: ../src/GPIO_init.s
 
Building target: 5-1.elf
Invoking: MCU GCC Linker
arm-none-eabi-gcc -mcpu=cortex-m4 -mthumb -mfloat-abi=hard -mfpu=fpv4-sp-d16 -T"/Users/samuelyu/Desktop/DesktopFile/MPSL/lab5/5-1/LinkerScript.ld" -Wl,-Map=output.map -Wl,--gc-sections -o "5-1.elf" @"objects.list"   -lm
Finished building target: 5-1.elf
 
/Library/Developer/CommandLineTools/usr/bin/make --no-print-directory post-build
Generating binary and Printing size information:
arm-none-eabi-objcopy -O binary "5-1.elf" "5-1.bin"
arm-none-eabi-size "5-1.elf"
   text	   data	    bss	    dec	    hex	filename
   1240	   1088	   1088	   3416	    d58	5-1.elf
 
20:28:15 **** Incremental Build of configuration Debug for project 5-1 ****
make -j3 all 
Building file: ../src/main.c
Invoking: MCU GCC Compiler
/Users/samuelyu/Desktop/DesktopFile/MPSL/lab5/5-1/Debug
arm-none-eabi-gcc -mcpu=cortex-m4 -mthumb -mfloat-abi=hard -mfpu=fpv4-sp-d16 -DSTM32 -DSTM32L4 -DSTM32L476RGTx -DNUCLEO_L476RG -DDEBUG -I/Users/samuelyu/Desktop/DesktopFile/MPSL/lab5/5-1/inc -O0 -g3 -Wall -fmessage-length=0 -ffunction-sections -c -MMD -MP -MF"src/main.d" -MT"src/main.o" -o "src/main.o" "../src/main.c"
../src/main.c:15:6: warning: return type of 'main' is not 'int' [-Wmain]
 void main() {
      ^~~~
Finished building: ../src/main.c
 
Building target: 5-1.elf
Invoking: MCU GCC Linker
arm-none-eabi-gcc -mcpu=cortex-m4 -mthumb -mfloat-abi=hard -mfpu=fpv4-sp-d16 -T"/Users/samuelyu/Desktop/DesktopFile/MPSL/lab5/5-1/LinkerScript.ld" -Wl,-Map=output.map -Wl,--gc-sections -o "5-1.elf" @"objects.list"   -lm
Finished building target: 5-1.elf
 
/Library/Developer/CommandLineTools/usr/bin/make --no-print-directory post-build
Generating binary and Printing size information:
arm-none-eabi-objcopy -O binary "5-1.elf" "5-1.bin"
arm-none-eabi-size "5-1.elf"
   text	   data	    bss	    dec	    hex	filename
   1176	   1088	   1088	   3352	    d18	5-1.elf
 
20:28:16 **** Incremental Build of configuration Debug for project 5-1 ****
make -j3 all 
make: Nothing to be done for `all'.
20:33:35 **** Incremental Build of configuration Debug for project 5-1 ****
make -j3 all 
Building file: ../src/GPIO_init.s
Building file: ../src/main.c
Building file: ../src/max7219_init.s
Invoking: MCU GCC Compiler
Invoking: MCU GCC Assembler
Invoking: MCU GCC Assembler
/Users/samuelyu/Desktop/DesktopFile/MPSL/lab5/5-1/Debug
arm-none-eabi-as -mcpu=cortex-m4 -mthumb -mfloat-abi=hard -mfpu=fpv4-sp-d16 -g -o "src/max7219_init.o" "../src/max7219_init.s"
/Users/samuelyu/Desktop/DesktopFile/MPSL/lab5/5-1/Debug
arm-none-eabi-gcc -mcpu=cortex-m4 -mthumb -mfloat-abi=hard -mfpu=fpv4-sp-d16 -DSTM32 -DSTM32L4 -DSTM32L476RGTx -DNUCLEO_L476RG -DDEBUG -I/Users/samuelyu/Desktop/DesktopFile/MPSL/lab5/5-1/inc -O0 -g3 -Wall -fmessage-length=0 -ffunction-sections -c -MMD -MP -MF"src/main.d" -MT"src/main.o" -o "src/main.o" "../src/main.c"
/Users/samuelyu/Desktop/DesktopFile/MPSL/lab5/5-1/Debug
arm-none-eabi-as -mcpu=cortex-m4 -mthumb -mfloat-abi=hard -mfpu=fpv4-sp-d16 -g -o "src/GPIO_init.o" "../src/GPIO_init.s"
Finished building: ../src/GPIO_init.s
Finished building: ../src/max7219_init.s
 
 
../src/main.c:15:6: warning: return type of 'main' is not 'int' [-Wmain]
 void main() {
      ^~~~
Finished building: ../src/main.c
 
Building target: 5-1.elf
Invoking: MCU GCC Linker
arm-none-eabi-gcc -mcpu=cortex-m4 -mthumb -mfloat-abi=hard -mfpu=fpv4-sp-d16 -T"/Users/samuelyu/Desktop/DesktopFile/MPSL/lab5/5-1/LinkerScript.ld" -Wl,-Map=output.map -Wl,--gc-sections -o "5-1.elf" @"objects.list"   -lm
Finished building target: 5-1.elf
 
/Library/Developer/CommandLineTools/usr/bin/make --no-print-directory post-build
Generating binary and Printing size information:
arm-none-eabi-objcopy -O binary "5-1.elf" "5-1.bin"
arm-none-eabi-size "5-1.elf"
   text	   data	    bss	    dec	    hex	filename
   1176	   1088	   1088	   3352	    d18	5-1.elf
 
20:33:44 **** Incremental Build of configuration Debug for project 5-1 ****
make -j3 all 
make: Nothing to be done for `all'.
20:33:46 **** Incremental Build of configuration Debug for project 5-1 ****
make -j3 all 
make: Nothing to be done for `all'.
20:36:27 **** Incremental Build of configuration Debug for project 5-1 ****
make -j3 all 
Building file: ../src/GPIO_init.s
Building file: ../src/max7219_init.s
Invoking: MCU GCC Assembler
Invoking: MCU GCC Assembler
/Users/samuelyu/Desktop/DesktopFile/MPSL/lab5/5-1/Debug
arm-none-eabi-as -mcpu=cortex-m4 -mthumb -mfloat-abi=hard -mfpu=fpv4-sp-d16 -g -o "src/GPIO_init.o" "../src/GPIO_init.s"
/Users/samuelyu/Desktop/DesktopFile/MPSL/lab5/5-1/Debug
arm-none-eabi-as -mcpu=cortex-m4 -mthumb -mfloat-abi=hard -mfpu=fpv4-sp-d16 -g -o "src/max7219_init.o" "../src/max7219_init.s"
Finished building: ../src/max7219_init.s
Finished building: ../src/GPIO_init.s
 
 
Building target: 5-1.elf
Invoking: MCU GCC Linker
arm-none-eabi-gcc -mcpu=cortex-m4 -mthumb -mfloat-abi=hard -mfpu=fpv4-sp-d16 -T"/Users/samuelyu/Desktop/DesktopFile/MPSL/lab5/5-1/LinkerScript.ld" -Wl,-Map=output.map -Wl,--gc-sections -o "5-1.elf" @"objects.list"   -lm
src/max7219_init.o: In function `max7219_init':
/Users/samuelyu/Desktop/DesktopFile/MPSL/lab5/5-1/Debug/../src/max7219_init.s:29: multiple definition of `max7219_init'
src/GPIO_init.o:/Users/samuelyu/Desktop/DesktopFile/MPSL/lab5/5-1/Debug/../src/GPIO_init.s:49: first defined here
src/max7219_send.o: In function `max7219_send':
/Users/samuelyu/Desktop/DesktopFile/MPSL/lab5/5-1/Debug/../src/max7219_send.s:30: multiple definition of `max7219_send'
src/GPIO_init.o:/Users/samuelyu/Desktop/DesktopFile/MPSL/lab5/5-1/Debug/../src/GPIO_init.s:78: first defined here
collect2: error: ld returned 1 exit status
make: *** [5-1.elf] Error 1
20:39:14 **** Incremental Build of configuration Debug for project 5-1 ****
make -j3 all 
Building file: ../src/func.s
Invoking: MCU GCC Assembler
/Users/samuelyu/Desktop/DesktopFile/MPSL/lab5/5-1/Debug
arm-none-eabi-as -mcpu=cortex-m4 -mthumb -mfloat-abi=hard -mfpu=fpv4-sp-d16 -g -o "src/func.o" "../src/func.s"
Finished building: ../src/func.s
 
Building target: 5-1.elf
Invoking: MCU GCC Linker
arm-none-eabi-gcc -mcpu=cortex-m4 -mthumb -mfloat-abi=hard -mfpu=fpv4-sp-d16 -T"/Users/samuelyu/Desktop/DesktopFile/MPSL/lab5/5-1/LinkerScript.ld" -Wl,-Map=output.map -Wl,--gc-sections -o "5-1.elf" @"objects.list"   -lm
Finished building target: 5-1.elf
 
/Library/Developer/CommandLineTools/usr/bin/make --no-print-directory post-build
Generating binary and Printing size information:
arm-none-eabi-objcopy -O binary "5-1.elf" "5-1.bin"
arm-none-eabi-size "5-1.elf"
   text	   data	    bss	    dec	    hex	filename
   1176	   1088	   1088	   3352	    d18	5-1.elf
 
20:39:17 **** Incremental Build of configuration Debug for project 5-1 ****
make -j3 all 
make: Nothing to be done for `all'.
20:40:08 **** Incremental Build of configuration Debug for project 5-1 ****
make -j3 all 
Building file: ../src/main.c
Invoking: MCU GCC Compiler
/Users/samuelyu/Desktop/DesktopFile/MPSL/lab5/5-1/Debug
arm-none-eabi-gcc -mcpu=cortex-m4 -mthumb -mfloat-abi=hard -mfpu=fpv4-sp-d16 -DSTM32 -DSTM32L4 -DSTM32L476RGTx -DNUCLEO_L476RG -DDEBUG -I/Users/samuelyu/Desktop/DesktopFile/MPSL/lab5/5-1/inc -O0 -g3 -Wall -fmessage-length=0 -ffunction-sections -c -MMD -MP -MF"src/main.d" -MT"src/main.o" -o "src/main.o" "../src/main.c"
../src/main.c:15:6: warning: return type of 'main' is not 'int' [-Wmain]
 void main() {
      ^~~~
Finished building: ../src/main.c
 
Building target: 5-1.elf
Invoking: MCU GCC Linker
arm-none-eabi-gcc -mcpu=cortex-m4 -mthumb -mfloat-abi=hard -mfpu=fpv4-sp-d16 -T"/Users/samuelyu/Desktop/DesktopFile/MPSL/lab5/5-1/LinkerScript.ld" -Wl,-Map=output.map -Wl,--gc-sections -o "5-1.elf" @"objects.list"   -lm
Finished building target: 5-1.elf
 
/Library/Developer/CommandLineTools/usr/bin/make --no-print-directory post-build
Generating binary and Printing size information:
arm-none-eabi-objcopy -O binary "5-1.elf" "5-1.bin"
arm-none-eabi-size "5-1.elf"
   text	   data	    bss	    dec	    hex	filename
   1168	   1088	   1088	   3344	    d10	5-1.elf
 
20:40:12 **** Incremental Build of configuration Debug for project 5-1 ****
make -j3 all 
make: Nothing to be done for `all'.
20:40:18 **** Incremental Build of configuration Debug for project 5-1 ****
make -j3 all 
make: Nothing to be done for `all'.
20:40:25 **** Incremental Build of configuration Debug for project 5-1 ****
make -j3 all 
make: Nothing to be done for `all'.
20:40:28 **** Incremental Build of configuration Debug for project 5-1 ****
make -j3 all 
make: Nothing to be done for `all'.
20:40:32 **** Incremental Build of configuration Debug for project 5-1 ****
make -j3 all 
make: Nothing to be done for `all'.
20:40:41 **** Incremental Build of configuration Debug for project 5-1 ****
make -j3 all 
make: Nothing to be done for `all'.
20:40:42 **** Incremental Build of configuration Debug for project 5-1 ****
make -j3 all 
make: Nothing to be done for `all'.
20:40:45 **** Incremental Build of configuration Debug for project 5-1 ****
make -j3 all 
make: Nothing to be done for `all'.
20:40:56 **** Incremental Build of configuration Debug for project 5-1 ****
make -j3 all 
make: Nothing to be done for `all'.
20:40:59 **** Incremental Build of configuration Debug for project 5-1 ****
make -j3 all 
make: Nothing to be done for `all'.
20:47:05 **** Incremental Build of configuration Debug for project 5-1 ****
make -j3 all 
Building file: ../src/func.s
Building file: ../src/main.c
Invoking: MCU GCC Assembler
Invoking: MCU GCC Compiler
/Users/samuelyu/Desktop/DesktopFile/MPSL/lab5/5-1/Debug
arm-none-eabi-as -mcpu=cortex-m4 -mthumb -mfloat-abi=hard -mfpu=fpv4-sp-d16 -g -o "src/func.o" "../src/func.s"
/Users/samuelyu/Desktop/DesktopFile/MPSL/lab5/5-1/Debug
arm-none-eabi-gcc -mcpu=cortex-m4 -mthumb -mfloat-abi=hard -mfpu=fpv4-sp-d16 -DSTM32 -DSTM32L4 -DSTM32L476RGTx -DNUCLEO_L476RG -DDEBUG -I/Users/samuelyu/Desktop/DesktopFile/MPSL/lab5/5-1/inc -O0 -g3 -Wall -fmessage-length=0 -ffunction-sections -c -MMD -MP -MF"src/main.d" -MT"src/main.o" -o "src/main.o" "../src/main.c"
Finished building: ../src/func.s
 
../src/main.c:15:6: warning: return type of 'main' is not 'int' [-Wmain]
 void main() {
      ^~~~
Finished building: ../src/main.c
 
Building target: 5-1.elf
Invoking: MCU GCC Linker
arm-none-eabi-gcc -mcpu=cortex-m4 -mthumb -mfloat-abi=hard -mfpu=fpv4-sp-d16 -T"/Users/samuelyu/Desktop/DesktopFile/MPSL/lab5/5-1/LinkerScript.ld" -Wl,-Map=output.map -Wl,--gc-sections -o "5-1.elf" @"objects.list"   -lm
Finished building target: 5-1.elf
 
/Library/Developer/CommandLineTools/usr/bin/make --no-print-directory post-build
Generating binary and Printing size information:
arm-none-eabi-objcopy -O binary "5-1.elf" "5-1.bin"
arm-none-eabi-size "5-1.elf"
   text	   data	    bss	    dec	    hex	filename
   1232	   1088	   1088	   3408	    d50	5-1.elf
 
20:47:07 **** Incremental Build of configuration Debug for project 5-1 ****
make -j3 all 
make: Nothing to be done for `all'.
20:47:16 **** Incremental Build of configuration Debug for project 5-1 ****
make -j3 all 
make: Nothing to be done for `all'.
20:50:36 **** Incremental Build of configuration Debug for project 5-1 ****
make -j3 all 
Building file: ../src/func.s
Building file: ../src/main.c
Invoking: MCU GCC Assembler
Invoking: MCU GCC Compiler
/Users/samuelyu/Desktop/DesktopFile/MPSL/lab5/5-1/Debug
arm-none-eabi-as -mcpu=cortex-m4 -mthumb -mfloat-abi=hard -mfpu=fpv4-sp-d16 -g -o "src/func.o" "../src/func.s"
/Users/samuelyu/Desktop/DesktopFile/MPSL/lab5/5-1/Debug
arm-none-eabi-gcc -mcpu=cortex-m4 -mthumb -mfloat-abi=hard -mfpu=fpv4-sp-d16 -DSTM32 -DSTM32L4 -DSTM32L476RGTx -DNUCLEO_L476RG -DDEBUG -I/Users/samuelyu/Desktop/DesktopFile/MPSL/lab5/5-1/inc -O0 -g3 -Wall -fmessage-length=0 -ffunction-sections -c -MMD -MP -MF"src/main.d" -MT"src/main.o" -o "src/main.o" "../src/main.c"
Finished building: ../src/func.s
 
../src/main.c:15:6: warning: return type of 'main' is not 'int' [-Wmain]
 void main() {
      ^~~~
Finished building: ../src/main.c
 
Building target: 5-1.elf
Invoking: MCU GCC Linker
arm-none-eabi-gcc -mcpu=cortex-m4 -mthumb -mfloat-abi=hard -mfpu=fpv4-sp-d16 -T"/Users/samuelyu/Desktop/DesktopFile/MPSL/lab5/5-1/LinkerScript.ld" -Wl,-Map=output.map -Wl,--gc-sections -o "5-1.elf" @"objects.list"   -lm
Finished building target: 5-1.elf
 
/Library/Developer/CommandLineTools/usr/bin/make --no-print-directory post-build
Generating binary and Printing size information:
arm-none-eabi-objcopy -O binary "5-1.elf" "5-1.bin"
arm-none-eabi-size "5-1.elf"
   text	   data	    bss	    dec	    hex	filename
   1176	   1088	   1088	   3352	    d18	5-1.elf
 
20:50:39 **** Incremental Build of configuration Debug for project 5-1 ****
make -j3 all 
make: Nothing to be done for `all'.
20:51:13 **** Incremental Build of configuration Debug for project 5-1 ****
make -j3 all 
make: Nothing to be done for `all'.
20:51:18 **** Incremental Build of configuration Debug for project 5-1 ****
make -j3 all 
make: Nothing to be done for `all'.
20:53:19 **** Incremental Build of configuration Debug for project 5-1 ****
make -j3 all 
Building file: ../src/func.s
Invoking: MCU GCC Assembler
/Users/samuelyu/Desktop/DesktopFile/MPSL/lab5/5-1/Debug
arm-none-eabi-as -mcpu=cortex-m4 -mthumb -mfloat-abi=hard -mfpu=fpv4-sp-d16 -g -o "src/func.o" "../src/func.s"
Finished building: ../src/func.s
 
Building target: 5-1.elf
Invoking: MCU GCC Linker
arm-none-eabi-gcc -mcpu=cortex-m4 -mthumb -mfloat-abi=hard -mfpu=fpv4-sp-d16 -T"/Users/samuelyu/Desktop/DesktopFile/MPSL/lab5/5-1/LinkerScript.ld" -Wl,-Map=output.map -Wl,--gc-sections -o "5-1.elf" @"objects.list"   -lm
Finished building target: 5-1.elf
 
/Library/Developer/CommandLineTools/usr/bin/make --no-print-directory post-build
Generating binary and Printing size information:
arm-none-eabi-objcopy -O binary "5-1.elf" "5-1.bin"
arm-none-eabi-size "5-1.elf"
   text	   data	    bss	    dec	    hex	filename
   1176	   1088	   1088	   3352	    d18	5-1.elf
 
20:53:23 **** Incremental Build of configuration Debug for project 5-1 ****
make -j3 all 
make: Nothing to be done for `all'.
20:55:45 **** Incremental Build of configuration Debug for project 5-1 ****
make -j3 all 
make: Nothing to be done for `all'.
20:57:27 **** Incremental Build of configuration Debug for project 5-1 ****
make -j3 all 
make: Nothing to be done for `all'.
20:57:30 **** Incremental Build of configuration Debug for project 5-1 ****
make -j3 all 
make: Nothing to be done for `all'.
21:00:56 **** Incremental Build of configuration Debug for project 5-1 ****
make -j3 all 
Building file: ../src/func.s
Invoking: MCU GCC Assembler
/Users/samuelyu/Desktop/DesktopFile/MPSL/lab5/5-1/Debug
arm-none-eabi-as -mcpu=cortex-m4 -mthumb -mfloat-abi=hard -mfpu=fpv4-sp-d16 -g -o "src/func.o" "../src/func.s"
Finished building: ../src/func.s
 
Building target: 5-1.elf
Invoking: MCU GCC Linker
arm-none-eabi-gcc -mcpu=cortex-m4 -mthumb -mfloat-abi=hard -mfpu=fpv4-sp-d16 -T"/Users/samuelyu/Desktop/DesktopFile/MPSL/lab5/5-1/LinkerScript.ld" -Wl,-Map=output.map -Wl,--gc-sections -o "5-1.elf" @"objects.list"   -lm
Finished building target: 5-1.elf
 
/Library/Developer/CommandLineTools/usr/bin/make --no-print-directory post-build
Generating binary and Printing size information:
arm-none-eabi-objcopy -O binary "5-1.elf" "5-1.bin"
arm-none-eabi-size "5-1.elf"
   text	   data	    bss	    dec	    hex	filename
   1176	   1088	   1088	   3352	    d18	5-1.elf
 
21:01:25 **** Incremental Build of configuration Debug for project 5-1 ****
make -j3 all 
make: Nothing to be done for `all'.
21:01:29 **** Incremental Build of configuration Debug for project 5-1 ****
make -j3 all 
make: Nothing to be done for `all'.
21:01:32 **** Incremental Build of configuration Debug for project 5-1 ****
make -j3 all 
make: Nothing to be done for `all'.
21:03:26 **** Incremental Build of configuration Debug for project 5-1 ****
make -j3 all 
Building file: ../src/func.s
Invoking: MCU GCC Assembler
/Users/samuelyu/Desktop/DesktopFile/MPSL/lab5/5-1/Debug
arm-none-eabi-as -mcpu=cortex-m4 -mthumb -mfloat-abi=hard -mfpu=fpv4-sp-d16 -g -o "src/func.o" "../src/func.s"
Finished building: ../src/func.s
 
Building target: 5-1.elf
Invoking: MCU GCC Linker
arm-none-eabi-gcc -mcpu=cortex-m4 -mthumb -mfloat-abi=hard -mfpu=fpv4-sp-d16 -T"/Users/samuelyu/Desktop/DesktopFile/MPSL/lab5/5-1/LinkerScript.ld" -Wl,-Map=output.map -Wl,--gc-sections -o "5-1.elf" @"objects.list"   -lm
Finished building target: 5-1.elf
 
/Library/Developer/CommandLineTools/usr/bin/make --no-print-directory post-build
Generating binary and Printing size information:
arm-none-eabi-objcopy -O binary "5-1.elf" "5-1.bin"
arm-none-eabi-size "5-1.elf"
   text	   data	    bss	    dec	    hex	filename
   1168	   1088	   1088	   3344	    d10	5-1.elf
 
21:03:36 **** Incremental Build of configuration Debug for project 5-1 ****
make -j3 all 
make: Nothing to be done for `all'.
21:03:50 **** Incremental Build of configuration Debug for project 5-1 ****
make -j3 all 
make: Nothing to be done for `all'.
21:03:51 **** Incremental Build of configuration Debug for project 5-1 ****
make -j3 all 
make: Nothing to be done for `all'.
21:06:48 **** Incremental Build of configuration Debug for project 5-1 ****
make -j3 all 
Building file: ../src/func.s
Invoking: MCU GCC Assembler
/Users/samuelyu/Desktop/DesktopFile/MPSL/lab5/5-1/Debug
arm-none-eabi-as -mcpu=cortex-m4 -mthumb -mfloat-abi=hard -mfpu=fpv4-sp-d16 -g -o "src/func.o" "../src/func.s"
Finished building: ../src/func.s
 
Building target: 5-1.elf
Invoking: MCU GCC Linker
arm-none-eabi-gcc -mcpu=cortex-m4 -mthumb -mfloat-abi=hard -mfpu=fpv4-sp-d16 -T"/Users/samuelyu/Desktop/DesktopFile/MPSL/lab5/5-1/LinkerScript.ld" -Wl,-Map=output.map -Wl,--gc-sections -o "5-1.elf" @"objects.list"   -lm
Finished building target: 5-1.elf
 
/Library/Developer/CommandLineTools/usr/bin/make --no-print-directory post-build
Generating binary and Printing size information:
arm-none-eabi-objcopy -O binary "5-1.elf" "5-1.bin"
arm-none-eabi-size "5-1.elf"
   text	   data	    bss	    dec	    hex	filename
   1168	   1088	   1088	   3344	    d10	5-1.elf
 
21:06:50 **** Incremental Build of configuration Debug for project 5-1 ****
make -j3 all 
make: Nothing to be done for `all'.
21:10:29 **** Incremental Build of configuration Debug for project 5-1 ****
make -j3 all 
make: Nothing to be done for `all'.
21:10:36 **** Incremental Build of configuration Debug for project 5-1 ****
make -j3 all 
make: Nothing to be done for `all'.
21:13:32 **** Incremental Build of configuration Debug for project 5-1 ****
make -j3 all 
Building file: ../src/main.c
Invoking: MCU GCC Compiler
/Users/samuelyu/Desktop/DesktopFile/MPSL/lab5/5-1/Debug
arm-none-eabi-gcc -mcpu=cortex-m4 -mthumb -mfloat-abi=hard -mfpu=fpv4-sp-d16 -DSTM32 -DSTM32L4 -DSTM32L476RGTx -DNUCLEO_L476RG -DDEBUG -I/Users/samuelyu/Desktop/DesktopFile/MPSL/lab5/5-1/inc -O0 -g3 -Wall -fmessage-length=0 -ffunction-sections -c -MMD -MP -MF"src/main.d" -MT"src/main.o" -o "src/main.o" "../src/main.c"
../src/main.c:21:6: warning: return type of 'main' is not 'int' [-Wmain]
 void main() {
      ^~~~
Finished building: ../src/main.c
 
Building target: 5-1.elf
Invoking: MCU GCC Linker
arm-none-eabi-gcc -mcpu=cortex-m4 -mthumb -mfloat-abi=hard -mfpu=fpv4-sp-d16 -T"/Users/samuelyu/Desktop/DesktopFile/MPSL/lab5/5-1/LinkerScript.ld" -Wl,-Map=output.map -Wl,--gc-sections -o "5-1.elf" @"objects.list"   -lm
Finished building target: 5-1.elf
 
/Library/Developer/CommandLineTools/usr/bin/make --no-print-directory post-build
Generating binary and Printing size information:
arm-none-eabi-objcopy -O binary "5-1.elf" "5-1.bin"
arm-none-eabi-size "5-1.elf"
   text	   data	    bss	    dec	    hex	filename
   1216	   1088	   1088	   3392	    d40	5-1.elf
 
21:13:34 **** Incremental Build of configuration Debug for project 5-1 ****
make -j3 all 
make: Nothing to be done for `all'.
21:17:19 **** Incremental Build of configuration Debug for project 5-1 ****
make -j3 all 
Building file: ../src/main.c
Invoking: MCU GCC Compiler
/Users/samuelyu/Desktop/DesktopFile/MPSL/lab5/5-1/Debug
arm-none-eabi-gcc -mcpu=cortex-m4 -mthumb -mfloat-abi=hard -mfpu=fpv4-sp-d16 -DSTM32 -DSTM32L4 -DSTM32L476RGTx -DNUCLEO_L476RG -DDEBUG -I/Users/samuelyu/Desktop/DesktopFile/MPSL/lab5/5-1/inc -O0 -g3 -Wall -fmessage-length=0 -ffunction-sections -c -MMD -MP -MF"src/main.d" -MT"src/main.o" -o "src/main.o" "../src/main.c"
../src/main.c:18:6: warning: return type of 'main' is not 'int' [-Wmain]
 void main() {
      ^~~~
Finished building: ../src/main.c
 
Building target: 5-1.elf
Invoking: MCU GCC Linker
arm-none-eabi-gcc -mcpu=cortex-m4 -mthumb -mfloat-abi=hard -mfpu=fpv4-sp-d16 -T"/Users/samuelyu/Desktop/DesktopFile/MPSL/lab5/5-1/LinkerScript.ld" -Wl,-Map=output.map -Wl,--gc-sections -o "5-1.elf" @"objects.list"   -lm
Finished building target: 5-1.elf
 
/Library/Developer/CommandLineTools/usr/bin/make --no-print-directory post-build
Generating binary and Printing size information:
arm-none-eabi-objcopy -O binary "5-1.elf" "5-1.bin"
arm-none-eabi-size "5-1.elf"
   text	   data	    bss	    dec	    hex	filename
   1240	   1088	   1088	   3416	    d58	5-1.elf
 
21:17:22 **** Incremental Build of configuration Debug for project 5-1 ****
make -j3 all 
make: Nothing to be done for `all'.
21:18:07 **** Incremental Build of configuration Debug for project 5-1 ****
make -j3 all 
make: Nothing to be done for `all'.
21:18:13 **** Incremental Build of configuration Debug for project 5-1 ****
make -j3 all 
make: Nothing to be done for `all'.
21:20:47 **** Incremental Build of configuration Debug for project 5-1 ****
make -j3 all 
Building file: ../src/main.c
Invoking: MCU GCC Compiler
/Users/samuelyu/Desktop/DesktopFile/MPSL/lab5/5-1/Debug
arm-none-eabi-gcc -mcpu=cortex-m4 -mthumb -mfloat-abi=hard -mfpu=fpv4-sp-d16 -DSTM32 -DSTM32L4 -DSTM32L476RGTx -DNUCLEO_L476RG -DDEBUG -I/Users/samuelyu/Desktop/DesktopFile/MPSL/lab5/5-1/inc -O0 -g3 -Wall -fmessage-length=0 -ffunction-sections -c -MMD -MP -MF"src/main.d" -MT"src/main.o" -o "src/main.o" "../src/main.c"
../src/main.c:18:6: warning: return type of 'main' is not 'int' [-Wmain]
 void main() {
      ^~~~
Finished building: ../src/main.c
 
Building target: 5-1.elf
Invoking: MCU GCC Linker
arm-none-eabi-gcc -mcpu=cortex-m4 -mthumb -mfloat-abi=hard -mfpu=fpv4-sp-d16 -T"/Users/samuelyu/Desktop/DesktopFile/MPSL/lab5/5-1/LinkerScript.ld" -Wl,-Map=output.map -Wl,--gc-sections -o "5-1.elf" @"objects.list"   -lm
Finished building target: 5-1.elf
 
/Library/Developer/CommandLineTools/usr/bin/make --no-print-directory post-build
Generating binary and Printing size information:
arm-none-eabi-objcopy -O binary "5-1.elf" "5-1.bin"
arm-none-eabi-size "5-1.elf"
   text	   data	    bss	    dec	    hex	filename
   1240	   1088	   1088	   3416	    d58	5-1.elf
 
21:22:24 **** Incremental Build of configuration Debug for project 5-1 ****
make -j3 all 
Building file: ../src/main.c
Invoking: MCU GCC Compiler
/Users/samuelyu/Desktop/DesktopFile/MPSL/lab5/5-1/Debug
arm-none-eabi-gcc -mcpu=cortex-m4 -mthumb -mfloat-abi=hard -mfpu=fpv4-sp-d16 -DSTM32 -DSTM32L4 -DSTM32L476RGTx -DNUCLEO_L476RG -DDEBUG -I/Users/samuelyu/Desktop/DesktopFile/MPSL/lab5/5-1/inc -O0 -g3 -Wall -fmessage-length=0 -ffunction-sections -c -MMD -MP -MF"src/main.d" -MT"src/main.o" -o "src/main.o" "../src/main.c"
../src/main.c:18:6: warning: return type of 'main' is not 'int' [-Wmain]
 void main() {
      ^~~~
Finished building: ../src/main.c
 
Building target: 5-1.elf
Invoking: MCU GCC Linker
arm-none-eabi-gcc -mcpu=cortex-m4 -mthumb -mfloat-abi=hard -mfpu=fpv4-sp-d16 -T"/Users/samuelyu/Desktop/DesktopFile/MPSL/lab5/5-1/LinkerScript.ld" -Wl,-Map=output.map -Wl,--gc-sections -o "5-1.elf" @"objects.list"   -lm
Finished building target: 5-1.elf
 
/Library/Developer/CommandLineTools/usr/bin/make --no-print-directory post-build
Generating binary and Printing size information:
arm-none-eabi-objcopy -O binary "5-1.elf" "5-1.bin"
arm-none-eabi-size "5-1.elf"
   text	   data	    bss	    dec	    hex	filename
   1240	   1088	   1088	   3416	    d58	5-1.elf
 
21:22:35 **** Incremental Build of configuration Debug for project 5-1 ****
make -j3 all 
make: Nothing to be done for `all'.
21:22:58 **** Incremental Build of configuration Debug for project 5-1 ****
make -j3 all 
Building file: ../src/main.c
Invoking: MCU GCC Compiler
/Users/samuelyu/Desktop/DesktopFile/MPSL/lab5/5-1/Debug
arm-none-eabi-gcc -mcpu=cortex-m4 -mthumb -mfloat-abi=hard -mfpu=fpv4-sp-d16 -DSTM32 -DSTM32L4 -DSTM32L476RGTx -DNUCLEO_L476RG -DDEBUG -I/Users/samuelyu/Desktop/DesktopFile/MPSL/lab5/5-1/inc -O0 -g3 -Wall -fmessage-length=0 -ffunction-sections -c -MMD -MP -MF"src/main.d" -MT"src/main.o" -o "src/main.o" "../src/main.c"
../src/main.c:18:6: warning: return type of 'main' is not 'int' [-Wmain]
 void main() {
      ^~~~
Finished building: ../src/main.c
 
Building target: 5-1.elf
Invoking: MCU GCC Linker
arm-none-eabi-gcc -mcpu=cortex-m4 -mthumb -mfloat-abi=hard -mfpu=fpv4-sp-d16 -T"/Users/samuelyu/Desktop/DesktopFile/MPSL/lab5/5-1/LinkerScript.ld" -Wl,-Map=output.map -Wl,--gc-sections -o "5-1.elf" @"objects.list"   -lm
Finished building target: 5-1.elf
 
/Library/Developer/CommandLineTools/usr/bin/make --no-print-directory post-build
Generating binary and Printing size information:
arm-none-eabi-objcopy -O binary "5-1.elf" "5-1.bin"
arm-none-eabi-size "5-1.elf"
   text	   data	    bss	    dec	    hex	filename
   1240	   1088	   1088	   3416	    d58	5-1.elf
 
21:23:00 **** Incremental Build of configuration Debug for project 5-1 ****
make -j3 all 
make: Nothing to be done for `all'.
21:23:16 **** Incremental Build of configuration Debug for project 5-1 ****
make -j3 all 
make: Nothing to be done for `all'.
21:23:19 **** Incremental Build of configuration Debug for project 5-1 ****
make -j3 all 
make: Nothing to be done for `all'.
21:23:47 **** Incremental Build of configuration Debug for project 5-1 ****
make -j3 all 
Building file: ../src/main.c
Invoking: MCU GCC Compiler
/Users/samuelyu/Desktop/DesktopFile/MPSL/lab5/5-1/Debug
arm-none-eabi-gcc -mcpu=cortex-m4 -mthumb -mfloat-abi=hard -mfpu=fpv4-sp-d16 -DSTM32 -DSTM32L4 -DSTM32L476RGTx -DNUCLEO_L476RG -DDEBUG -I/Users/samuelyu/Desktop/DesktopFile/MPSL/lab5/5-1/inc -O0 -g3 -Wall -fmessage-length=0 -ffunction-sections -c -MMD -MP -MF"src/main.d" -MT"src/main.o" -o "src/main.o" "../src/main.c"
../src/main.c:21:6: warning: return type of 'main' is not 'int' [-Wmain]
 void main() {
      ^~~~
Finished building: ../src/main.c
 
Building target: 5-1.elf
Invoking: MCU GCC Linker
arm-none-eabi-gcc -mcpu=cortex-m4 -mthumb -mfloat-abi=hard -mfpu=fpv4-sp-d16 -T"/Users/samuelyu/Desktop/DesktopFile/MPSL/lab5/5-1/LinkerScript.ld" -Wl,-Map=output.map -Wl,--gc-sections -o "5-1.elf" @"objects.list"   -lm
Finished building target: 5-1.elf
 
/Library/Developer/CommandLineTools/usr/bin/make --no-print-directory post-build
Generating binary and Printing size information:
arm-none-eabi-objcopy -O binary "5-1.elf" "5-1.bin"
arm-none-eabi-size "5-1.elf"
   text	   data	    bss	    dec	    hex	filename
   1216	   1088	   1088	   3392	    d40	5-1.elf
 
21:23:57 **** Incremental Build of configuration Debug for project 5-1 ****
make -j3 all 
make: Nothing to be done for `all'.
21:23:58 **** Incremental Build of configuration Debug for project 5-1 ****
make -j3 all 
make: Nothing to be done for `all'.
21:25:27 **** Incremental Build of configuration Debug for project 5-1 ****
make -j3 all 
Building file: ../src/main.c
Invoking: MCU GCC Compiler
/Users/samuelyu/Desktop/DesktopFile/MPSL/lab5/5-1/Debug
arm-none-eabi-gcc -mcpu=cortex-m4 -mthumb -mfloat-abi=hard -mfpu=fpv4-sp-d16 -DSTM32 -DSTM32L4 -DSTM32L476RGTx -DNUCLEO_L476RG -DDEBUG -I/Users/samuelyu/Desktop/DesktopFile/MPSL/lab5/5-1/inc -O0 -g3 -Wall -fmessage-length=0 -ffunction-sections -c -MMD -MP -MF"src/main.d" -MT"src/main.o" -o "src/main.o" "../src/main.c"
../src/main.c:25:6: warning: return type of 'main' is not 'int' [-Wmain]
 void main() {
      ^~~~
Finished building: ../src/main.c
 
Building target: 5-1.elf
Invoking: MCU GCC Linker
arm-none-eabi-gcc -mcpu=cortex-m4 -mthumb -mfloat-abi=hard -mfpu=fpv4-sp-d16 -T"/Users/samuelyu/Desktop/DesktopFile/MPSL/lab5/5-1/LinkerScript.ld" -Wl,-Map=output.map -Wl,--gc-sections -o "5-1.elf" @"objects.list"   -lm
Finished building target: 5-1.elf
 
/Library/Developer/CommandLineTools/usr/bin/make --no-print-directory post-build
Generating binary and Printing size information:
arm-none-eabi-objcopy -O binary "5-1.elf" "5-1.bin"
arm-none-eabi-size "5-1.elf"
   text	   data	    bss	    dec	    hex	filename
   1296	   1088	   1088	   3472	    d90	5-1.elf
 
21:27:18 **** Incremental Build of configuration Debug for project 5-1 ****
make -j3 all 
make: Nothing to be done for `all'.
21:27:27 **** Incremental Build of configuration Debug for project 5-1 ****
make -j3 all 
make: Nothing to be done for `all'.
21:30:37 **** Incremental Build of configuration Debug for project 5-1 ****
make -j3 all 
Building file: ../src/main.c
Invoking: MCU GCC Compiler
/Users/samuelyu/Desktop/DesktopFile/MPSL/lab5/5-1/Debug
arm-none-eabi-gcc -mcpu=cortex-m4 -mthumb -mfloat-abi=hard -mfpu=fpv4-sp-d16 -DSTM32 -DSTM32L4 -DSTM32L476RGTx -DNUCLEO_L476RG -DDEBUG -I/Users/samuelyu/Desktop/DesktopFile/MPSL/lab5/5-1/inc -O0 -g3 -Wall -fmessage-length=0 -ffunction-sections -c -MMD -MP -MF"src/main.d" -MT"src/main.o" -o "src/main.o" "../src/main.c"
../src/main.c:26:6: warning: return type of 'main' is not 'int' [-Wmain]
 void main() {
      ^~~~
Finished building: ../src/main.c
 
Building target: 5-1.elf
Invoking: MCU GCC Linker
arm-none-eabi-gcc -mcpu=cortex-m4 -mthumb -mfloat-abi=hard -mfpu=fpv4-sp-d16 -T"/Users/samuelyu/Desktop/DesktopFile/MPSL/lab5/5-1/LinkerScript.ld" -Wl,-Map=output.map -Wl,--gc-sections -o "5-1.elf" @"objects.list"   -lm
Finished building target: 5-1.elf
 
/Library/Developer/CommandLineTools/usr/bin/make --no-print-directory post-build
Generating binary and Printing size information:
arm-none-eabi-objcopy -O binary "5-1.elf" "5-1.bin"
arm-none-eabi-size "5-1.elf"
   text	   data	    bss	    dec	    hex	filename
   1304	   1088	   1088	   3480	    d98	5-1.elf
 
21:30:39 **** Incremental Build of configuration Debug for project 5-1 ****
make -j3 all 
make: Nothing to be done for `all'.
21:34:28 **** Incremental Build of configuration Debug for project 5-1 ****
make -j3 all 
Building file: ../src/main.c
Invoking: MCU GCC Compiler
/Users/samuelyu/Desktop/DesktopFile/MPSL/lab5/5-1/Debug
arm-none-eabi-gcc -mcpu=cortex-m4 -mthumb -mfloat-abi=hard -mfpu=fpv4-sp-d16 -DSTM32 -DSTM32L4 -DSTM32L476RGTx -DNUCLEO_L476RG -DDEBUG -I/Users/samuelyu/Desktop/DesktopFile/MPSL/lab5/5-1/inc -O0 -g3 -Wall -fmessage-length=0 -ffunction-sections -c -MMD -MP -MF"src/main.d" -MT"src/main.o" -o "src/main.o" "../src/main.c"
../src/main.c:26:6: warning: return type of 'main' is not 'int' [-Wmain]
 void main() {
      ^~~~
Finished building: ../src/main.c
 
Building target: 5-1.elf
Invoking: MCU GCC Linker
arm-none-eabi-gcc -mcpu=cortex-m4 -mthumb -mfloat-abi=hard -mfpu=fpv4-sp-d16 -T"/Users/samuelyu/Desktop/DesktopFile/MPSL/lab5/5-1/LinkerScript.ld" -Wl,-Map=output.map -Wl,--gc-sections -o "5-1.elf" @"objects.list"   -lm
Finished building target: 5-1.elf
 
/Library/Developer/CommandLineTools/usr/bin/make --no-print-directory post-build
Generating binary and Printing size information:
arm-none-eabi-objcopy -O binary "5-1.elf" "5-1.bin"
arm-none-eabi-size "5-1.elf"
   text	   data	    bss	    dec	    hex	filename
   1304	   1088	   1088	   3480	    d98	5-1.elf
 
21:37:20 **** Incremental Build of configuration Debug for project 5-1 ****
make -j3 all 
Building file: ../src/main.c
Invoking: MCU GCC Compiler
/Users/samuelyu/Desktop/DesktopFile/MPSL/lab5/5-1/Debug
arm-none-eabi-gcc -mcpu=cortex-m4 -mthumb -mfloat-abi=hard -mfpu=fpv4-sp-d16 -DSTM32 -DSTM32L4 -DSTM32L476RGTx -DNUCLEO_L476RG -DDEBUG -I/Users/samuelyu/Desktop/DesktopFile/MPSL/lab5/5-1/inc -O0 -g3 -Wall -fmessage-length=0 -ffunction-sections -c -MMD -MP -MF"src/main.d" -MT"src/main.o" -o "src/main.o" "../src/main.c"
../src/main.c:26:6: warning: return type of 'main' is not 'int' [-Wmain]
 void main() {
      ^~~~
Finished building: ../src/main.c
 
Building target: 5-1.elf
Invoking: MCU GCC Linker
arm-none-eabi-gcc -mcpu=cortex-m4 -mthumb -mfloat-abi=hard -mfpu=fpv4-sp-d16 -T"/Users/samuelyu/Desktop/DesktopFile/MPSL/lab5/5-1/LinkerScript.ld" -Wl,-Map=output.map -Wl,--gc-sections -o "5-1.elf" @"objects.list"   -lm
Finished building target: 5-1.elf
 
/Library/Developer/CommandLineTools/usr/bin/make --no-print-directory post-build
Generating binary and Printing size information:
arm-none-eabi-objcopy -O binary "5-1.elf" "5-1.bin"
arm-none-eabi-size "5-1.elf"
   text	   data	    bss	    dec	    hex	filename
   1296	   1088	   1088	   3472	    d90	5-1.elf
 
21:37:21 **** Incremental Build of configuration Debug for project 5-1 ****
make -j3 all 
make: Nothing to be done for `all'.
21:37:31 **** Incremental Build of configuration Debug for project 5-1 ****
make -j3 all 
make: Nothing to be done for `all'.
21:37:35 **** Incremental Build of configuration Debug for project 5-1 ****
make -j3 all 
make: Nothing to be done for `all'.
21:39:54 **** Incremental Build of configuration Debug for project 5-1 ****
make -j3 all 
Building file: ../src/main.c
Invoking: MCU GCC Compiler
/Users/samuelyu/Desktop/DesktopFile/MPSL/lab5/5-1/Debug
arm-none-eabi-gcc -mcpu=cortex-m4 -mthumb -mfloat-abi=hard -mfpu=fpv4-sp-d16 -DSTM32 -DSTM32L4 -DSTM32L476RGTx -DNUCLEO_L476RG -DDEBUG -I/Users/samuelyu/Desktop/DesktopFile/MPSL/lab5/5-1/inc -O0 -g3 -Wall -fmessage-length=0 -ffunction-sections -c -MMD -MP -MF"src/main.d" -MT"src/main.o" -o "src/main.o" "../src/main.c"
../src/main.c:26:6: warning: return type of 'main' is not 'int' [-Wmain]
 void main() {
      ^~~~
Finished building: ../src/main.c
 
Building target: 5-1.elf
Invoking: MCU GCC Linker
arm-none-eabi-gcc -mcpu=cortex-m4 -mthumb -mfloat-abi=hard -mfpu=fpv4-sp-d16 -T"/Users/samuelyu/Desktop/DesktopFile/MPSL/lab5/5-1/LinkerScript.ld" -Wl,-Map=output.map -Wl,--gc-sections -o "5-1.elf" @"objects.list"   -lm
Finished building target: 5-1.elf
 
/Library/Developer/CommandLineTools/usr/bin/make --no-print-directory post-build
Generating binary and Printing size information:
arm-none-eabi-objcopy -O binary "5-1.elf" "5-1.bin"
arm-none-eabi-size "5-1.elf"
   text	   data	    bss	    dec	    hex	filename
   1288	   1088	   1088	   3464	    d88	5-1.elf
 
21:39:57 **** Incremental Build of configuration Debug for project 5-1 ****
make -j3 all 
make: Nothing to be done for `all'.
21:41:27 **** Incremental Build of configuration Debug for project 5-1 ****
make -j3 all 
Building file: ../src/func.s
Invoking: MCU GCC Assembler
/Users/samuelyu/Desktop/DesktopFile/MPSL/lab5/5-1/Debug
arm-none-eabi-as -mcpu=cortex-m4 -mthumb -mfloat-abi=hard -mfpu=fpv4-sp-d16 -g -o "src/func.o" "../src/func.s"
Finished building: ../src/func.s
 
Building target: 5-1.elf
Invoking: MCU GCC Linker
arm-none-eabi-gcc -mcpu=cortex-m4 -mthumb -mfloat-abi=hard -mfpu=fpv4-sp-d16 -T"/Users/samuelyu/Desktop/DesktopFile/MPSL/lab5/5-1/LinkerScript.ld" -Wl,-Map=output.map -Wl,--gc-sections -o "5-1.elf" @"objects.list"   -lm
Finished building target: 5-1.elf
 
/Library/Developer/CommandLineTools/usr/bin/make --no-print-directory post-build
Generating binary and Printing size information:
arm-none-eabi-objcopy -O binary "5-1.elf" "5-1.bin"
arm-none-eabi-size "5-1.elf"
   text	   data	    bss	    dec	    hex	filename
   1296	   1088	   1088	   3472	    d90	5-1.elf
 
21:41:30 **** Incremental Build of configuration Debug for project 5-1 ****
make -j3 all 
make: Nothing to be done for `all'.
21:42:33 **** Incremental Build of configuration Debug for project 5-1 ****
make -j3 all 
Building file: ../src/main.c
Invoking: MCU GCC Compiler
/Users/samuelyu/Desktop/DesktopFile/MPSL/lab5/5-1/Debug
arm-none-eabi-gcc -mcpu=cortex-m4 -mthumb -mfloat-abi=hard -mfpu=fpv4-sp-d16 -DSTM32 -DSTM32L4 -DSTM32L476RGTx -DNUCLEO_L476RG -DDEBUG -I/Users/samuelyu/Desktop/DesktopFile/MPSL/lab5/5-1/inc -O0 -g3 -Wall -fmessage-length=0 -ffunction-sections -c -MMD -MP -MF"src/main.d" -MT"src/main.o" -o "src/main.o" "../src/main.c"
../src/main.c:19:6: warning: return type of 'main' is not 'int' [-Wmain]
 void main() {
      ^~~~
Finished building: ../src/main.c
 
Building target: 5-1.elf
Invoking: MCU GCC Linker
arm-none-eabi-gcc -mcpu=cortex-m4 -mthumb -mfloat-abi=hard -mfpu=fpv4-sp-d16 -T"/Users/samuelyu/Desktop/DesktopFile/MPSL/lab5/5-1/LinkerScript.ld" -Wl,-Map=output.map -Wl,--gc-sections -o "5-1.elf" @"objects.list"   -lm
Finished building target: 5-1.elf
 
/Library/Developer/CommandLineTools/usr/bin/make --no-print-directory post-build
Generating binary and Printing size information:
arm-none-eabi-objcopy -O binary "5-1.elf" "5-1.bin"
arm-none-eabi-size "5-1.elf"
   text	   data	    bss	    dec	    hex	filename
   1248	   1088	   1088	   3424	    d60	5-1.elf
 
21:42:35 **** Incremental Build of configuration Debug for project 5-1 ****
make -j3 all 
make: Nothing to be done for `all'.
21:43:00 **** Incremental Build of configuration Debug for project 5-1 ****
make -j3 all 
Building file: ../src/main.c
Invoking: MCU GCC Compiler
/Users/samuelyu/Desktop/DesktopFile/MPSL/lab5/5-1/Debug
arm-none-eabi-gcc -mcpu=cortex-m4 -mthumb -mfloat-abi=hard -mfpu=fpv4-sp-d16 -DSTM32 -DSTM32L4 -DSTM32L476RGTx -DNUCLEO_L476RG -DDEBUG -I/Users/samuelyu/Desktop/DesktopFile/MPSL/lab5/5-1/inc -O0 -g3 -Wall -fmessage-length=0 -ffunction-sections -c -MMD -MP -MF"src/main.d" -MT"src/main.o" -o "src/main.o" "../src/main.c"
../src/main.c:19:6: warning: return type of 'main' is not 'int' [-Wmain]
 void main() {
      ^~~~
Finished building: ../src/main.c
 
Building target: 5-1.elf
Invoking: MCU GCC Linker
arm-none-eabi-gcc -mcpu=cortex-m4 -mthumb -mfloat-abi=hard -mfpu=fpv4-sp-d16 -T"/Users/samuelyu/Desktop/DesktopFile/MPSL/lab5/5-1/LinkerScript.ld" -Wl,-Map=output.map -Wl,--gc-sections -o "5-1.elf" @"objects.list"   -lm
Finished building target: 5-1.elf
 
/Library/Developer/CommandLineTools/usr/bin/make --no-print-directory post-build
Generating binary and Printing size information:
arm-none-eabi-objcopy -O binary "5-1.elf" "5-1.bin"
arm-none-eabi-size "5-1.elf"
   text	   data	    bss	    dec	    hex	filename
   1248	   1088	   1088	   3424	    d60	5-1.elf
 
21:43:03 **** Incremental Build of configuration Debug for project 5-1 ****
make -j3 all 
make: Nothing to be done for `all'.
23:07:50 **** Incremental Build of configuration Debug for project 5-1 ****
make -j3 all 
make: Nothing to be done for `all'.
23:07:50 **** Build of configuration Debug for project 5-2 ****
make -j3 all 
Building file: ../startup/startup_stm32.s
Building file: ../startup/sysmem.c
Invoking: MCU GCC Assembler
Invoking: MCU GCC Compiler
/Users/samuelyu/Desktop/DesktopFile/MPSL/lab5/5-2/Debug
arm-none-eabi-as -mcpu=cortex-m4 -mthumb -mfloat-abi=hard -mfpu=fpv4-sp-d16 -g -o "startup/startup_stm32.o" "../startup/startup_stm32.s"
/Users/samuelyu/Desktop/DesktopFile/MPSL/lab5/5-2/Debug
arm-none-eabi-gcc -mcpu=cortex-m4 -mthumb -mfloat-abi=hard -mfpu=fpv4-sp-d16 -DSTM32 -DSTM32L4 -DSTM32L476RGTx -DNUCLEO_L476RG -DDEBUG -I/Users/samuelyu/Desktop/DesktopFile/MPSL/lab5/5-2/inc -O0 -g3 -Wall -fmessage-length=0 -ffunction-sections -c -MMD -MP -MF"startup/sysmem.d" -MT"startup/sysmem.o" -o "startup/sysmem.o" "../startup/sysmem.c"
Building file: ../src/func.s
Invoking: MCU GCC Assembler
/Users/samuelyu/Desktop/DesktopFile/MPSL/lab5/5-2/Debug
arm-none-eabi-as -mcpu=cortex-m4 -mthumb -mfloat-abi=hard -mfpu=fpv4-sp-d16 -g -o "src/func.o" "../src/func.s"
Finished building: ../src/func.s
Finished building: ../startup/startup_stm32.s
 
 
Building file: ../src/main.c
Invoking: MCU GCC Compiler
/Users/samuelyu/Desktop/DesktopFile/MPSL/lab5/5-2/Debug
arm-none-eabi-gcc -mcpu=cortex-m4 -mthumb -mfloat-abi=hard -mfpu=fpv4-sp-d16 -DSTM32 -DSTM32L4 -DSTM32L476RGTx -DNUCLEO_L476RG -DDEBUG -I/Users/samuelyu/Desktop/DesktopFile/MPSL/lab5/5-2/inc -O0 -g3 -Wall -fmessage-length=0 -ffunction-sections -c -MMD -MP -MF"src/main.d" -MT"src/main.o" -o "src/main.o" "../src/main.c"
../src/main.c:24:1: error: expected ',' or ';' before 'extern'
 extern void GPIO_init();
 ^~~~~~
../src/main.c: In function 'keypad_scan':
../src/main.c:84:6: warning: implicit declaration of function 'display' [-Wimplicit-function-declaration]
      display(Table[j][i]);
      ^~~~~~~
../src/main.c: At top level:
../src/main.c:103:6: warning: return type of 'main' is not 'int' [-Wmain]
 void main() {
      ^~~~
../src/main.c: In function 'main':
../src/main.c:105:2: warning: implicit declaration of function 'GPIO_init'; did you mean 'GPIOF_BASE'? [-Wimplicit-function-declaration]
[...]
Finished building target: 5-3.elf
 
/Library/Developer/CommandLineTools/usr/bin/make --no-print-directory post-build
Generating binary and Printing size information:
arm-none-eabi-objcopy -O binary "5-3.elf" "5-3.bin"
arm-none-eabi-size "5-3.elf"
   text	   data	    bss	    dec	    hex	filename
   2336	   1088	   1088	   4512	   11a0	5-3.elf
 
18:44:50 **** Incremental Build of configuration Debug for project 5-3 ****
make -j3 all 
make: Nothing to be done for `all'.
18:57:19 **** Incremental Build of configuration Debug for project 5-1 ****
make -j3 all 
make: Nothing to be done for `all'.
18:57:20 **** Incremental Build of configuration Debug for project 5-2 ****
make -j3 all 
make: Nothing to be done for `all'.
18:57:20 **** Incremental Build of configuration Debug for project 5-3 ****
make -j3 all 
Building file: ../src/func.s
Building file: ../src/main.c
Invoking: MCU GCC Assembler
Invoking: MCU GCC Compiler
/Users/samuelyu/Desktop/DesktopFile/MPSL/lab5/5-3/Debug
arm-none-eabi-as -mcpu=cortex-m4 -mthumb -mfloat-abi=hard -mfpu=fpv4-sp-d16 -g -o "src/func.o" "../src/func.s"
/Users/samuelyu/Desktop/DesktopFile/MPSL/lab5/5-3/Debug
arm-none-eabi-gcc -mcpu=cortex-m4 -mthumb -mfloat-abi=hard -mfpu=fpv4-sp-d16 -DSTM32 -DSTM32L4 -DSTM32L476RGTx -DNUCLEO_L476RG -DDEBUG -I/Users/samuelyu/Desktop/DesktopFile/MPSL/lab5/5-3/inc -O0 -g3 -Wall -fmessage-length=0 -ffunction-sections -c -MMD -MP -MF"src/main.d" -MT"src/main.o" -o "src/main.o" "../src/main.c"
Finished building: ../src/func.s
 
../src/main.c: In function 'ct':
../src/main.c:101:2: warning: implicit declaration of function 'dis' [-Wimplicit-function-declaration]
  dis(a+b);
  ^~~
../src/main.c: In function 'keypad_scan':
../src/main.c:197:6: warning: implicit declaration of function 'display' [-Wimplicit-function-declaration]
      display(a);
      ^~~~~~~
../src/main.c: At top level:
../src/main.c:255:6: warning: return type of 'main' is not 'int' [-Wmain]
 void main() {
      ^~~~
../src/main.c: In function 'dis':
../src/main.c:253:1: warning: control reaches end of non-void function [-Wreturn-type]
 }
 ^
Finished building: ../src/main.c
 
Building target: 5-3.elf
Invoking: MCU GCC Linker
arm-none-eabi-gcc -mcpu=cortex-m4 -mthumb -mfloat-abi=hard -mfpu=fpv4-sp-d16 -T"/Users/samuelyu/Desktop/DesktopFile/MPSL/lab5/5-3/LinkerScript.ld" -Wl,-Map=output.map -Wl,--gc-sections -o "5-3.elf" @"objects.list"   -lm
Finished building target: 5-3.elf
 
/Library/Developer/CommandLineTools/usr/bin/make --no-print-directory post-build
Generating binary and Printing size information:
arm-none-eabi-objcopy -O binary "5-3.elf" "5-3.bin"
arm-none-eabi-size "5-3.elf"
   text	   data	    bss	    dec	    hex	filename
   2680	   1088	   1088	   4856	   12f8	5-3.elf
 
18:57:22 **** Incremental Build of configuration Debug for project 5-3 ****
make -j3 all 
make: Nothing to be done for `all'.
19:02:07 **** Incremental Build of configuration Debug for project 5-1 ****
make -j3 all 
make: Nothing to be done for `all'.
19:02:07 **** Incremental Build of configuration Debug for project 5-2 ****
make -j3 all 
make: Nothing to be done for `all'.
19:02:07 **** Incremental Build of configuration Debug for project 5-3 ****
make -j3 all 
Building file: ../src/main.c
Invoking: MCU GCC Compiler
/Users/samuelyu/Desktop/DesktopFile/MPSL/lab5/5-3/Debug
arm-none-eabi-gcc -mcpu=cortex-m4 -mthumb -mfloat-abi=hard -mfpu=fpv4-sp-d16 -DSTM32 -DSTM32L4 -DSTM32L476RGTx -DNUCLEO_L476RG -DDEBUG -I/Users/samuelyu/Desktop/DesktopFile/MPSL/lab5/5-3/inc -O0 -g3 -Wall -fmessage-length=0 -ffunction-sections -c -MMD -MP -MF"src/main.d" -MT"src/main.o" -o "src/main.o" "../src/main.c"
../src/main.c: In function 'ct':
../src/main.c:101:2: warning: implicit declaration of function 'dis' [-Wimplicit-function-declaration]
  dis(a+b);
  ^~~
../src/main.c: In function 'keypad_scan':
../src/main.c:207:6: warning: implicit declaration of function 'display' [-Wimplicit-function-declaration]
      display(a);
      ^~~~~~~
../src/main.c: At top level:
../src/main.c:265:6: warning: return type of 'main' is not 'int' [-Wmain]
 void main() {
      ^~~~
../src/main.c: In function 'dis':
../src/main.c:263:1: warning: control reaches end of non-void function [-Wreturn-type]
 }
 ^
Finished building: ../src/main.c
 
Building target: 5-3.elf
Invoking: MCU GCC Linker
arm-none-eabi-gcc -mcpu=cortex-m4 -mthumb -mfloat-abi=hard -mfpu=fpv4-sp-d16 -T"/Users/samuelyu/Desktop/DesktopFile/MPSL/lab5/5-3/LinkerScript.ld" -Wl,-Map=output.map -Wl,--gc-sections -o "5-3.elf" @"objects.list"   -lm
Finished building target: 5-3.elf
 
/Library/Developer/CommandLineTools/usr/bin/make --no-print-directory post-build
Generating binary and Printing size information:
arm-none-eabi-objcopy -O binary "5-3.elf" "5-3.bin"
arm-none-eabi-size "5-3.elf"
   text	   data	    bss	    dec	    hex	filename
   2752	   1088	   1088	   4928	   1340	5-3.elf
 
19:02:10 **** Incremental Build of configuration Debug for project 5-3 ****
make -j3 all 
make: Nothing to be done for `all'.
19:04:55 **** Incremental Build of configuration Debug for project 5-1 ****
make -j3 all 
make: Nothing to be done for `all'.
19:04:55 **** Incremental Build of configuration Debug for project 5-2 ****
make -j3 all 
make: Nothing to be done for `all'.
19:04:55 **** Incremental Build of configuration Debug for project 5-3 ****
make -j3 all 
Building file: ../src/main.c
Invoking: MCU GCC Compiler
/Users/samuelyu/Desktop/DesktopFile/MPSL/lab5/5-3/Debug
arm-none-eabi-gcc -mcpu=cortex-m4 -mthumb -mfloat-abi=hard -mfpu=fpv4-sp-d16 -DSTM32 -DSTM32L4 -DSTM32L476RGTx -DNUCLEO_L476RG -DDEBUG -I/Users/samuelyu/Desktop/DesktopFile/MPSL/lab5/5-3/inc -O0 -g3 -Wall -fmessage-length=0 -ffunction-sections -c -MMD -MP -MF"src/main.d" -MT"src/main.o" -o "src/main.o" "../src/main.c"
../src/main.c: In function 'ct':
../src/main.c:101:2: warning: implicit declaration of function 'dis' [-Wimplicit-function-declaration]
  dis(a+b);
  ^~~
../src/main.c: In function 'keypad_scan':
../src/main.c:194:6: warning: implicit declaration of function 'display' [-Wimplicit-function-declaration]
      display(a);
      ^~~~~~~
../src/main.c: At top level:
../src/main.c:265:6: warning: return type of 'main' is not 'int' [-Wmain]
 void main() {
      ^~~~
../src/main.c: In function 'dis':
../src/main.c:263:1: warning: control reaches end of non-void function [-Wreturn-type]
 }
 ^
Finished building: ../src/main.c
 
Building target: 5-3.elf
Invoking: MCU GCC Linker
arm-none-eabi-gcc -mcpu=cortex-m4 -mthumb -mfloat-abi=hard -mfpu=fpv4-sp-d16 -T"/Users/samuelyu/Desktop/DesktopFile/MPSL/lab5/5-3/LinkerScript.ld" -Wl,-Map=output.map -Wl,--gc-sections -o "5-3.elf" @"objects.list"   -lm
Finished building target: 5-3.elf
 
/Library/Developer/CommandLineTools/usr/bin/make --no-print-directory post-build
Generating binary and Printing size information:
arm-none-eabi-objcopy -O binary "5-3.elf" "5-3.bin"
arm-none-eabi-size "5-3.elf"
   text	   data	    bss	    dec	    hex	filename
   2352	   1088	   1088	   4528	   11b0	5-3.elf
 
19:04:58 **** Incremental Build of configuration Debug for project 5-3 ****
make -j3 all 
make: Nothing to be done for `all'.
19:13:49 **** Incremental Build of configuration Debug for project 5-1 ****
make -j3 all 
make: Nothing to be done for `all'.
19:13:50 **** Incremental Build of configuration Debug for project 5-2 ****
make -j3 all 
make: Nothing to be done for `all'.
19:13:50 **** Incremental Build of configuration Debug for project 5-3 ****
make -j3 all 
Building file: ../src/main.c
Invoking: MCU GCC Compiler
/Users/samuelyu/Desktop/DesktopFile/MPSL/lab5/5-3/Debug
arm-none-eabi-gcc -mcpu=cortex-m4 -mthumb -mfloat-abi=hard -mfpu=fpv4-sp-d16 -DSTM32 -DSTM32L4 -DSTM32L476RGTx -DNUCLEO_L476RG -DDEBUG -I/Users/samuelyu/Desktop/DesktopFile/MPSL/lab5/5-3/inc -O0 -g3 -Wall -fmessage-length=0 -ffunction-sections -c -MMD -MP -MF"src/main.d" -MT"src/main.o" -o "src/main.o" "../src/main.c"
../src/main.c: In function 'ct':
../src/main.c:98:3: warning: implicit declaration of function 'display' [-Wimplicit-function-declaration]
   display(a);
   ^~~~~~~
../src/main.c:106:2: warning: implicit declaration of function 'dis' [-Wimplicit-function-declaration]
  dis(a+b);
  ^~~
../src/main.c: At top level:
../src/main.c:273:6: warning: return type of 'main' is not 'int' [-Wmain]
 void main() {
      ^~~~
../src/main.c: In function 'dis':
../src/main.c:271:1: warning: control reaches end of non-void function [-Wreturn-type]
 }
 ^
Finished building: ../src/main.c
 
Building target: 5-3.elf
Invoking: MCU GCC Linker
arm-none-eabi-gcc -mcpu=cortex-m4 -mthumb -mfloat-abi=hard -mfpu=fpv4-sp-d16 -T"/Users/samuelyu/Desktop/DesktopFile/MPSL/lab5/5-3/LinkerScript.ld" -Wl,-Map=output.map -Wl,--gc-sections -o "5-3.elf" @"objects.list"   -lm
Finished building target: 5-3.elf
 
/Library/Developer/CommandLineTools/usr/bin/make --no-print-directory post-build
Generating binary and Printing size information:
arm-none-eabi-objcopy -O binary "5-3.elf" "5-3.bin"
arm-none-eabi-size "5-3.elf"
   text	   data	    bss	    dec	    hex	filename
   2760	   1088	   1096	   4944	   1350	5-3.elf
 
19:13:51 **** Incremental Build of configuration Debug for project 5-3 ****
make -j3 all 
make: Nothing to be done for `all'.
19:14:52 **** Incremental Build of configuration Debug for project 5-1 ****
make -j3 all 
make: Nothing to be done for `all'.
19:14:53 **** Incremental Build of configuration Debug for project 5-2 ****
make -j3 all 
make: Nothing to be done for `all'.
19:14:53 **** Incremental Build of configuration Debug for project 5-3 ****
make -j3 all 
Building file: ../src/main.c
Invoking: MCU GCC Compiler
/Users/samuelyu/Desktop/DesktopFile/MPSL/lab5/5-3/Debug
arm-none-eabi-gcc -mcpu=cortex-m4 -mthumb -mfloat-abi=hard -mfpu=fpv4-sp-d16 -DSTM32 -DSTM32L4 -DSTM32L476RGTx -DNUCLEO_L476RG -DDEBUG -I/Users/samuelyu/Desktop/DesktopFile/MPSL/lab5/5-3/inc -O0 -g3 -Wall -fmessage-length=0 -ffunction-sections -c -MMD -MP -MF"src/main.d" -MT"src/main.o" -o "src/main.o" "../src/main.c"
../src/main.c: In function 'ct':
../src/main.c:98:3: warning: implicit declaration of function 'display' [-Wimplicit-function-declaration]
   display(a);
   ^~~~~~~
../src/main.c:106:2: warning: implicit declaration of function 'dis' [-Wimplicit-function-declaration]
  dis(a+b);
  ^~~
../src/main.c: At top level:
../src/main.c:278:6: warning: return type of 'main' is not 'int' [-Wmain]
 void main() {
      ^~~~
../src/main.c: In function 'dis':
../src/main.c:276:1: warning: control reaches end of non-void function [-Wreturn-type]
 }
 ^
Finished building: ../src/main.c
 
Building target: 5-3.elf
Invoking: MCU GCC Linker
arm-none-eabi-gcc -mcpu=cortex-m4 -mthumb -mfloat-abi=hard -mfpu=fpv4-sp-d16 -T"/Users/samuelyu/Desktop/DesktopFile/MPSL/lab5/5-3/LinkerScript.ld" -Wl,-Map=output.map -Wl,--gc-sections -o "5-3.elf" @"objects.list"   -lm
Finished building target: 5-3.elf
 
/Library/Developer/CommandLineTools/usr/bin/make --no-print-directory post-build
Generating binary and Printing size information:
arm-none-eabi-objcopy -O binary "5-3.elf" "5-3.bin"
arm-none-eabi-size "5-3.elf"
   text	   data	    bss	    dec	    hex	filename
   2408	   1088	   1096	   4592	   11f0	5-3.elf
 
19:14:54 **** Incremental Build of configuration Debug for project 5-3 ****
make -j3 all 
make: Nothing to be done for `all'.
19:28:11 **** Incremental Build of configuration Debug for project 5-1 ****
make -j3 all 
make: Nothing to be done for `all'.
19:28:11 **** Incremental Build of configuration Debug for project 5-2 ****
make -j3 all 
make: Nothing to be done for `all'.
19:28:12 **** Incremental Build of configuration Debug for project 5-3 ****
make -j3 all 
make: Nothing to be done for `all'.
19:28:15 **** Incremental Build of configuration Debug for project 5-1 ****
make -j3 all 
make: Nothing to be done for `all'.
19:29:43 **** Incremental Build of configuration Debug for project 5-1 ****
make -j3 all 
Building file: ../src/main.c
Invoking: MCU GCC Compiler
/Users/samuelyu/Desktop/DesktopFile/MPSL/lab5/5-1/Debug
arm-none-eabi-gcc -mcpu=cortex-m4 -mthumb -mfloat-abi=hard -mfpu=fpv4-sp-d16 -DSTM32 -DSTM32L4 -DSTM32L476RGTx -DNUCLEO_L476RG -DDEBUG -I/Users/samuelyu/Desktop/DesktopFile/MPSL/lab5/5-1/inc -O0 -g3 -Wall -fmessage-length=0 -ffunction-sections -c -MMD -MP -MF"src/main.d" -MT"src/main.o" -o "src/main.o" "../src/main.c"
../src/main.c:21:6: warning: return type of 'main' is not 'int' [-Wmain]
 void main() {
      ^~~~
Finished building: ../src/main.c
 
Building target: 5-1.elf
Invoking: MCU GCC Linker
arm-none-eabi-gcc -mcpu=cortex-m4 -mthumb -mfloat-abi=hard -mfpu=fpv4-sp-d16 -T"/Users/samuelyu/Desktop/DesktopFile/MPSL/lab5/5-1/LinkerScript.ld" -Wl,-Map=output.map -Wl,--gc-sections -o "5-1.elf" @"objects.list"   -lm
Finished building target: 5-1.elf
 
/Library/Developer/CommandLineTools/usr/bin/make --no-print-directory post-build
Generating binary and Printing size information:
arm-none-eabi-objcopy -O binary "5-1.elf" "5-1.bin"
arm-none-eabi-size "5-1.elf"
   text	   data	    bss	    dec	    hex	filename
   1264	   1088	   1088	   3440	    d70	5-1.elf
 
19:29:44 **** Incremental Build of configuration Debug for project 5-2 ****
make -j3 all 
make: Nothing to be done for `all'.
19:29:44 **** Incremental Build of configuration Debug for project 5-3 ****
make -j3 all 
make: Nothing to be done for `all'.
19:29:45 **** Incremental Build of configuration Debug for project 5-1 ****
make -j3 all 
make: Nothing to be done for `all'.
19:29:51 **** Incremental Build of configuration Debug for project 5-1 ****
make -j3 all 
make: Nothing to be done for `all'.
19:47:05 **** Incremental Build of configuration Debug for project 5-1 ****
make -j3 all 
make: Nothing to be done for `all'.
19:47:45 **** Incremental Build of configuration Debug for project 5-1 ****
make -j3 all 
make: Nothing to be done for `all'.
19:47:45 **** Incremental Build of configuration Debug for project 5-2 ****
make -j3 all 
make: Nothing to be done for `all'.
19:47:45 **** Incremental Build of configuration Debug for project 5-3 ****
make -j3 all 
make: Nothing to be done for `all'.
19:47:50 **** Incremental Build of configuration Debug for project 5-1 ****
make -j3 all 
make: Nothing to be done for `all'.
19:47:59 **** Incremental Build of configuration Debug for project 5-1 ****
make -j3 all 
make: Nothing to be done for `all'.
19:47:59 **** Incremental Build of configuration Debug for project 5-2 ****
make -j3 all 
make: Nothing to be done for `all'.
19:47:59 **** Incremental Build of configuration Debug for project 5-3 ****
make -j3 all 
make: Nothing to be done for `all'.
19:48:05 **** Incremental Build of configuration Debug for project 5-1 ****
make -j3 all 
make: Nothing to be done for `all'.
19:48:05 **** Incremental Build of configuration Debug for project 5-2 ****
make -j3 all 
make: Nothing to be done for `all'.
19:48:05 **** Incremental Build of configuration Debug for project 5-3 ****
make -j3 all 
make: Nothing to be done for `all'.
19:48:08 **** Incremental Build of configuration Debug for project 5-2 ****
make -j3 all 
make: Nothing to be done for `all'.
19:49:23 **** Incremental Build of configuration Debug for project 5-1 ****
make -j3 all 
make: Nothing to be done for `all'.
19:49:23 **** Incremental Build of configuration Debug for project 5-2 ****
make -j3 all 
make: Nothing to be done for `all'.
19:49:23 **** Incremental Build of configuration Debug for project 5-3 ****
make -j3 all 
make: Nothing to be done for `all'.
19:49:26 **** Incremental Build of configuration Debug for project 5-3 ****
make -j3 all 
make: Nothing to be done for `all'.
19:52:16 **** Incremental Build of configuration Debug for project 5-1 ****
make -j3 all 
make: Nothing to be done for `all'.
19:52:16 **** Incremental Build of configuration Debug for project 5-2 ****
make -j3 all 
make: Nothing to be done for `all'.
19:52:16 **** Incremental Build of configuration Debug for project 5-3 ****
make -j3 all 
Building file: ../src/main.c
Invoking: MCU GCC Compiler
/Users/samuelyu/Desktop/DesktopFile/MPSL/lab5/5-3/Debug
arm-none-eabi-gcc -mcpu=cortex-m4 -mthumb -mfloat-abi=hard -mfpu=fpv4-sp-d16 -DSTM32 -DSTM32L4 -DSTM32L476RGTx -DNUCLEO_L476RG -DDEBUG -I/Users/samuelyu/Desktop/DesktopFile/MPSL/lab5/5-3/inc -O0 -g3 -Wall -fmessage-length=0 -ffunction-sections -c -MMD -MP -MF"src/main.d" -MT"src/main.o" -o "src/main.o" "../src/main.c"
../src/main.c: In function 'ct':
../src/main.c:98:3: warning: implicit declaration of function 'display' [-Wimplicit-function-declaration]
   display(a);
   ^~~~~~~
../src/main.c:106:2: warning: implicit declaration of function 'dis' [-Wimplicit-function-declaration]
  dis(a+b);
  ^~~
../src/main.c: At top level:
../src/main.c:278:6: warning: return type of 'main' is not 'int' [-Wmain]
 void main() {
      ^~~~
../src/main.c: In function 'dis':
../src/main.c:276:1: warning: control reaches end of non-void function [-Wreturn-type]
 }
 ^
Finished building: ../src/main.c
 
Building target: 5-3.elf
Invoking: MCU GCC Linker
arm-none-eabi-gcc -mcpu=cortex-m4 -mthumb -mfloat-abi=hard -mfpu=fpv4-sp-d16 -T"/Users/samuelyu/Desktop/DesktopFile/MPSL/lab5/5-3/LinkerScript.ld" -Wl,-Map=output.map -Wl,--gc-sections -o "5-3.elf" @"objects.list"   -lm
Finished building target: 5-3.elf
 
/Library/Developer/CommandLineTools/usr/bin/make --no-print-directory post-build
Generating binary and Printing size information:
arm-none-eabi-objcopy -O binary "5-3.elf" "5-3.bin"
arm-none-eabi-size "5-3.elf"
   text	   data	    bss	    dec	    hex	filename
   2760	   1088	   1096	   4944	   1350	5-3.elf
 
19:52:18 **** Incremental Build of configuration Debug for project 5-3 ****
make -j3 all 
make: Nothing to be done for `all'.
19:53:37 **** Incremental Build of configuration Debug for project 5-1 ****
make -j3 all 
make: Nothing to be done for `all'.
19:53:37 **** Incremental Build of configuration Debug for project 5-2 ****
make -j3 all 
make: Nothing to be done for `all'.
19:53:37 **** Incremental Build of configuration Debug for project 5-3 ****
make -j3 all 
Building file: ../src/main.c
Invoking: MCU GCC Compiler
/Users/samuelyu/Desktop/DesktopFile/MPSL/lab5/5-3/Debug
arm-none-eabi-gcc -mcpu=cortex-m4 -mthumb -mfloat-abi=hard -mfpu=fpv4-sp-d16 -DSTM32 -DSTM32L4 -DSTM32L476RGTx -DNUCLEO_L476RG -DDEBUG -I/Users/samuelyu/Desktop/DesktopFile/MPSL/lab5/5-3/inc -O0 -g3 -Wall -fmessage-length=0 -ffunction-sections -c -MMD -MP -MF"src/main.d" -MT"src/main.o" -o "src/main.o" "../src/main.c"
../src/main.c: In function 'ct':
../src/main.c:98:3: warning: implicit declaration of function 'display' [-Wimplicit-function-declaration]
   display(a);
   ^~~~~~~
../src/main.c:106:2: warning: implicit declaration of function 'dis' [-Wimplicit-function-declaration]
  dis(a+b);
  ^~~
../src/main.c: At top level:
../src/main.c:278:6: warning: return type of 'main' is not 'int' [-Wmain]
 void main() {
      ^~~~
../src/main.c: In function 'dis':
../src/main.c:276:1: warning: control reaches end of non-void function [-Wreturn-type]
 }
 ^
Finished building: ../src/main.c
 
Building target: 5-3.elf
Invoking: MCU GCC Linker
arm-none-eabi-gcc -mcpu=cortex-m4 -mthumb -mfloat-abi=hard -mfpu=fpv4-sp-d16 -T"/Users/samuelyu/Desktop/DesktopFile/MPSL/lab5/5-3/LinkerScript.ld" -Wl,-Map=output.map -Wl,--gc-sections -o "5-3.elf" @"objects.list"   -lm
Finished building target: 5-3.elf
 
/Library/Developer/CommandLineTools/usr/bin/make --no-print-directory post-build
Generating binary and Printing size information:
arm-none-eabi-objcopy -O binary "5-3.elf" "5-3.bin"
arm-none-eabi-size "5-3.elf"
   text	   data	    bss	    dec	    hex	filename
   2760	   1088	   1096	   4944	   1350	5-3.elf
 
19:53:40 **** Incremental Build of configuration Debug for project 5-3 ****
make -j3 all 
make: Nothing to be done for `all'.
